Component: ARM Compiler 5.06 update 3 (build 300) Tool: armlink [4d35c9]

==============================================================================

Section Cross References

    startup_stm32l151xba.o(RESET) refers to startup_stm32l151xba.o(STACK) for __initial_sp
    startup_stm32l151xba.o(RESET) refers to startup_stm32l151xba.o(.text) for Reset_Handler
    startup_stm32l151xba.o(RESET) refers to stm32l1xx_it.o(i.NMI_Handler) for NMI_Handler
    startup_stm32l151xba.o(RESET) refers to stm32l1xx_it.o(i.HardFault_Handler) for HardFault_Handler
    startup_stm32l151xba.o(RESET) refers to stm32l1xx_it.o(i.MemManage_Handler) for MemManage_Handler
    startup_stm32l151xba.o(RESET) refers to stm32l1xx_it.o(i.BusFault_Handler) for BusFault_Handler
    startup_stm32l151xba.o(RESET) refers to stm32l1xx_it.o(i.UsageFault_Handler) for UsageFault_Handler
    startup_stm32l151xba.o(RESET) refers to port.o(.emb_text) for SVC_Handler
    startup_stm32l151xba.o(RESET) refers to stm32l1xx_it.o(i.DebugMon_Handler) for DebugMon_Handler
    startup_stm32l151xba.o(RESET) refers to stm32l1xx_it.o(i.SysTick_Handler) for SysTick_Handler
    startup_stm32l151xba.o(RESET) refers to stm32l1xx_it.o(i.DMA1_Channel2_IRQHandler) for DMA1_Channel2_IRQHandler
    startup_stm32l151xba.o(RESET) refers to stm32l1xx_it.o(i.DMA1_Channel3_IRQHandler) for DMA1_Channel3_IRQHandler
    startup_stm32l151xba.o(RESET) refers to stm32l1xx_it.o(i.DMA1_Channel5_IRQHandler) for DMA1_Channel5_IRQHandler
    startup_stm32l151xba.o(RESET) refers to stm32l1xx_it.o(i.DMA1_Channel6_IRQHandler) for DMA1_Channel6_IRQHandler
    startup_stm32l151xba.o(RESET) refers to stm32l1xx_it.o(i.DMA1_Channel7_IRQHandler) for DMA1_Channel7_IRQHandler
    startup_stm32l151xba.o(RESET) refers to stm32l1xx_it.o(i.TIM2_IRQHandler) for TIM2_IRQHandler
    startup_stm32l151xba.o(RESET) refers to stm32l1xx_it.o(i.USART1_IRQHandler) for USART1_IRQHandler
    startup_stm32l151xba.o(RESET) refers to stm32l1xx_it.o(i.USART2_IRQHandler) for USART2_IRQHandler
    startup_stm32l151xba.o(RESET) refers to stm32l1xx_it.o(i.USART3_IRQHandler) for USART3_IRQHandler
    startup_stm32l151xba.o(.text) refers to system_stm32l1xx.o(i.SystemInit) for SystemInit
    startup_stm32l151xba.o(.text) refers to entry.o(.ARM.Collect$$$$00000000) for __main
    system_stm32l1xx.o(i.SystemCoreClockUpdate) refers to system_stm32l1xx.o(.data) for SystemCoreClock
    system_stm32l1xx.o(i.SystemCoreClockUpdate) refers to system_stm32l1xx.o(.constdata) for PLLMulTable
    application.o(i.application_start) refers to uart-core.o(i.uart_core_read_task_create) for uart_core_read_task_create
    application.o(i.application_start) refers to task_state.o(i.create_state_task) for create_state_task
    application.o(i.application_start) refers to console.o(i.console_task_create) for console_task_create
    console.o(i.console_commond_register) refers to console.o(.data) for flag
    console.o(i.console_commond_register) refers to console.o(.bss) for console
    console.o(i.console_read_call_back) refers to printf5.o(i.__0printf$5) for __2printf
    console.o(i.console_task_create) refers to memcpya.o(.text) for __aeabi_memcpy4
    console.o(i.console_task_create) refers to cmsis_os.o(i.osThreadCreate) for osThreadCreate
    console.o(i.console_task_create) refers to printf5.o(i.__0printf$5) for __2printf
    console.o(i.console_task_create) refers to console.o(i.register_help_commond) for register_help_commond
    console.o(i.console_task_create) refers to console.o(.constdata) for .constdata
    console.o(i.console_task_create) refers to console.o(.bss) for console
    console.o(i.console_task_function) refers to uart-core.o(i.uart_get_handle) for uart_get_handle
    console.o(i.console_task_function) refers to printf5.o(i.__0printf$5) for __2printf
    console.o(i.console_task_function) refers to tasks.o(i.vTaskDelete) for vTaskDelete
    console.o(i.console_task_function) refers to uart-core.o(i.uart_core_read_register) for uart_core_read_register
    console.o(i.console_task_function) refers to queue.o(i.xQueueCreateMutex) for xQueueCreateMutex
    console.o(i.console_task_function) refers to queue.o(i.xQueueGenericReceive) for xQueueGenericReceive
    console.o(i.console_task_function) refers to tasks.o(i.vTaskSuspend) for vTaskSuspend
    console.o(i.console_task_function) refers to console.o(i.parsing_console_string) for parsing_console_string
    console.o(i.console_task_function) refers to console.o(.bss) for console
    console.o(i.console_task_function) refers to console.o(i.console_read_call_back) for console_read_call_back
    console.o(i.parsing_console_string) refers to console.o(.bss) for console
    console.o(i.register_help_commond) refers to console.o(i.console_commond_register) for console_commond_register
    console.o(i.register_help_commond) refers to printf5.o(i.__0printf$5) for __2printf
    console.o(i.register_help_commond) refers to console.o(i.help_function) for help_function
[...]
    i.HAL_GetTick                            0x0800079c   Section        0  stm32l1xx_hal.o(i.HAL_GetTick)
    i.HAL_IncTick                            0x080007a8   Section        0  stm32l1xx_hal.o(i.HAL_IncTick)
    i.HAL_Init                               0x080007b8   Section        0  stm32l1xx_hal.o(i.HAL_Init)
    i.HAL_InitTick                           0x080007d0   Section        0  stm32l1xx_hal_timebase_tim.o(i.HAL_InitTick)
    i.HAL_MspInit                            0x08000854   Section        0  stm32l1xx_hal_msp.o(i.HAL_MspInit)
    i.HAL_NVIC_EnableIRQ                     0x08000904   Section        0  stm32l1xx_hal_cortex.o(i.HAL_NVIC_EnableIRQ)
    i.HAL_NVIC_SetPriority                   0x0800091e   Section        0  stm32l1xx_hal_cortex.o(i.HAL_NVIC_SetPriority)
    i.HAL_NVIC_SetPriorityGrouping           0x0800099c   Section        0  stm32l1xx_hal_cortex.o(i.HAL_NVIC_SetPriorityGrouping)
    i.HAL_RCC_ClockConfig                    0x080009c4   Section        0  stm32l1xx_hal_rcc.o(i.HAL_RCC_ClockConfig)
    i.HAL_RCC_GetClockConfig                 0x08000cac   Section        0  stm32l1xx_hal_rcc.o(i.HAL_RCC_GetClockConfig)
    i.HAL_RCC_GetHCLKFreq                    0x08000cf0   Section        0  stm32l1xx_hal_rcc.o(i.HAL_RCC_GetHCLKFreq)
    i.HAL_RCC_GetPCLK1Freq                   0x08000cfc   Section        0  stm32l1xx_hal_rcc.o(i.HAL_RCC_GetPCLK1Freq)
    i.HAL_RCC_GetPCLK2Freq                   0x08000d28   Section        0  stm32l1xx_hal_rcc.o(i.HAL_RCC_GetPCLK2Freq)
    i.HAL_RCC_GetSysClockFreq                0x08000d54   Section        0  stm32l1xx_hal_rcc.o(i.HAL_RCC_GetSysClockFreq)
    i.HAL_RCC_OscConfig                      0x08000e08   Section        0  stm32l1xx_hal_rcc.o(i.HAL_RCC_OscConfig)
    i.HAL_SYSTICK_CLKSourceConfig            0x080017c4   Section        0  stm32l1xx_hal_cortex.o(i.HAL_SYSTICK_CLKSourceConfig)
    i.HAL_SYSTICK_Config                     0x080017ec   Section        0  stm32l1xx_hal_cortex.o(i.HAL_SYSTICK_Config)
    i.HAL_TIM_Base_Init                      0x08001820   Section        0  stm32l1xx_hal_tim.o(i.HAL_TIM_Base_Init)
    i.HAL_TIM_Base_MspInit                   0x08001854   Section        0  stm32l1xx_hal_tim.o(i.HAL_TIM_Base_MspInit)
    i.HAL_TIM_Base_Start_IT                  0x08001856   Section        0  stm32l1xx_hal_tim.o(i.HAL_TIM_Base_Start_IT)
    i.HAL_TIM_IC_CaptureCallback             0x08001874   Section        0  stm32l1xx_hal_tim.o(i.HAL_TIM_IC_CaptureCallback)
    i.HAL_TIM_IRQHandler                     0x08001876   Section        0  stm32l1xx_hal_tim.o(i.HAL_TIM_IRQHandler)
    i.HAL_TIM_OC_DelayElapsedCallback        0x080019c8   Section        0  stm32l1xx_hal_tim.o(i.HAL_TIM_OC_DelayElapsedCallback)
    i.HAL_TIM_PWM_PulseFinishedCallback      0x080019ca   Section        0  stm32l1xx_hal_tim.o(i.HAL_TIM_PWM_PulseFinishedCallback)
    i.HAL_TIM_PeriodElapsedCallback          0x080019cc   Section        0  main.o(i.HAL_TIM_PeriodElapsedCallback)
    i.HAL_TIM_TriggerCallback                0x080019de   Section        0  stm32l1xx_hal_tim.o(i.HAL_TIM_TriggerCallback)
    i.HAL_UART_DMAStop                       0x080019e0   Section        0  stm32l1xx_hal_uart.o(i.HAL_UART_DMAStop)
    i.HAL_UART_ErrorCallback                 0x08001a0e   Section        0  uart-core.o(i.HAL_UART_ErrorCallback)
    i.HAL_UART_IRQHandler                    0x08001a10   Section        0  stm32l1xx_hal_uart.o(i.HAL_UART_IRQHandler)
    i.HAL_UART_Init                          0x08001b04   Section        0  stm32l1xx_hal_uart.o(i.HAL_UART_Init)
    i.HAL_UART_MspInit                       0x08001b74   Section        0  stm32l1xx_hal_msp.o(i.HAL_UART_MspInit)
    i.HAL_UART_Receive_DMA                   0x08001de0   Section        0  stm32l1xx_hal_uart.o(i.HAL_UART_Receive_DMA)
    i.HAL_UART_Receive_Frame_DMA             0x08001e80   Section        0  stm32l1xx_hal_uart.o(i.HAL_UART_Receive_Frame_DMA)
    i.HAL_UART_RxCpltCallback                0x08001eaa   Section        0  uart-core.o(i.HAL_UART_RxCpltCallback)
    i.HAL_UART_RxHalfCpltCallback            0x08001eac   Section        0  uart-core.o(i.HAL_UART_RxHalfCpltCallback)
    i.HAL_UART_Rx_FrameCpltCallback          0x08001eb0   Section        0  uart-core.o(i.HAL_UART_Rx_FrameCpltCallback)
    i.HAL_UART_Transmit                      0x08001f5c   Section        0  stm32l1xx_hal_uart.o(i.HAL_UART_Transmit)
    i.HAL_UART_TxCpltCallback                0x0800204c   Section        0  uart-core.o(i.HAL_UART_TxCpltCallback)
    i.HardFault_Handler                      0x0800204e   Section        0  stm32l1xx_it.o(i.HardFault_Handler)
    i.MX_DMA_Init                            0x08002054   Section        0  main.o(i.MX_DMA_Init)
    MX_DMA_Init                              0x08002055   Thumb Code   160  main.o(i.MX_DMA_Init)
    i.MX_GPIO_Init                           0x08002110   Section        0  main.o(i.MX_GPIO_Init)
    MX_GPIO_Init                             0x08002111   Thumb Code   146  main.o(i.MX_GPIO_Init)
    i.MX_USART1_UART_Init                    0x080021ac   Section        0  main.o(i.MX_USART1_UART_Init)
    MX_USART1_UART_Init                      0x080021ad   Thumb Code    50  main.o(i.MX_USART1_UART_Init)
    i.MX_USART2_UART_Init                    0x080021f8   Section        0  main.o(i.MX_USART2_UART_Init)
    MX_USART2_UART_Init                      0x080021f9   Thumb Code    52  main.o(i.MX_USART2_UART_Init)
    i.MX_USART3_UART_Init                    0x08002244   Section        0  main.o(i.MX_USART3_UART_Init)
    MX_USART3_UART_Init                      0x08002245   Thumb Code    52  main.o(i.MX_USART3_UART_Init)
    i.MemManage_Handler                      0x08002290   Section        0  stm32l1xx_it.o(i.MemManage_Handler)
    i.NMI_Handler                            0x08002294   Section        0  stm32l1xx_it.o(i.NMI_Handler)
    i.NVIC_GetPriorityGrouping               0x08002298   Section        0  stm32l1xx_hal_cortex.o(i.NVIC_GetPriorityGrouping)
    NVIC_GetPriorityGrouping                 0x08002299   Thumb Code    10  stm32l1xx_hal_cortex.o(i.NVIC_GetPriorityGrouping)
    i.NVIC_SetPriority                       0x080022a8   Section        0  stm32l1xx_hal_cortex.o(i.NVIC_SetPriority)
    NVIC_SetPriority                         0x080022a9   Thumb Code    32  stm32l1xx_hal_cortex.o(i.NVIC_SetPriority)
    i.RCC_SetFlashLatencyFromMSIRange        0x080022d0   Section        0  stm32l1xx_hal_rcc.o(i.RCC_SetFlashLatencyFromMSIRange)
    RCC_SetFlashLatencyFromMSIRange          0x080022d1   Thumb Code   158  stm32l1xx_hal_rcc.o(i.RCC_SetFlashLatencyFromMSIRange)
    i.StartDefaultTask                       0x0800237c   Section        0  main.o(i.StartDefaultTask)
    i.SysTick_Handler                        0x08002388   Section        0  stm32l1xx_it.o(i.SysTick_Handler)
    i.SystemClock_Config                     0x08002390   Section        0  main.o(i.SystemClock_Config)
    i.SystemInit                             0x08002428   Section        0  system_stm32l1xx.o(i.SystemInit)
    i.TIM2_IRQHandler                        0x0800248c   Section        0  stm32l1xx_it.o(i.TIM2_IRQHandler)
    i.TIM_Base_SetConfig                     0x0800249c   Section        0  stm32l1xx_hal_tim.o(i.TIM_Base_SetConfig)
    TIM_Base_SetConfig                       0x0800249d   Thumb Code    90  stm32l1xx_hal_tim.o(i.TIM_Base_SetConfig)
    i.UART_DMAError                          0x0800250c   Section        0  stm32l1xx_hal_uart.o(i.UART_DMAError)
    UART_DMAError                            0x0800250d   Thumb Code    56  stm32l1xx_hal_uart.o(i.UART_DMAError)
    i.UART_DMAReceiveCplt                    0x08002544   Section        0  stm32l1xx_hal_uart.o(i.UART_DMAReceiveCplt)
    UART_DMAReceiveCplt                      0x08002545   Thumb Code    62  stm32l1xx_hal_uart.o(i.UART_DMAReceiveCplt)
    i.UART_DMARxHalfCplt                     0x08002582   Section        0  stm32l1xx_hal_uart.o(i.UART_DMARxHalfCplt)
    UART_DMARxHalfCplt                       0x08002583   Thumb Code    14  stm32l1xx_hal_uart.o(i.UART_DMARxHalfCplt)
    i.UART_EndTransmit_IT                    0x08002590   Section        0  stm32l1xx_hal_uart.o(i.UART_EndTransmit_IT)
    UART_EndTransmit_IT                      0x08002591   Thumb Code    48  stm32l1xx_hal_uart.o(i.UART_EndTransmit_IT)
    i.UART_Receive_IT                        0x080025c0   Section        0  stm32l1xx_hal_uart.o(i.UART_Receive_IT)
    UART_Receive_IT                          0x080025c1   Thumb Code   188  stm32l1xx_hal_uart.o(i.UART_Receive_IT)
    i.UART_SetConfig                         0x0800267c   Section        0  stm32l1xx_hal_uart.o(i.UART_SetConfig)
    UART_SetConfig                           0x0800267d   Thumb Code   850  stm32l1xx_hal_uart.o(i.UART_SetConfig)
    i.UART_Transmit_IT                       0x080029d4   Section        0  stm32l1xx_hal_uart.o(i.UART_Transmit_IT)
    UART_Transmit_IT                         0x080029d5   Thumb Code   112  stm32l1xx_hal_uart.o(i.UART_Transmit_IT)
    i.UART_WaitOnFlagUntilTimeout            0x08002a44   Section        0  stm32l1xx_hal_uart.o(i.UART_WaitOnFlagUntilTimeout)
    UART_WaitOnFlagUntilTimeout              0x08002a45   Thumb Code   250  stm32l1xx_hal_uart.o(i.UART_WaitOnFlagUntilTimeout)
    i.USART1_IRQHandler                      0x08002b40   Section        0  stm32l1xx_it.o(i.USART1_IRQHandler)
    i.USART2_IRQHandler                      0x08002b50   Section        0  stm32l1xx_it.o(i.USART2_IRQHandler)
    i.USART3_IRQHandler                      0x08002b60   Section        0  stm32l1xx_it.o(i.USART3_IRQHandler)
    i.UsageFault_Handler                     0x08002b70   Section        0  stm32l1xx_it.o(i.UsageFault_Handler)
    i.UsartReceive_IDLE_IT                   0x08002b74   Section        0  stm32l1xx_hal_uart.o(i.UsartReceive_IDLE_IT)
    UsartReceive_IDLE_IT                     0x08002b75   Thumb Code   230  stm32l1xx_hal_uart.o(i.UsartReceive_IDLE_IT)
    i._Error_Handler                         0x08002c5a   Section        0  main.o(i._Error_Handler)
    i.__0printf$5                            0x08002c60   Section        0  printf5.o(i.__0printf$5)
    i.__0sprintf$5                           0x08002c80   Section        0  printf5.o(i.__0sprintf$5)
    i.__scatterload_copy                     0x08002ca8   Section       14  handlers.o(i.__scatterload_copy)
    i.__scatterload_null                     0x08002cb6   Section        2  handlers.o(i.__scatterload_null)
    i.__scatterload_zeroinit                 0x08002cb8   Section       14  handlers.o(i.__scatterload_zeroinit)
    i._printf_core                           0x08002cc8   Section        0  printf5.o(i._printf_core)
    _printf_core                             0x08002cc9   Thumb Code   658  printf5.o(i._printf_core)
    i._sputc                                 0x08002f88   Section        0  printf5.o(i._sputc)
    _sputc                                   0x08002f89   Thumb Code    10  printf5.o(i._sputc)
    i.application_start                      0x08002f92   Section        0  application.o(i.application_start)
    i.console_commond_register               0x08002fa4   Section        0  console.o(i.console_commond_register)
    i.console_read_call_back                 0x0800306c   Section        0  console.o(i.console_read_call_back)
    i.console_task_create                    0x080030a0   Section        0  console.o(i.console_task_create)
    i.console_task_function                  0x0800312c   Section        0  console.o(i.console_task_function)
    i.create_state_task                      0x080032e0   Section        0  task_state.o(i.create_state_task)
    i.eTaskGetState                          0x08003358   Section        0  tasks.o(i.eTaskGetState)
    i.fputc                                  0x080033dc   Section        0  print.o(i.fputc)
    i.help_function                          0x080033f4   Section        0  console.o(i.help_function)
    i.main                                   0x080033f8   Section        0  main.o(i.main)
    i.makeFreeRtosPriority                   0x08003440   Section        0  cmsis_os.o(i.makeFreeRtosPriority)
    makeFreeRtosPriority                     0x08003441   Thumb Code    14  cmsis_os.o(i.makeFreeRtosPriority)
    i.osDelay                                0x0800344e   Section        0  cmsis_os.o(i.osDelay)
    i.osKernelStart                          0x08003466   Section        0  cmsis_os.o(i.osKernelStart)
    i.osSystickHandler                       0x08003470   Section        0  cmsis_os.o(i.osSystickHandler)
    i.osThreadCreate                         0x08003480   Section        0  cmsis_os.o(i.osThreadCreate)
    i.parsing_console_string                 0x080034b0   Section        0  console.o(i.parsing_console_string)
    i.prvAddCurrentTaskToDelayedList         0x080034cc   Section        0  tasks.o(i.prvAddCurrentTaskToDelayedList)
    prvAddCurrentTaskToDelayedList           0x080034cd   Thumb Code   124  tasks.o(i.prvAddCurrentTaskToDelayedList)
    i.prvAddNewTaskToReadyList               0x08003564   Section        0  tasks.o(i.prvAddNewTaskToReadyList)
    prvAddNewTaskToReadyList                 0x08003565   Thumb Code   156  tasks.o(i.prvAddNewTaskToReadyList)
    i.prvCheckForValidListAndQueue           0x0800361c   Section        0  timers.o(i.prvCheckForValidListAndQueue)
    prvCheckForValidListAndQueue             0x0800361d   Thumb Code    72  timers.o(i.prvCheckForValidListAndQueue)
    i.prvCheckTasksWaitingTermination        0x08003680   Section        0  tasks.o(i.prvCheckTasksWaitingTermination)
    prvCheckTasksWaitingTermination          0x08003681   Thumb Code    86  tasks.o(i.prvCheckTasksWaitingTermination)
    i.prvCopyDataFromQueue                   0x080036e4   Section        0  queue.o(i.prvCopyDataFromQueue)
    prvCopyDataFromQueue                     0x080036e5   Thumb Code    42  queue.o(i.prvCopyDataFromQueue)
    i.prvCopyDataToQueue                     0x0800370e   Section        0  queue.o(i.prvCopyDataToQueue)
    prvCopyDataToQueue                       0x0800370f   Thumb Code   124  queue.o(i.prvCopyDataToQueue)
    i.prvDeleteTCB                           0x0800378a   Section        0  tasks.o(i.prvDeleteTCB)
    prvDeleteTCB                             0x0800378b   Thumb Code    18  tasks.o(i.prvDeleteTCB)
    i.prvGetNextExpireTime                   0x0800379c   Section        0  timers.o(i.prvGetNextExpireTime)
    prvGetNextExpireTime                     0x0800379d   Thumb Code    36  timers.o(i.prvGetNextExpireTime)
    i.prvHeapInit                            0x080037c4   Section        0  heap_4.o(i.prvHeapInit)
    prvHeapInit                              0x080037c5   Thumb Code    98  heap_4.o(i.prvHeapInit)
    i.prvIdleTask                            0x08003840   Section        0  tasks.o(i.prvIdleTask)
    prvIdleTask                              0x08003841   Thumb Code    32  tasks.o(i.prvIdleTask)
    i.prvInitialiseMutex                     0x08003868   Section        0  queue.o(i.prvInitialiseMutex)
    prvInitialiseMutex                       0x08003869   Thumb Code    28  queue.o(i.prvInitialiseMutex)
    i.prvInitialiseNewQueue                  0x08003884   Section        0  queue.o(i.prvInitialiseNewQueue)
    prvInitialiseNewQueue                    0x08003885   Thumb Code    42  queue.o(i.prvInitialiseNewQueue)
    i.prvInitialiseNewTask                   0x080038ae   Section        0  tasks.o(i.prvInitialiseNewTask)
    prvInitialiseNewTask                     0x080038af   Thumb Code   182  tasks.o(i.prvInitialiseNewTask)
    i.prvInitialiseTaskLists                 0x08003964   Section        0  tasks.o(i.prvInitialiseTaskLists)
    prvInitialiseTaskLists                   0x08003965   Thumb Code    70  tasks.o(i.prvInitialiseTaskLists)
    i.prvInsertBlockIntoFreeList             0x080039cc   Section        0  heap_4.o(i.prvInsertBlockIntoFreeList)
    prvInsertBlockIntoFreeList               0x080039cd   Thumb Code    96  heap_4.o(i.prvInsertBlockIntoFreeList)
    i.prvInsertTimerInActiveList             0x08003a34   Section        0  timers.o(i.prvInsertTimerInActiveList)
    prvInsertTimerInActiveList               0x08003a35   Thumb Code    80  timers.o(i.prvInsertTimerInActiveList)
    i.prvIsQueueEmpty                        0x08003a8c   Section        0  queue.o(i.prvIsQueueEmpty)
    prvIsQueueEmpty                          0x08003a8d   Thumb Code    26  queue.o(i.prvIsQueueEmpty)
    i.prvIsQueueFull                         0x08003aa6   Section        0  queue.o(i.prvIsQueueFull)
    prvIsQueueFull                           0x08003aa7   Thumb Code    30  queue.o(i.prvIsQueueFull)
    i.prvListTasksWithinSingleList           0x08003ac4   Section        0  tasks.o(i.prvListTasksWithinSingleList)
    prvListTasksWithinSingleList             0x08003ac5   Thumb Code   106  tasks.o(i.prvListTasksWithinSingleList)
    i.prvProcessExpiredTimer                 0x08003b30   Section        0  timers.o(i.prvProcessExpiredTimer)
    prvProcessExpiredTimer                   0x08003b31   Thumb Code    94  timers.o(i.prvProcessExpiredTimer)
    i.prvProcessReceivedCommands             0x08003b94   Section        0  timers.o(i.prvProcessReceivedCommands)
    prvProcessReceivedCommands               0x08003b95   Thumb Code   286  timers.o(i.prvProcessReceivedCommands)
    i.prvProcessTimerOrBlockTask             0x08003cb8   Section        0  timers.o(i.prvProcessTimerOrBlockTask)
    prvProcessTimerOrBlockTask               0x08003cb9   Thumb Code   102  timers.o(i.prvProcessTimerOrBlockTask)
    i.prvResetNextTaskUnblockTime            0x08003d2c   Section        0  tasks.o(i.prvResetNextTaskUnblockTime)
    prvResetNextTaskUnblockTime              0x08003d2d   Thumb Code    42  tasks.o(i.prvResetNextTaskUnblockTime)
    i.prvSampleTimeNow                       0x08003d60   Section        0  timers.o(i.prvSampleTimeNow)
    prvSampleTimeNow                         0x08003d61   Thumb Code    40  timers.o(i.prvSampleTimeNow)
    i.prvSwitchTimerLists                    0x08003d8c   Section        0  timers.o(i.prvSwitchTimerLists)
    prvSwitchTimerLists                      0x08003d8d   Thumb Code   150  timers.o(i.prvSwitchTimerLists)
    i.prvTaskCheckFreeStackSpace             0x08003e2c   Section        0  tasks.o(i.prvTaskCheckFreeStackSpace)
    prvTaskCheckFreeStackSpace               0x08003e2d   Thumb Code    22  tasks.o(i.prvTaskCheckFreeStackSpace)
    i.prvTaskExitError                       0x08003e44   Section        0  port.o(i.prvTaskExitError)
    prvTaskExitError                         0x08003e45   Thumb Code    60  port.o(i.prvTaskExitError)
    i.prvTestWaitCondition                   0x08003e84   Section        0  event_groups.o(i.prvTestWaitCondition)
    prvTestWaitCondition                     0x08003e85   Thumb Code    30  event_groups.o(i.prvTestWaitCondition)
    i.prvTimerTask                           0x08003ea2   Section        0  timers.o(i.prvTimerTask)
    prvTimerTask                             0x08003ea3   Thumb Code    26  timers.o(i.prvTimerTask)
    i.prvUnlockQueue                         0x08003ebc   Section        0  queue.o(i.prvUnlockQueue)
    prvUnlockQueue                           0x08003ebd   Thumb Code   126  queue.o(i.prvUnlockQueue)
    i.prvWriteNameToBuffer                   0x08003f3a   Section        0  tasks.o(i.prvWriteNameToBuffer)
    prvWriteNameToBuffer                     0x08003f3b   Thumb Code    42  tasks.o(i.prvWriteNameToBuffer)
    i.pvPortMalloc                           0x08003f64   Section        0  heap_4.o(i.pvPortMalloc)
    i.pvTaskIncrementMutexHeldCount          0x080040a0   Section        0  tasks.o(i.pvTaskIncrementMutexHeldCount)
    i.pxPortInitialiseStack                  0x080040c0   Section        0  port.o(i.pxPortInitialiseStack)
    i.register_help_commond                  0x080040e4   Section        0  console.o(i.register_help_commond)
    register_help_commond                    0x080040e5   Thumb Code    28  console.o(i.register_help_commond)
    i.task_state_function                    0x08004140   Section        0  task_state.o(i.task_state_function)
    i.uart_core_read_register                0x08004178   Section        0  uart-core.o(i.uart_core_read_register)
    i.uart_core_read_task_create             0x080042a8   Section        0  uart-core.o(i.uart_core_read_task_create)
    i.uart_core_read_task_function           0x080043a0   Section        0  uart-core.o(i.uart_core_read_task_function)
    i.uart_get_handle                        0x080044a8   Section        0  uart-core.o(i.uart_get_handle)
    i.uart_read_one_frame_data               0x080044fc   Section        0  uart-core.o(i.uart_read_one_frame_data)
    i.uxListRemove                           0x08004574   Section        0  list.o(i.uxListRemove)
    i.uxTaskGetSystemState                   0x0800459c   Section        0  tasks.o(i.uxTaskGetSystemState)
    i.uxTaskResetEventItemValue              0x08004654   Section        0  tasks.o(i.uxTaskResetEventItemValue)
    i.vEventGroupSetBitsCallback             0x08004670   Section        0  event_groups.o(i.vEventGroupSetBitsCallback)
    i.vListInitialise                        0x08004680   Section        0  list.o(i.vListInitialise)
    i.vListInitialiseItem                    0x0800469a   Section        0  list.o(i.vListInitialiseItem)
    i.vListInsert                            0x080046a0   Section        0  list.o(i.vListInsert)
    i.vListInsertEnd                         0x080046d4   Section        0  list.o(i.vListInsertEnd)
    i.vPortEnterCritical                     0x080046ec   Section        0  port.o(i.vPortEnterCritical)
    i.vPortExitCritical                      0x08004740   Section        0  port.o(i.vPortExitCritical)
    i.vPortFree                              0x0800477c   Section        0  heap_4.o(i.vPortFree)
    i.vPortSetupTimerInterrupt               0x08004810   Section        0  port.o(i.vPortSetupTimerInterrupt)
    i.vPortValidateInterruptPriority         0x08004830   Section        0  port.o(i.vPortValidateInterruptPriority)
    i.vQueueAddToRegistry                    0x080048a8   Section        0  queue.o(i.vQueueAddToRegistry)
    i.vQueueWaitForMessageRestricted         0x080048d4   Section        0  queue.o(i.vQueueWaitForMessageRestricted)
    i.vTaskDelay                             0x08004920   Section        0  tasks.o(i.vTaskDelay)
    i.vTaskDelete                            0x0800497c   Section        0  tasks.o(i.vTaskDelete)
    i.vTaskGetInfo                           0x08004a70   Section        0  tasks.o(i.vTaskGetInfo)
    i.vTaskGetRunTimeStats                   0x08004ae8   Section        0  tasks.o(i.vTaskGetRunTimeStats)
    i.vTaskList                              0x08004bbc   Section        0  tasks.o(i.vTaskList)
    i.vTaskMissedYield                       0x08004c9c   Section        0  tasks.o(i.vTaskMissedYield)
    i.vTaskPlaceOnEventList                  0x08004ca8   Section        0  tasks.o(i.vTaskPlaceOnEventList)
    i.vTaskPlaceOnEventListRestricted        0x08004ce0   Section        0  tasks.o(i.vTaskPlaceOnEventListRestricted)
    i.vTaskPlaceOnUnorderedEventList         0x08004d20   Section        0  tasks.o(i.vTaskPlaceOnUnorderedEventList)
    i.vTaskPriorityInherit                   0x08004d8c   Section        0  tasks.o(i.vTaskPriorityInherit)
    i.vTaskSetTimeOutState                   0x08004e3c   Section        0  tasks.o(i.vTaskSetTimeOutState)
    i.vTaskStartScheduler                    0x08004e6c   Section        0  tasks.o(i.vTaskStartScheduler)
    i.vTaskSuspend                           0x08004f08   Section        0  tasks.o(i.vTaskSuspend)
    i.vTaskSuspendAll                        0x08004fec   Section        0  tasks.o(i.vTaskSuspendAll)
    i.vTaskSwitchContext                     0x08004ffc   Section        0  tasks.o(i.vTaskSwitchContext)
    i.xEventGroupClearBits                   0x080050c8   Section        0  event_groups.o(i.xEventGroupClearBits)
    i.xEventGroupCreate                      0x08005124   Section        0  event_groups.o(i.xEventGroupCreate)
    i.xEventGroupSetBits                     0x0800513e   Section        0  event_groups.o(i.xEventGroupSetBits)
    i.xEventGroupSetBitsFromISR              0x0800520c   Section        0  event_groups.o(i.xEventGroupSetBitsFromISR)
    i.xEventGroupWaitBits                    0x08005230   Section        0  event_groups.o(i.xEventGroupWaitBits)
    i.xPortStartScheduler                    0x08005384   Section        0  port.o(i.xPortStartScheduler)
    i.xPortSysTickHandler                    0x08005424   Section        0  port.o(i.xPortSysTickHandler)
    i.xQueueCreateMutex                      0x08005458   Section        0  queue.o(i.xQueueCreateMutex)
    i.xQueueGenericCreate                    0x0800547a   Section        0  queue.o(i.xQueueGenericCreate)
    i.xQueueGenericReceive                   0x080054d4   Section        0  queue.o(i.xQueueGenericReceive)
    i.xQueueGenericReset                     0x08005698   Section        0  queue.o(i.xQueueGenericReset)
    i.xQueueGenericSend                      0x08005730   Section        0  queue.o(i.xQueueGenericSend)
    i.xQueueGenericSendFromISR               0x080058d8   Section        0  queue.o(i.xQueueGenericSendFromISR)
    i.xTaskCheckForTimeOut                   0x080059d0   Section        0  tasks.o(i.xTaskCheckForTimeOut)
    i.xTaskCreate                            0x08005a5c   Section        0  tasks.o(i.xTaskCreate)
    i.xTaskGetSchedulerState                 0x08005abc   Section        0  tasks.o(i.xTaskGetSchedulerState)
    i.xTaskGetTickCount                      0x08005adc   Section        0  tasks.o(i.xTaskGetTickCount)
    i.xTaskIncrementTick                     0x08005ae8   Section        0  tasks.o(i.xTaskIncrementTick)
    i.xTaskPriorityDisinherit                0x08005c30   Section        0  tasks.o(i.xTaskPriorityDisinherit)
    i.xTaskRemoveFromEventList               0x08005cf8   Section        0  tasks.o(i.xTaskRemoveFromEventList)
    i.xTaskRemoveFromUnorderedEventList      0x08005d90   Section        0  tasks.o(i.xTaskRemoveFromUnorderedEventList)
    i.xTaskResumeAll                         0x08005e40   Section        0  tasks.o(i.xTaskResumeAll)
    i.xTimerCreateTimerTask                  0x08005f44   Section        0  timers.o(i.xTimerCreateTimerTask)
    i.xTimerGenericCommand                   0x08005f98   Section        0  timers.o(i.xTimerGenericCommand)
    i.xTimerPendFunctionCallFromISR          0x0800601c   Section        0  timers.o(i.xTimerPendFunctionCallFromISR)
    .constdata                               0x08006050   Section       33  system_stm32l1xx.o(.constdata)
    .constdata                               0x08006074   Section       20  console.o(.constdata)
    .constdata                               0x08006088   Section       20  task_state.o(.constdata)
    .constdata                               0x0800609c   Section       20  uart-core.o(.constdata)
    .constdata                               0x080060b0   Section       20  main.o(.constdata)
    .conststring                             0x080060c4   Section       13  console.o(.conststring)
    .conststring                             0x080060d4   Section       11  task_state.o(.conststring)
    .conststring                             0x080060e0   Section       10  uart-core.o(.conststring)
    .conststring                             0x080060ec   Section       12  main.o(.conststring)
    .data                                    0x20000000   Section        4  system_stm32l1xx.o(.data)
    .data                                    0x20000004   Section        1  console.o(.data)
    flag                                     0x20000004   Data           1  console.o(.data)
    .data                                    0x20000008   Section      112  uart-core.o(.data)
    uart_core_event_group                    0x20000074   Data           4  uart-core.o(.data)
    .data                                    0x20000078   Section        4  stm32l1xx_hal.o(.data)
    .data                                    0x2000007c   Section        4  main.o(.data)
    .data                                    0x20000080   Section       20  timers.o(.data)
    pxCurrentTimerList                       0x20000080   Data           4  timers.o(.data)
    pxOverflowTimerList                      0x20000084   Data           4  timers.o(.data)
    xTimerQueue                              0x20000088   Data           4  timers.o(.data)
    xTimerTaskHandle                         0x2000008c   Data           4  timers.o(.data)
    xLastTime                                0x20000090   Data           4  timers.o(.data)
    .data                                    0x20000094   Section       24  heap_4.o(.data)
    xStart                                   0x20000094   Data           8  heap_4.o(.data)
    pxEnd                                    0x2000009c   Data           4  heap_4.o(.data)
    xFreeBytesRemaining                      0x200000a0   Data           4  heap_4.o(.data)
    xMinimumEverFreeBytesRemaining           0x200000a4   Data           4  heap_4.o(.data)
    xBlockAllocatedBit                       0x200000a8   Data           4  heap_4.o(.data)
    .data                                    0x200000ac   Section       68  tasks.o(.data)
    pxDelayedTaskList                        0x200000b0   Data           4  tasks.o(.data)
    pxOverflowDelayedTaskList                0x200000b4   Data           4  tasks.o(.data)
    uxDeletedTasksWaitingCleanUp             0x200000b8   Data           4  tasks.o(.data)
    uxCurrentNumberOfTasks                   0x200000bc   Data           4  tasks.o(.data)
    xTickCount                               0x200000c0   Data           4  tasks.o(.data)
    uxTopReadyPriority                       0x200000c4   Data           4  tasks.o(.data)
    xSchedulerRunning                        0x200000c8   Data           4  tasks.o(.data)
    uxPendedTicks                            0x200000cc   Data           4  tasks.o(.data)
    xYieldPending                            0x200000d0   Data           4  tasks.o(.data)
    xNumOfOverflows                          0x200000d4   Data           4  tasks.o(.data)
    uxTaskNumber                             0x200000d8   Data           4  tasks.o(.data)
    xNextTaskUnblockTime                     0x200000dc   Data           4  tasks.o(.data)
    xIdleTaskHandle                          0x200000e0   Data           4  tasks.o(.data)
    uxSchedulerSuspended                     0x200000e4   Data           4  tasks.o(.data)
    ulTaskSwitchedInTime                     0x200000e8   Data           4  tasks.o(.data)
    ulTotalRunTime                           0x200000ec   Data           4  tasks.o(.data)
    .data                                    0x200000f0   Section       12  port.o(.data)
    uxCriticalNesting                        0x200000f0   Data           4  port.o(.data)
    ucMaxSysCallPriority                     0x200000f4   Data           1  port.o(.data)
    ulMaxPRIGROUPValue                       0x200000f8   Data           4  port.o(.data)
    .data                                    0x200000fc   Section        4  stdout.o(.data)
    .bss                                     0x20000100   Section      652  console.o(.bss)
    console                                  0x20000100   Data         652  console.o(.bss)
    .bss                                     0x2000038c   Section      300  uart-core.o(.bss)
    .bss                                     0x200004b8   Section      600  main.o(.bss)
    .bss                                     0x20000710   Section       56  stm32l1xx_hal_timebase_tim.o(.bss)
    .bss                                     0x20000748   Section       40  timers.o(.bss)
    xActiveTimerList1                        0x20000748   Data          20  timers.o(.bss)
    xActiveTimerList2                        0x2000075c   Data          20  timers.o(.bss)
    .bss                                     0x20000770   Section       64  queue.o(.bss)
    .bss                                     0x200007b0   Section     5120  heap_4.o(.bss)
    ucHeap                                   0x200007b0   Data        5120  heap_4.o(.bss)
    .bss                                     0x20001bb0   Section      240  tasks.o(.bss)
    pxReadyTasksLists                        0x20001bb0   Data         140  tasks.o(.bss)
    xDelayedTaskList1                        0x20001c3c   Data          20  tasks.o(.bss)
    xDelayedTaskList2                        0x20001c50   Data          20  tasks.o(.bss)
    xPendingReadyList                        0x20001c64   Data          20  tasks.o(.bss)
    xTasksWaitingTermination                 0x20001c78   Data          20  tasks.o(.bss)
    xSuspendedTaskList                       0x20001c8c   Data          20  tasks.o(.bss)
    STACK                                    0x20001ca0   Section     1024  startup_stm32l151xba.o(STACK)

    Global Symbols

    Symbol Name                              Value     Ov Type        Size  Object(Section)

    BuildAttributes$$THM_ISAv4$P$D$K$B$S$PE$A:L22UL41UL21$X:L11$S22US41US21$IEEE1$IW$USESV6$~STKCKD$USESV7$~SHL$OSPACE$ROPI$EBA8$MICROLIB$REQ8$PRES8$EABIv2 0x00000000   Number         0  anon$$obj.o ABSOLUTE
    __ARM_use_no_argv                        0x00000000   Number         0  main.o ABSOLUTE
    _printf_a                                0x00000000   Number         0  stubs.o ABSOLUTE
    _printf_c                                0x00000000   Number         0  stubs.o ABSOLUTE
    _printf_charcount                        0x00000000   Number         0  stubs.o ABSOLUTE
    _printf_d                                0x00000000   Number         0  stubs.o ABSOLUTE
    _printf_e                                0x00000000   Number         0  stubs.o ABSOLUTE
    _printf_f                                0x00000000   Number         0  stubs.o ABSOLUTE
    _printf_flags                            0x00000000   Number         0  stubs.o ABSOLUTE
    _printf_fp_dec                           0x00000000   Number         0  stubs.o ABSOLUTE
    _printf_fp_hex                           0x00000000   Number         0  stubs.o ABSOLUTE
    _printf_g                                0x00000000   Number         0  stubs.o ABSOLUTE
    _printf_i                                0x00000000   Number         0  stubs.o ABSOLUTE
    _printf_int_dec                          0x00000000   Number         0  stubs.o ABSOLUTE
    _printf_l                                0x00000000   Number         0  stubs.o ABSOLUTE
    _printf_lc                               0x00000000   Number         0  stubs.o ABSOLUTE
    _printf_ll                               0x00000000   Number         0  stubs.o ABSOLUTE
    _printf_lld                              0x00000000   Number         0  stubs.o ABSOLUTE
    _printf_lli                              0x00000000   Number         0  stubs.o ABSOLUTE
    _printf_llo                              0x00000000   Number         0  stubs.o ABSOLUTE
    _printf_llu                              0x00000000   Number         0  stubs.o ABSOLUTE
    _printf_llx                              0x00000000   Number         0  stubs.o ABSOLUTE
    _printf_longlong_dec                     0x00000000   Number         0  stubs.o ABSOLUTE
    _printf_longlong_hex                     0x00000000   Number         0  stubs.o ABSOLUTE
    _printf_longlong_oct                     0x00000000   Number         0  stubs.o ABSOLUTE
    _printf_ls                               0x00000000   Number         0  stubs.o ABSOLUTE
    _printf_mbtowc                           0x00000000   Number         0  stubs.o ABSOLUTE
    _printf_n                                0x00000000   Number         0  stubs.o ABSOLUTE
    _printf_o                                0x00000000   Number         0  stubs.o ABSOLUTE
    _printf_p                                0x00000000   Number         0  stubs.o ABSOLUTE
    _printf_percent                          0x00000000   Number         0  stubs.o ABSOLUTE
    _printf_pre_padding                      0x00000000   Number         0  stubs.o ABSOLUTE
    _printf_return_value                     0x00000000   Number         0  stubs.o ABSOLUTE
    _printf_s                                0x00000000   Number         0  stubs.o ABSOLUTE
    _printf_sizespec                         0x00000000   Number         0  stubs.o ABSOLUTE
    _printf_str                              0x00000000   Number         0  stubs.o ABSOLUTE
    _printf_truncate_signed                  0x00000000   Number         0  stubs.o ABSOLUTE
    _printf_truncate_unsigned                0x00000000   Number         0  stubs.o ABSOLUTE
    _printf_u                                0x00000000   Number         0  stubs.o ABSOLUTE
    _printf_wc                               0x00000000   Number         0  stubs.o ABSOLUTE
    _printf_wctomb                           0x00000000   Number         0  stubs.o ABSOLUTE
    _printf_widthprec                        0x00000000   Number         0  stubs.o ABSOLUTE
    _printf_x                                0x00000000   Number         0  stubs.o ABSOLUTE
    __cpp_initialize__aeabi_                  - Undefined Weak Reference
    __cxa_finalize                            - Undefined Weak Reference
    __decompress                              - Undefined Weak Reference
    _clock_init                               - Undefined Weak Reference
    _microlib_exit                            - Undefined Weak Reference
    __Vectors_Size                           0x000000f4   Number         0  startup_stm32l151xba.o ABSOLUTE
    __Vectors                                0x08000000   Data           4  startup_stm32l151xba.o(RESET)
    __Vectors_End                            0x080000f4   Data           0  startup_stm32l151xba.o(RESET)
    __main                                   0x080000f5   Thumb Code     0  entry.o(.ARM.Collect$$$$00000000)
    _main_stk                                0x080000f5   Thumb Code     0  entry2.o(.ARM.Collect$$$$00000001)
    _main_scatterload                        0x080000f9   Thumb Code     0  entry5.o(.ARM.Collect$$$$00000004)
    __main_after_scatterload                 0x080000fd   Thumb Code     0  entry5.o(.ARM.Collect$$$$00000004)
    _main_clock                              0x080000fd   Thumb Code     0  entry7b.o(.ARM.Collect$$$$00000008)
    _main_cpp_init                           0x080000fd   Thumb Code     0  entry8b.o(.ARM.Collect$$$$0000000A)
    _main_init                               0x080000fd   Thumb Code     0  entry9a.o(.ARM.Collect$$$$0000000B)
    __rt_final_cpp                           0x08000105   Thumb Code     0  entry10a.o(.ARM.Collect$$$$0000000D)
    __rt_final_exit                          0x08000105   Thumb Code     0  entry11a.o(.ARM.Collect$$$$0000000F)
    SVC_Handler                              0x08000109   Thumb Code    32  port.o(.emb_text)
    __asm___6_port_c_39a90d8d__prvStartFirstTask 0x0800012d   Thumb Code    28  port.o(.emb_text)
    PendSV_Handler                           0x0800014d   Thumb Code    72  port.o(.emb_text)
    vPortGetIPSR                             0x08000199   Thumb Code     6  port.o(.emb_text)
    Reset_Handler                            0x080001a1   Thumb Code     8  startup_stm32l151xba.o(.text)
    ADC1_IRQHandler                          0x080001bb   Thumb Code     0  startup_stm32l151xba.o(.text)
    COMP_IRQHandler                          0x080001bb   Thumb Code     0  startup_stm32l151xba.o(.text)
    DAC_IRQHandler                           0x080001bb   Thumb Code     0  startup_stm32l151xba.o(.text)
    DMA1_Channel1_IRQHandler                 0x080001bb   Thumb Code     0  startup_stm32l151xba.o(.text)
    DMA1_Channel4_IRQHandler                 0x080001bb   Thumb Code     0  startup_stm32l151xba.o(.text)
    EXTI0_IRQHandler                         0x080001bb   Thumb Code     0  startup_stm32l151xba.o(.text)
    EXTI15_10_IRQHandler                     0x080001bb   Thumb Code     0  startup_stm32l151xba.o(.text)
    EXTI1_IRQHandler                         0x080001bb   Thumb Code     0  startup_stm32l151xba.o(.text)
    EXTI2_IRQHandler                         0x080001bb   Thumb Code     0  startup_stm32l151xba.o(.text)
    EXTI3_IRQHandler                         0x080001bb   Thumb Code     0  startup_stm32l151xba.o(.text)
    EXTI4_IRQHandler                         0x080001bb   Thumb Code     0  startup_stm32l151xba.o(.text)
    EXTI9_5_IRQHandler                       0x080001bb   Thumb Code     0  startup_stm32l151xba.o(.text)
    FLASH_IRQHandler                         0x080001bb   Thumb Code     0  startup_stm32l151xba.o(.text)
    I2C1_ER_IRQHandler                       0x080001bb   Thumb Code     0  startup_stm32l151xba.o(.text)
    I2C1_EV_IRQHandler                       0x080001bb   Thumb Code     0  startup_stm32l151xba.o(.text)
    I2C2_ER_IRQHandler                       0x080001bb   Thumb Code     0  startup_stm32l151xba.o(.text)
    I2C2_EV_IRQHandler                       0x080001bb   Thumb Code     0  startup_stm32l151xba.o(.text)
    PVD_IRQHandler                           0x080001bb   Thumb Code     0  startup_stm32l151xba.o(.text)
    RCC_IRQHandler                           0x080001bb   Thumb Code     0  startup_stm32l151xba.o(.text)
    RTC_Alarm_IRQHandler                     0x080001bb   Thumb Code     0  startup_stm32l151xba.o(.text)
    RTC_WKUP_IRQHandler                      0x080001bb   Thumb Code     0  startup_stm32l151xba.o(.text)
    SPI1_IRQHandler                          0x080001bb   Thumb Code     0  startup_stm32l151xba.o(.text)
    SPI2_IRQHandler                          0x080001bb   Thumb Code     0  startup_stm32l151xba.o(.text)
    TAMPER_STAMP_IRQHandler                  0x080001bb   Thumb Code     0  startup_stm32l151xba.o(.text)
    TIM10_IRQHandler                         0x080001bb   Thumb Code     0  startup_stm32l151xba.o(.text)
    TIM11_IRQHandler                         0x080001bb   Thumb Code     0  startup_stm32l151xba.o(.text)
    TIM3_IRQHandler                          0x080001bb   Thumb Code     0  startup_stm32l151xba.o(.text)
    TIM4_IRQHandler                          0x080001bb   Thumb Code     0  startup_stm32l151xba.o(.text)
    TIM6_IRQHandler                          0x080001bb   Thumb Code     0  startup_stm32l151xba.o(.text)
    TIM7_IRQHandler                          0x080001bb   Thumb Code     0  startup_stm32l151xba.o(.text)
    TIM9_IRQHandler                          0x080001bb   Thumb Code     0  startup_stm32l151xba.o(.text)
    USB_FS_WKUP_IRQHandler                   0x080001bb   Thumb Code     0  startup_stm32l151xba.o(.text)
    USB_HP_IRQHandler                        0x080001bb   Thumb Code     0  startup_stm32l151xba.o(.text)
    USB_LP_IRQHandler                        0x080001bb   Thumb Code     0  startup_stm32l151xba.o(.text)
    WWDG_IRQHandler                          0x080001bb   Thumb Code     0  startup_stm32l151xba.o(.text)
    __aeabi_memcpy                           0x080001c5   Thumb Code    36  memcpya.o(.text)
    __aeabi_memcpy4                          0x080001c5   Thumb Code     0  memcpya.o(.text)
    __aeabi_memcpy8                          0x080001c5   Thumb Code     0  memcpya.o(.text)
    __aeabi_memset                           0x080001e9   Thumb Code    14  memseta.o(.text)
    __aeabi_memset4                          0x080001e9   Thumb Code     0  memseta.o(.text)
    __aeabi_memset8                          0x080001e9   Thumb Code     0  memseta.o(.text)
    __aeabi_memclr                           0x080001f7   Thumb Code     4  memseta.o(.text)
    __aeabi_memclr4                          0x080001f7   Thumb Code     0  memseta.o(.text)
    __aeabi_memclr8                          0x080001f7   Thumb Code     0  memseta.o(.text)
    _memset$wrapper                          0x080001fb   Thumb Code    18  memseta.o(.text)
    strlen                                   0x0800020d   Thumb Code    14  strlen.o(.text)
    strcpy                                   0x0800021b   Thumb Code    18  strcpy.o(.text)
    strncmp                                  0x0800022d   Thumb Code    30  strncmp.o(.text)
    __aeabi_uldivmod                         0x0800024b   Thumb Code    98  uldiv.o(.text)
    __scatterload                            0x080002ad   Thumb Code    28  init.o(.text)
    __scatterload_rt2                        0x080002ad   Thumb Code     0  init.o(.text)
    __aeabi_llsl                             0x080002d1   Thumb Code    30  llshl.o(.text)
    _ll_shift_l                              0x080002d1   Thumb Code     0  llshl.o(.text)
    __aeabi_llsr                             0x080002ef   Thumb Code    32  llushr.o(.text)
    _ll_ushift_r                             0x080002ef   Thumb Code     0  llushr.o(.text)
    BusFault_Handler                         0x0800030f   Thumb Code     4  stm32l1xx_it.o(i.BusFault_Handler)
    DMA1_Channel2_IRQHandler                 0x08000315   Thumb Code    10  stm32l1xx_it.o(i.DMA1_Channel2_IRQHandler)
    DMA1_Channel3_IRQHandler                 0x08000325   Thumb Code    10  stm32l1xx_it.o(i.DMA1_Channel3_IRQHandler)
    DMA1_Channel5_IRQHandler                 0x08000335   Thumb Code    10  stm32l1xx_it.o(i.DMA1_Channel5_IRQHandler)
    DMA1_Channel6_IRQHandler                 0x08000345   Thumb Code    10  stm32l1xx_it.o(i.DMA1_Channel6_IRQHandler)
    DMA1_Channel7_IRQHandler                 0x08000355   Thumb Code    10  stm32l1xx_it.o(i.DMA1_Channel7_IRQHandler)
    DebugMon_Handler                         0x08000391   Thumb Code     2  stm32l1xx_it.o(i.DebugMon_Handler)
    HAL_DMA_Abort                            0x08000393   Thumb Code    58  stm32l1xx_hal_dma.o(i.HAL_DMA_Abort)
    HAL_DMA_IRQHandler                       0x080003cd   Thumb Code   230  stm32l1xx_hal_dma.o(i.HAL_DMA_IRQHandler)
    HAL_DMA_Init                             0x080004b5   Thumb Code   108  stm32l1xx_hal_dma.o(i.HAL_DMA_Init)
    HAL_DMA_Start_IT                         0x08000525   Thumb Code   156  stm32l1xx_hal_dma.o(i.HAL_DMA_Start_IT)
    HAL_GPIO_Init                            0x080005c1   Thumb Code   430  stm32l1xx_hal_gpio.o(i.HAL_GPIO_Init)
    HAL_GPIO_WritePin                        0x08000791   Thumb Code    12  stm32l1xx_hal_gpio.o(i.HAL_GPIO_WritePin)
    HAL_GetTick                              0x0800079d   Thumb Code     6  stm32l1xx_hal.o(i.HAL_GetTick)
    HAL_IncTick                              0x080007a9   Thumb Code    12  stm32l1xx_hal.o(i.HAL_IncTick)
    HAL_Init                                 0x080007b9   Thumb Code    22  stm32l1xx_hal.o(i.HAL_Init)
    HAL_InitTick                             0x080007d1   Thumb Code   120  stm32l1xx_hal_timebase_tim.o(i.HAL_InitTick)
    HAL_MspInit                              0x08000855   Thumb Code   170  stm32l1xx_hal_msp.o(i.HAL_MspInit)
    HAL_NVIC_EnableIRQ                       0x08000905   Thumb Code    26  stm32l1xx_hal_cortex.o(i.HAL_NVIC_EnableIRQ)
    HAL_NVIC_SetPriority                     0x0800091f   Thumb Code   124  stm32l1xx_hal_cortex.o(i.HAL_NVIC_SetPriority)
    HAL_NVIC_SetPriorityGrouping             0x0800099d   Thumb Code    32  stm32l1xx_hal_cortex.o(i.HAL_NVIC_SetPriorityGrouping)
    HAL_RCC_ClockConfig                      0x080009c5   Thumb Code   728  stm32l1xx_hal_rcc.o(i.HAL_RCC_ClockConfig)
    HAL_RCC_GetClockConfig                   0x08000cad   Thumb Code    58  stm32l1xx_hal_rcc.o(i.HAL_RCC_GetClockConfig)
    HAL_RCC_GetHCLKFreq                      0x08000cf1   Thumb Code     6  stm32l1xx_hal_rcc.o(i.HAL_RCC_GetHCLKFreq)
    HAL_RCC_GetPCLK1Freq                     0x08000cfd   Thumb Code    36  stm32l1xx_hal_rcc.o(i.HAL_RCC_GetPCLK1Freq)
    HAL_RCC_GetPCLK2Freq                     0x08000d29   Thumb Code    36  stm32l1xx_hal_rcc.o(i.HAL_RCC_GetPCLK2Freq)
    HAL_RCC_GetSysClockFreq                  0x08000d55   Thumb Code   164  stm32l1xx_hal_rcc.o(i.HAL_RCC_GetSysClockFreq)
    HAL_RCC_OscConfig                        0x08000e09   Thumb Code  2484  stm32l1xx_hal_rcc.o(i.HAL_RCC_OscConfig)
    HAL_SYSTICK_CLKSourceConfig              0x080017c5   Thumb Code    40  stm32l1xx_hal_cortex.o(i.HAL_SYSTICK_CLKSourceConfig)
    HAL_SYSTICK_Config                       0x080017ed   Thumb Code    52  stm32l1xx_hal_cortex.o(i.HAL_SYSTICK_Config)
    HAL_TIM_Base_Init                        0x08001821   Thumb Code    52  stm32l1xx_hal_tim.o(i.HAL_TIM_Base_Init)
    HAL_TIM_Base_MspInit                     0x08001855   Thumb Code     2  stm32l1xx_hal_tim.o(i.HAL_TIM_Base_MspInit)
    HAL_TIM_Base_Start_IT                    0x08001857   Thumb Code    30  stm32l1xx_hal_tim.o(i.HAL_TIM_Base_Start_IT)
    HAL_TIM_IC_CaptureCallback               0x08001875   Thumb Code     2  stm32l1xx_hal_tim.o(i.HAL_TIM_IC_CaptureCallback)
    HAL_TIM_IRQHandler                       0x08001877   Thumb Code   338  stm32l1xx_hal_tim.o(i.HAL_TIM_IRQHandler)
    HAL_TIM_OC_DelayElapsedCallback          0x080019c9   Thumb Code     2  stm32l1xx_hal_tim.o(i.HAL_TIM_OC_DelayElapsedCallback)
    HAL_TIM_PWM_PulseFinishedCallback        0x080019cb   Thumb Code     2  stm32l1xx_hal_tim.o(i.HAL_TIM_PWM_PulseFinishedCallback)
    HAL_TIM_PeriodElapsedCallback            0x080019cd   Thumb Code    18  main.o(i.HAL_TIM_PeriodElapsedCallback)
    HAL_TIM_TriggerCallback                  0x080019df   Thumb Code     2  stm32l1xx_hal_tim.o(i.HAL_TIM_TriggerCallback)
    HAL_UART_DMAStop                         0x080019e1   Thumb Code    46  stm32l1xx_hal_uart.o(i.HAL_UART_DMAStop)
    HAL_UART_ErrorCallback                   0x08001a0f   Thumb Code     2  uart-core.o(i.HAL_UART_ErrorCallback)
    HAL_UART_IRQHandler                      0x08001a11   Thumb Code   244  stm32l1xx_hal_uart.o(i.HAL_UART_IRQHandler)
    HAL_UART_Init                            0x08001b05   Thumb Code   110  stm32l1xx_hal_uart.o(i.HAL_UART_Init)
    HAL_UART_MspInit                         0x08001b75   Thumb Code   544  stm32l1xx_hal_msp.o(i.HAL_UART_MspInit)
    HAL_UART_Receive_DMA                     0x08001de1   Thumb Code   146  stm32l1xx_hal_uart.o(i.HAL_UART_Receive_DMA)
    HAL_UART_Receive_Frame_DMA               0x08001e81   Thumb Code    42  stm32l1xx_hal_uart.o(i.HAL_UART_Receive_Frame_DMA)
    HAL_UART_RxCpltCallback                  0x08001eab   Thumb Code     2  uart-core.o(i.HAL_UART_RxCpltCallback)
    HAL_UART_RxHalfCpltCallback              0x08001ead   Thumb Code     2  uart-core.o(i.HAL_UART_RxHalfCpltCallback)
    HAL_UART_Rx_FrameCpltCallback            0x08001eb1   Thumb Code   160  uart-core.o(i.HAL_UART_Rx_FrameCpltCallback)
    HAL_UART_Transmit                        0x08001f5d   Thumb Code   240  stm32l1xx_hal_uart.o(i.HAL_UART_Transmit)
    HAL_UART_TxCpltCallback                  0x0800204d   Thumb Code     2  uart-core.o(i.HAL_UART_TxCpltCallback)
    HardFault_Handler                        0x0800204f   Thumb Code     4  stm32l1xx_it.o(i.HardFault_Handler)
    MemManage_Handler                        0x08002291   Thumb Code     4  stm32l1xx_it.o(i.MemManage_Handler)
    NMI_Handler                              0x08002295   Thumb Code     2  stm32l1xx_it.o(i.NMI_Handler)
    StartDefaultTask                         0x0800237d   Thumb Code    12  main.o(i.StartDefaultTask)
    SysTick_Handler                          0x08002389   Thumb Code     8  stm32l1xx_it.o(i.SysTick_Handler)
    SystemClock_Config                       0x08002391   Thumb Code   132  main.o(i.SystemClock_Config)
    SystemInit                               0x08002429   Thumb Code    82  system_stm32l1xx.o(i.SystemInit)
    TIM2_IRQHandler                          0x0800248d   Thumb Code    10  stm32l1xx_it.o(i.TIM2_IRQHandler)
    USART1_IRQHandler                        0x08002b41   Thumb Code    10  stm32l1xx_it.o(i.USART1_IRQHandler)
    USART2_IRQHandler                        0x08002b51   Thumb Code    10  stm32l1xx_it.o(i.USART2_IRQHandler)
    USART3_IRQHandler                        0x08002b61   Thumb Code    10  stm32l1xx_it.o(i.USART3_IRQHandler)
    UsageFault_Handler                       0x08002b71   Thumb Code     4  stm32l1xx_it.o(i.UsageFault_Handler)
    _Error_Handler                           0x08002c5b   Thumb Code     4  main.o(i._Error_Handler)
    __0printf$5                              0x08002c61   Thumb Code    22  printf5.o(i.__0printf$5)
    __1printf$5                              0x08002c61   Thumb Code     0  printf5.o(i.__0printf$5)
    __2printf                                0x08002c61   Thumb Code     0  printf5.o(i.__0printf$5)
    __0sprintf$5                             0x08002c81   Thumb Code    34  printf5.o(i.__0sprintf$5)
    __1sprintf$5                             0x08002c81   Thumb Code     0  printf5.o(i.__0sprintf$5)
    __2sprintf                               0x08002c81   Thumb Code     0  printf5.o(i.__0sprintf$5)
    __scatterload_copy                       0x08002ca9   Thumb Code    14  handlers.o(i.__scatterload_copy)
    __scatterload_null                       0x08002cb7   Thumb Code     2  handlers.o(i.__scatterload_null)
    __scatterload_zeroinit                   0x08002cb9   Thumb Code    14  handlers.o(i.__scatterload_zeroinit)
    application_start                        0x08002f93   Thumb Code    16  application.o(i.application_start)
    console_commond_register                 0x08002fa5   Thumb Code   192  console.o(i.console_commond_register)
    console_read_call_back                   0x0800306d   Thumb Code    16  console.o(i.console_read_call_back)
    console_task_create                      0x080030a1   Thumb Code    54  console.o(i.console_task_create)
    console_task_function                    0x0800312d   Thumb Code   234  console.o(i.console_task_function)
    create_state_task                        0x080032e1   Thumb Code    44  task_state.o(i.create_state_task)
    eTaskGetState                            0x08003359   Thumb Code   112  tasks.o(i.eTaskGetState)
    fputc                                    0x080033dd   Thumb Code    20  print.o(i.fputc)
    help_function                            0x080033f5   Thumb Code     2  console.o(i.help_function)
    main                                     0x080033f9   Thumb Code    64  main.o(i.main)
    osDelay                                  0x0800344f   Thumb Code    24  cmsis_os.o(i.osDelay)
    osKernelStart                            0x08003467   Thumb Code    10  cmsis_os.o(i.osKernelStart)
    osSystickHandler                         0x08003471   Thumb Code    16  cmsis_os.o(i.osSystickHandler)
    osThreadCreate                           0x08003481   Thumb Code    48  cmsis_os.o(i.osThreadCreate)
    parsing_console_string                   0x080034b1   Thumb Code    22  console.o(i.parsing_console_string)
    pvPortMalloc                             0x08003f65   Thumb Code   296  heap_4.o(i.pvPortMalloc)
    pvTaskIncrementMutexHeldCount            0x080040a1   Thumb Code    26  tasks.o(i.pvTaskIncrementMutexHeldCount)
    pxPortInitialiseStack                    0x080040c1   Thumb Code    30  port.o(i.pxPortInitialiseStack)
    task_state_function                      0x08004141   Thumb Code    50  task_state.o(i.task_state_function)
    uart_core_read_register                  0x08004179   Thumb Code   244  uart-core.o(i.uart_core_read_register)
    uart_core_read_task_create               0x080042a9   Thumb Code    82  uart-core.o(i.uart_core_read_task_create)
    uart_core_read_task_function             0x080043a1   Thumb Code   132  uart-core.o(i.uart_core_read_task_function)
    uart_get_handle                          0x080044a9   Thumb Code    78  uart-core.o(i.uart_get_handle)
    uart_read_one_frame_data                 0x080044fd   Thumb Code    78  uart-core.o(i.uart_read_one_frame_data)
    uxListRemove                             0x08004575   Thumb Code    40  list.o(i.uxListRemove)
    uxTaskGetSystemState                     0x0800459d   Thumb Code   154  tasks.o(i.uxTaskGetSystemState)
    uxTaskResetEventItemValue                0x08004655   Thumb Code    24  tasks.o(i.uxTaskResetEventItemValue)
    vEventGroupSetBitsCallback               0x08004671   Thumb Code    16  event_groups.o(i.vEventGroupSetBitsCallback)
    vListInitialise                          0x08004681   Thumb Code    26  list.o(i.vListInitialise)
    vListInitialiseItem                      0x0800469b   Thumb Code     6  list.o(i.vListInitialiseItem)
    vListInsert                              0x080046a1   Thumb Code    52  list.o(i.vListInsert)
    vListInsertEnd                           0x080046d5   Thumb Code    24  list.o(i.vListInsertEnd)
    vPortEnterCritical                       0x080046ed   Thumb Code    76  port.o(i.vPortEnterCritical)
    vPortExitCritical                        0x08004741   Thumb Code    56  port.o(i.vPortExitCritical)
    vPortFree                                0x0800477d   Thumb Code   140  heap_4.o(i.vPortFree)
    vPortSetupTimerInterrupt                 0x08004811   Thumb Code    26  port.o(i.vPortSetupTimerInterrupt)
    vPortValidateInterruptPriority           0x08004831   Thumb Code   106  port.o(i.vPortValidateInterruptPriority)
    vQueueAddToRegistry                      0x080048a9   Thumb Code    38  queue.o(i.vQueueAddToRegistry)
    vQueueWaitForMessageRestricted           0x080048d5   Thumb Code    74  queue.o(i.vQueueWaitForMessageRestricted)
    vTaskDelay                               0x08004921   Thumb Code    82  tasks.o(i.vTaskDelay)
    vTaskDelete                              0x0800497d   Thumb Code   202  tasks.o(i.vTaskDelete)
    vTaskGetInfo                             0x08004a71   Thumb Code   114  tasks.o(i.vTaskGetInfo)
    vTaskGetRunTimeStats                     0x08004ae9   Thumb Code   182  tasks.o(i.vTaskGetRunTimeStats)
    vTaskList                                0x08004bbd   Thumb Code   204  tasks.o(i.vTaskList)
    vTaskMissedYield                         0x08004c9d   Thumb Code     8  tasks.o(i.vTaskMissedYield)
    vTaskPlaceOnEventList                    0x08004ca9   Thumb Code    52  tasks.o(i.vTaskPlaceOnEventList)
    vTaskPlaceOnEventListRestricted          0x08004ce1   Thumb Code    60  tasks.o(i.vTaskPlaceOnEventListRestricted)
    vTaskPlaceOnUnorderedEventList           0x08004d21   Thumb Code   100  tasks.o(i.vTaskPlaceOnUnorderedEventList)
    vTaskPriorityInherit                     0x08004d8d   Thumb Code   164  tasks.o(i.vTaskPriorityInherit)
    vTaskSetTimeOutState                     0x08004e3d   Thumb Code    38  tasks.o(i.vTaskSetTimeOutState)
    vTaskStartScheduler                      0x08004e6d   Thumb Code   122  tasks.o(i.vTaskStartScheduler)
    vTaskSuspend                             0x08004f09   Thumb Code   196  tasks.o(i.vTaskSuspend)
    vTaskSuspendAll                          0x08004fed   Thumb Code    12  tasks.o(i.vTaskSuspendAll)
    vTaskSwitchContext                       0x08004ffd   Thumb Code   170  tasks.o(i.vTaskSwitchContext)
    xEventGroupClearBits                     0x080050c9   Thumb Code    92  event_groups.o(i.xEventGroupClearBits)
    xEventGroupCreate                        0x08005125   Thumb Code    26  event_groups.o(i.xEventGroupCreate)
    xEventGroupSetBits                       0x0800513f   Thumb Code   206  event_groups.o(i.xEventGroupSetBits)
    xEventGroupSetBitsFromISR                0x0800520d   Thumb Code    30  event_groups.o(i.xEventGroupSetBitsFromISR)
    xEventGroupWaitBits                      0x08005231   Thumb Code   334  event_groups.o(i.xEventGroupWaitBits)
    xPortStartScheduler                      0x08005385   Thumb Code   140  port.o(i.xPortStartScheduler)
    xPortSysTickHandler                      0x08005425   Thumb Code    46  port.o(i.xPortSysTickHandler)
    xQueueCreateMutex                        0x08005459   Thumb Code    34  queue.o(i.xQueueCreateMutex)
    xQueueGenericCreate                      0x0800547b   Thumb Code    88  queue.o(i.xQueueGenericCreate)
    xQueueGenericReceive                     0x080054d5   Thumb Code   446  queue.o(i.xQueueGenericReceive)
    xQueueGenericReset                       0x08005699   Thumb Code   146  queue.o(i.xQueueGenericReset)
    xQueueGenericSend                        0x08005731   Thumb Code   420  queue.o(i.xQueueGenericSend)
    xQueueGenericSendFromISR                 0x080058d9   Thumb Code   248  queue.o(i.xQueueGenericSendFromISR)
    xTaskCheckForTimeOut                     0x080059d1   Thumb Code   132  tasks.o(i.xTaskCheckForTimeOut)
    xTaskCreate                              0x08005a5d   Thumb Code    96  tasks.o(i.xTaskCreate)
    xTaskGetSchedulerState                   0x08005abd   Thumb Code    24  tasks.o(i.xTaskGetSchedulerState)
    xTaskGetTickCount                        0x08005add   Thumb Code     6  tasks.o(i.xTaskGetTickCount)
    xTaskIncrementTick                       0x08005ae9   Thumb Code   282  tasks.o(i.xTaskIncrementTick)
    xTaskPriorityDisinherit                  0x08005c31   Thumb Code   188  tasks.o(i.xTaskPriorityDisinherit)
    xTaskRemoveFromEventList                 0x08005cf9   Thumb Code   128  tasks.o(i.xTaskRemoveFromEventList)
    xTaskRemoveFromUnorderedEventList        0x08005d91   Thumb Code   154  tasks.o(i.xTaskRemoveFromUnorderedEventList)
    xTaskResumeAll                           0x08005e41   Thumb Code   224  tasks.o(i.xTaskResumeAll)
    xTimerCreateTimerTask                    0x08005f45   Thumb Code    64  timers.o(i.xTimerCreateTimerTask)
    xTimerGenericCommand                     0x08005f99   Thumb Code   128  timers.o(i.xTimerGenericCommand)
    xTimerPendFunctionCallFromISR            0x0800601d   Thumb Code    48  timers.o(i.xTimerPendFunctionCallFromISR)
    PLLMulTable                              0x08006050   Data           9  system_stm32l1xx.o(.constdata)
    AHBPrescTable                            0x08006059   Data          16  system_stm32l1xx.o(.constdata)
    APBPrescTable                            0x08006069   Data           8  system_stm32l1xx.o(.constdata)
    Region$$Table$$Base                      0x080060f8   Number         0  anon$$obj.o(Region$$Table)
    Region$$Table$$Limit                     0x08006118   Number         0  anon$$obj.o(Region$$Table)
    SystemCoreClock                          0x20000000   Data           4  system_stm32l1xx.o(.data)
    uart_map_array                           0x20000008   Data         108  uart-core.o(.data)
    uwTick                                   0x20000078   Data           4  stm32l1xx_hal.o(.data)
    defaultTaskHandle                        0x2000007c   Data           4  main.o(.data)
    pxCurrentTCB                             0x200000ac   Data           4  tasks.o(.data)
    __stdout                                 0x200000fc   Data           4  stdout.o(.data)
    uart_queue                               0x2000038c   Data         300  uart-core.o(.bss)
    huart1                                   0x200004b8   Data          64  main.o(.bss)
    huart2                                   0x200004f8   Data          64  main.o(.bss)
    huart3                                   0x20000538   Data          64  main.o(.bss)
    hdma_usart1_rx                           0x20000578   Data          68  main.o(.bss)
    hdma_usart2_rx                           0x200005bc   Data          68  main.o(.bss)
    hdma_usart2_tx                           0x20000600   Data          68  main.o(.bss)
    hdma_usart3_rx                           0x20000644   Data          68  main.o(.bss)
    hdma_usart3_tx                           0x20000688   Data          68  main.o(.bss)
    hdma_memtomem_dma1_channel1              0x200006cc   Data          68  main.o(.bss)
    htim2                                    0x20000710   Data          56  stm32l1xx_hal_timebase_tim.o(.bss)
    xQueueRegistry                           0x20000770   Data          64  queue.o(.bss)
    __initial_sp                             0x200020a0   Data           0  startup_stm32l151xba.o(STACK)



==============================================================================

Memory Map of the image

  Image Entry point : 0x080000f5

  Load Region LR_IROM1 (Base: 0x08000000, Size: 0x00006218, Max: 0x00010000, ABSOLUTE)

    Execution Region ER_IROM1 (Base: 0x08000000, Size: 0x00006118, Max: 0x00010000, ABSOLUTE)

    Base Addr    Size         Type   Attr      Idx    E Section Name        Object

    0x08000000   0x000000f4   Data   RO            3    RESET               startup_stm32l151xba.o
    0x080000f4   0x00000000   Code   RO         4110  * .ARM.Collect$$$$00000000  mc_w.l(entry.o)
    0x080000f4   0x00000004   Code   RO         4386    .ARM.Collect$$$$00000001  mc_w.l(entry2.o)
    0x080000f8   0x00000004   Code   RO         4389    .ARM.Collect$$$$00000004  mc_w.l(entry5.o)
    0x080000fc   0x00000000   Code   RO         4391    .ARM.Collect$$$$00000008  mc_w.l(entry7b.o)
    0x080000fc   0x00000000   Code   RO         4393    .ARM.Collect$$$$0000000A  mc_w.l(entry8b.o)
    0x080000fc   0x00000008   Code   RO         4394    .ARM.Collect$$$$0000000B  mc_w.l(entry9a.o)
    0x08000104   0x00000000   Code   RO         4396    .ARM.Collect$$$$0000000D  mc_w.l(entry10a.o)
    0x08000104   0x00000000   Code   RO         4398    .ARM.Collect$$$$0000000F  mc_w.l(entry11a.o)
    0x08000104   0x00000004   Code   RO         4387    .ARM.Collect$$$$00002712  mc_w.l(entry2.o)
    0x08000108   0x00000096   Code   RO         4033    .emb_text           port.o
    0x0800019e   0x00000002   PAD
    0x080001a0   0x00000024   Code   RO            4    .text               startup_stm32l151xba.o
    0x080001c4   0x00000024   Code   RO         4113    .text               mc_w.l(memcpya.o)
    0x080001e8   0x00000024   Code   RO         4115    .text               mc_w.l(memseta.o)
    0x0800020c   0x0000000e   Code   RO         4117    .text               mc_w.l(strlen.o)
    0x0800021a   0x00000012   Code   RO         4119    .text               mc_w.l(strcpy.o)
    0x0800022c   0x0000001e   Code   RO         4121    .text               mc_w.l(strncmp.o)
    0x0800024a   0x00000062   Code   RO         4403    .text               mc_w.l(uldiv.o)
    0x080002ac   0x00000024   Code   RO         4416    .text               mc_w.l(init.o)
    0x080002d0   0x0000001e   Code   RO         4418    .text               mc_w.l(llshl.o)
    0x080002ee   0x00000020   Code   RO         4420    .text               mc_w.l(llushr.o)
    0x0800030e   0x00000004   Code   RO         2665    i.BusFault_Handler  stm32l1xx_it.o
    0x08000312   0x00000002   PAD
    0x08000314   0x00000010   Code   RO         2666    i.DMA1_Channel2_IRQHandler  stm32l1xx_it.o
    0x08000324   0x00000010   Code   RO         2667    i.DMA1_Channel3_IRQHandler  stm32l1xx_it.o
    0x08000334   0x00000010   Code   RO         2668    i.DMA1_Channel5_IRQHandler  stm32l1xx_it.o
    0x08000344   0x00000010   Code   RO         2669    i.DMA1_Channel6_IRQHandler  stm32l1xx_it.o
    0x08000354   0x00000010   Code   RO         2670    i.DMA1_Channel7_IRQHandler  stm32l1xx_it.o
    0x08000364   0x0000002c   Code   RO         1529    i.DMA_SetConfig     stm32l1xx_hal_dma.o
    0x08000390   0x00000002   Code   RO         2671    i.DebugMon_Handler  stm32l1xx_it.o
    0x08000392   0x0000003a   Code   RO         1530    i.HAL_DMA_Abort     stm32l1xx_hal_dma.o
    0x080003cc   0x000000e6   Code   RO         1535    i.HAL_DMA_IRQHandler  stm32l1xx_hal_dma.o
    0x080004b2   0x00000002   PAD
    0x080004b4   0x00000070   Code   RO         1536    i.HAL_DMA_Init      stm32l1xx_hal_dma.o
    0x08000524   0x0000009c   Code   RO         1540    i.HAL_DMA_Start_IT  stm32l1xx_hal_dma.o
    0x080005c0   0x000001d0   Code   RO          436    i.HAL_GPIO_Init     stm32l1xx_hal_gpio.o
    0x08000790   0x0000000c   Code   RO          440    i.HAL_GPIO_WritePin  stm32l1xx_hal_gpio.o
    0x0800079c   0x0000000c   Code   RO         1954    i.HAL_GetTick       stm32l1xx_hal.o
    0x080007a8   0x00000010   Code   RO         1955    i.HAL_IncTick       stm32l1xx_hal.o
    0x080007b8   0x00000016   Code   RO         1956    i.HAL_Init          stm32l1xx_hal.o
    0x080007ce   0x00000002   PAD
    0x080007d0   0x00000084   Code   RO         2588    i.HAL_InitTick      stm32l1xx_hal_timebase_tim.o
    0x08000854   0x000000b0   Code   RO         2628    i.HAL_MspInit       stm32l1xx_hal_msp.o
    0x08000904   0x0000001a   Code   RO          573    i.HAL_NVIC_EnableIRQ  stm32l1xx_hal_cortex.o
    0x0800091e   0x0000007c   Code   RO          579    i.HAL_NVIC_SetPriority  stm32l1xx_hal_cortex.o
    0x0800099a   0x00000002   PAD
    0x0800099c   0x00000028   Code   RO          580    i.HAL_NVIC_SetPriorityGrouping  stm32l1xx_hal_cortex.o
    0x080009c4   0x000002e8   Code   RO         2243    i.HAL_RCC_ClockConfig  stm32l1xx_hal_rcc.o
    0x08000cac   0x00000044   Code   RO         2247    i.HAL_RCC_GetClockConfig  stm32l1xx_hal_rcc.o
    0x08000cf0   0x0000000c   Code   RO         2248    i.HAL_RCC_GetHCLKFreq  stm32l1xx_hal_rcc.o
    0x08000cfc   0x0000002c   Code   RO         2250    i.HAL_RCC_GetPCLK1Freq  stm32l1xx_hal_rcc.o
    0x08000d28   0x0000002c   Code   RO         2251    i.HAL_RCC_GetPCLK2Freq  stm32l1xx_hal_rcc.o
    0x08000d54   0x000000b4   Code   RO         2252    i.HAL_RCC_GetSysClockFreq  stm32l1xx_hal_rcc.o
    0x08000e08   0x000009bc   Code   RO         2255    i.HAL_RCC_OscConfig  stm32l1xx_hal_rcc.o
    0x080017c4   0x00000028   Code   RO          582    i.HAL_SYSTICK_CLKSourceConfig  stm32l1xx_hal_cortex.o
    0x080017ec   0x00000034   Code   RO          584    i.HAL_SYSTICK_Config  stm32l1xx_hal_cortex.o
    0x08001820   0x00000034   Code   RO          710    i.HAL_TIM_Base_Init  stm32l1xx_hal_tim.o
    0x08001854   0x00000002   Code   RO          712    i.HAL_TIM_Base_MspInit  stm32l1xx_hal_tim.o
    0x08001856   0x0000001e   Code   RO          715    i.HAL_TIM_Base_Start_IT  stm32l1xx_hal_tim.o
    0x08001874   0x00000002   Code   RO          739    i.HAL_TIM_IC_CaptureCallback  stm32l1xx_hal_tim.o
    0x08001876   0x00000152   Code   RO          752    i.HAL_TIM_IRQHandler  stm32l1xx_hal_tim.o
    0x080019c8   0x00000002   Code   RO          755    i.HAL_TIM_OC_DelayElapsedCallback  stm32l1xx_hal_tim.o
    0x080019ca   0x00000002   Code   RO          782    i.HAL_TIM_PWM_PulseFinishedCallback  stm32l1xx_hal_tim.o
    0x080019cc   0x00000012   Code   RO         2499    i.HAL_TIM_PeriodElapsedCallback  main.o
    0x080019de   0x00000002   Code   RO          793    i.HAL_TIM_TriggerCallback  stm32l1xx_hal_tim.o
    0x080019e0   0x0000002e   Code   RO         1694    i.HAL_UART_DMAStop  stm32l1xx_hal_uart.o
    0x08001a0e   0x00000002   Code   RO          330    i.HAL_UART_ErrorCallback  uart-core.o
    0x08001a10   0x000000f4   Code   RO         1699    i.HAL_UART_IRQHandler  stm32l1xx_hal_uart.o
    0x08001b04   0x0000006e   Code   RO         1700    i.HAL_UART_Init     stm32l1xx_hal_uart.o
    0x08001b72   0x00000002   PAD
    0x08001b74   0x0000026c   Code   RO         2630    i.HAL_UART_MspInit  stm32l1xx_hal_msp.o
    0x08001de0   0x000000a0   Code   RO         1704    i.HAL_UART_Receive_DMA  stm32l1xx_hal_uart.o
    0x08001e80   0x0000002a   Code   RO         1705    i.HAL_UART_Receive_Frame_DMA  stm32l1xx_hal_uart.o
    0x08001eaa   0x00000002   Code   RO          331    i.HAL_UART_RxCpltCallback  uart-core.o
    0x08001eac   0x00000002   Code   RO          332    i.HAL_UART_RxHalfCpltCallback  uart-core.o
    0x08001eae   0x00000002   PAD
    0x08001eb0   0x000000ac   Code   RO          333    i.HAL_UART_Rx_FrameCpltCallback  uart-core.o
    0x08001f5c   0x000000f0   Code   RO         1710    i.HAL_UART_Transmit  stm32l1xx_hal_uart.o
    0x0800204c   0x00000002   Code   RO          334    i.HAL_UART_TxCpltCallback  uart-core.o
    0x0800204e   0x00000004   Code   RO         2672    i.HardFault_Handler  stm32l1xx_it.o
    0x08002052   0x00000002   PAD
    0x08002054   0x000000bc   Code   RO         2500    i.MX_DMA_Init       main.o
    0x08002110   0x0000009c   Code   RO         2501    i.MX_GPIO_Init      main.o
    0x080021ac   0x0000004c   Code   RO         2502    i.MX_USART1_UART_Init  main.o
    0x080021f8   0x0000004c   Code   RO         2503    i.MX_USART2_UART_Init  main.o
    0x08002244   0x0000004c   Code   RO         2504    i.MX_USART3_UART_Init  main.o
    0x08002290   0x00000004   Code   RO         2673    i.MemManage_Handler  stm32l1xx_it.o
    0x08002294   0x00000002   Code   RO         2674    i.NMI_Handler       stm32l1xx_it.o
    0x08002296   0x00000002   PAD
    0x08002298   0x00000010   Code   RO          586    i.NVIC_GetPriorityGrouping  stm32l1xx_hal_cortex.o
    0x080022a8   0x00000028   Code   RO          587    i.NVIC_SetPriority  stm32l1xx_hal_cortex.o
    0x080022d0   0x000000ac   Code   RO         2256    i.RCC_SetFlashLatencyFromMSIRange  stm32l1xx_hal_rcc.o
    0x0800237c   0x0000000c   Code   RO         2505    i.StartDefaultTask  main.o
    0x08002388   0x00000008   Code   RO         2675    i.SysTick_Handler   stm32l1xx_it.o
    0x08002390   0x00000098   Code   RO         2506    i.SystemClock_Config  main.o
    0x08002428   0x00000064   Code   RO           14    i.SystemInit        system_stm32l1xx.o
    0x0800248c   0x00000010   Code   RO         2676    i.TIM2_IRQHandler   stm32l1xx_it.o
    0x0800249c   0x00000070   Code   RO          794    i.TIM_Base_SetConfig  stm32l1xx_hal_tim.o
    0x0800250c   0x00000038   Code   RO         1715    i.UART_DMAError     stm32l1xx_hal_uart.o
    0x08002544   0x0000003e   Code   RO         1716    i.UART_DMAReceiveCplt  stm32l1xx_hal_uart.o
    0x08002582   0x0000000e   Code   RO         1717    i.UART_DMARxHalfCplt  stm32l1xx_hal_uart.o
    0x08002590   0x00000030   Code   RO         1720    i.UART_EndTransmit_IT  stm32l1xx_hal_uart.o
    0x080025c0   0x000000bc   Code   RO         1721    i.UART_Receive_IT   stm32l1xx_hal_uart.o
    0x0800267c   0x00000358   Code   RO         1722    i.UART_SetConfig    stm32l1xx_hal_uart.o
    0x080029d4   0x00000070   Code   RO         1723    i.UART_Transmit_IT  stm32l1xx_hal_uart.o
    0x08002a44   0x000000fa   Code   RO         1724    i.UART_WaitOnFlagUntilTimeout  stm32l1xx_hal_uart.o
    0x08002b3e   0x00000002   PAD
    0x08002b40   0x00000010   Code   RO         2677    i.USART1_IRQHandler  stm32l1xx_it.o
    0x08002b50   0x00000010   Code   RO         2678    i.USART2_IRQHandler  stm32l1xx_it.o
    0x08002b60   0x00000010   Code   RO         2679    i.USART3_IRQHandler  stm32l1xx_it.o
    0x08002b70   0x00000004   Code   RO         2680    i.UsageFault_Handler  stm32l1xx_it.o
    0x08002b74   0x000000e6   Code   RO         1725    i.UsartReceive_IDLE_IT  stm32l1xx_hal_uart.o
    0x08002c5a   0x00000004   Code   RO         2507    i._Error_Handler    main.o
    0x08002c5e   0x00000002   PAD
    0x08002c60   0x00000020   Code   RO         4258    i.__0printf$5       mc_w.l(printf5.o)
    0x08002c80   0x00000028   Code   RO         4260    i.__0sprintf$5      mc_w.l(printf5.o)
    0x08002ca8   0x0000000e   Code   RO         4428    i.__scatterload_copy  mc_w.l(handlers.o)
    0x08002cb6   0x00000002   Code   RO         4429    i.__scatterload_null  mc_w.l(handlers.o)
    0x08002cb8   0x0000000e   Code   RO         4430    i.__scatterload_zeroinit  mc_w.l(handlers.o)
    0x08002cc6   0x00000002   PAD
    0x08002cc8   0x000002c0   Code   RO         4265    i._printf_core      mc_w.l(printf5.o)
    0x08002f88   0x0000000a   Code   RO         4267    i._sputc            mc_w.l(printf5.o)
    0x08002f92   0x00000010   Code   RO          131    i.application_start  application.o
    0x08002fa2   0x00000002   PAD
    0x08002fa4   0x000000c8   Code   RO          204    i.console_commond_register  console.o
    0x0800306c   0x00000034   Code   RO          205    i.console_read_call_back  console.o
    0x080030a0   0x0000008c   Code   RO          206    i.console_task_create  console.o
    0x0800312c   0x000001b4   Code   RO          207    i.console_task_function  console.o
    0x080032e0   0x00000078   Code   RO          307    i.create_state_task  task_state.o
    0x08003358   0x00000084   Code   RO         3294    i.eTaskGetState     tasks.o
    0x080033dc   0x00000018   Code   RO          272    i.fputc             print.o
    0x080033f4   0x00000002   Code   RO          208    i.help_function     console.o
    0x080033f6   0x00000002   PAD
    0x080033f8   0x00000048   Code   RO         2508    i.main              main.o
    0x08003440   0x0000000e   Code   RO         3651    i.makeFreeRtosPriority  cmsis_os.o
    0x0800344e   0x00000018   Code   RO         3653    i.osDelay           cmsis_os.o
    0x08003466   0x0000000a   Code   RO         3656    i.osKernelStart     cmsis_os.o
    0x08003470   0x00000010   Code   RO         3689    i.osSystickHandler  cmsis_os.o
    0x08003480   0x00000030   Code   RO         3690    i.osThreadCreate    cmsis_os.o
    0x080034b0   0x0000001c   Code   RO          209    i.parsing_console_string  console.o
    0x080034cc   0x00000098   Code   RO         3296    i.prvAddCurrentTaskToDelayedList  tasks.o
    0x08003564   0x000000b8   Code   RO         3297    i.prvAddNewTaskToReadyList  tasks.o
    0x0800361c   0x00000064   Code   RO         2781    i.prvCheckForValidListAndQueue  timers.o
    0x08003680   0x00000064   Code   RO         3298    i.prvCheckTasksWaitingTermination  tasks.o
    0x080036e4   0x0000002a   Code   RO         3067    i.prvCopyDataFromQueue  queue.o
    0x0800370e   0x0000007c   Code   RO         3068    i.prvCopyDataToQueue  queue.o
    0x0800378a   0x00000012   Code   RO         3299    i.prvDeleteTCB      tasks.o
    0x0800379c   0x00000028   Code   RO         2782    i.prvGetNextExpireTime  timers.o
    0x080037c4   0x0000007c   Code   RO         3245    i.prvHeapInit       heap_4.o
    0x08003840   0x00000028   Code   RO         3300    i.prvIdleTask       tasks.o
    0x08003868   0x0000001c   Code   RO         3069    i.prvInitialiseMutex  queue.o
    0x08003884   0x0000002a   Code   RO         3070    i.prvInitialiseNewQueue  queue.o
    0x080038ae   0x000000b6   Code   RO         3301    i.prvInitialiseNewTask  tasks.o
    0x08003964   0x00000068   Code   RO         3302    i.prvInitialiseTaskLists  tasks.o
    0x080039cc   0x00000068   Code   RO         3246    i.prvInsertBlockIntoFreeList  heap_4.o
    0x08003a34   0x00000058   Code   RO         2784    i.prvInsertTimerInActiveList  timers.o
    0x08003a8c   0x0000001a   Code   RO         3071    i.prvIsQueueEmpty   queue.o
    0x08003aa6   0x0000001e   Code   RO         3072    i.prvIsQueueFull    queue.o
    0x08003ac4   0x0000006a   Code   RO         3303    i.prvListTasksWithinSingleList  tasks.o
    0x08003b2e   0x00000002   PAD
    0x08003b30   0x00000064   Code   RO         2785    i.prvProcessExpiredTimer  timers.o
    0x08003b94   0x00000124   Code   RO         2786    i.prvProcessReceivedCommands  timers.o
    0x08003cb8   0x00000074   Code   RO         2787    i.prvProcessTimerOrBlockTask  timers.o
    0x08003d2c   0x00000034   Code   RO         3304    i.prvResetNextTaskUnblockTime  tasks.o
    0x08003d60   0x0000002c   Code   RO         2788    i.prvSampleTimeNow  timers.o
    0x08003d8c   0x000000a0   Code   RO         2789    i.prvSwitchTimerLists  timers.o
    0x08003e2c   0x00000016   Code   RO         3305    i.prvTaskCheckFreeStackSpace  tasks.o
    0x08003e42   0x00000002   PAD
    0x08003e44   0x00000040   Code   RO         4034    i.prvTaskExitError  port.o
    0x08003e84   0x0000001e   Code   RO         2932    i.prvTestWaitCondition  event_groups.o
    0x08003ea2   0x0000001a   Code   RO         2790    i.prvTimerTask      timers.o
    0x08003ebc   0x0000007e   Code   RO         3073    i.prvUnlockQueue    queue.o
    0x08003f3a   0x0000002a   Code   RO         3307    i.prvWriteNameToBuffer  tasks.o
    0x08003f64   0x0000013c   Code   RO         3247    i.pvPortMalloc      heap_4.o
    0x080040a0   0x00000020   Code   RO         3308    i.pvTaskIncrementMutexHeldCount  tasks.o
    0x080040c0   0x00000024   Code   RO         4035    i.pxPortInitialiseStack  port.o
    0x080040e4   0x0000005c   Code   RO          210    i.register_help_commond  console.o
    0x08004140   0x00000038   Code   RO          308    i.task_state_function  task_state.o
    0x08004178   0x00000130   Code   RO          336    i.uart_core_read_register  uart-core.o
    0x080042a8   0x000000f8   Code   RO          337    i.uart_core_read_task_create  uart-core.o
    0x080043a0   0x00000108   Code   RO          338    i.uart_core_read_task_function  uart-core.o
    0x080044a8   0x00000054   Code   RO          339    i.uart_get_handle   uart-core.o
    0x080044fc   0x00000078   Code   RO          340    i.uart_read_one_frame_data  uart-core.o
    0x08004574   0x00000028   Code   RO         3030    i.uxListRemove      list.o
    0x0800459c   0x000000b8   Code   RO         3311    i.uxTaskGetSystemState  tasks.o
    0x08004654   0x0000001c   Code   RO         3315    i.uxTaskResetEventItemValue  tasks.o
    0x08004670   0x00000010   Code   RO         2936    i.vEventGroupSetBitsCallback  event_groups.o
    0x08004680   0x0000001a   Code   RO         3031    i.vListInitialise   list.o
    0x0800469a   0x00000006   Code   RO         3032    i.vListInitialiseItem  list.o
    0x080046a0   0x00000034   Code   RO         3033    i.vListInsert       list.o
    0x080046d4   0x00000018   Code   RO         3034    i.vListInsertEnd    list.o
    0x080046ec   0x00000054   Code   RO         4037    i.vPortEnterCritical  port.o
    0x08004740   0x0000003c   Code   RO         4038    i.vPortExitCritical  port.o
    0x0800477c   0x00000094   Code   RO         3248    i.vPortFree         heap_4.o
    0x08004810   0x00000020   Code   RO         4039    i.vPortSetupTimerInterrupt  port.o
    0x08004830   0x00000078   Code   RO         4040    i.vPortValidateInterruptPriority  port.o
    0x080048a8   0x0000002c   Code   RO         3079    i.vQueueAddToRegistry  queue.o
    0x080048d4   0x0000004a   Code   RO         3083    i.vQueueWaitForMessageRestricted  queue.o
    0x0800491e   0x00000002   PAD
    0x08004920   0x0000005c   Code   RO         3316    i.vTaskDelay        tasks.o
    0x0800497c   0x000000f4   Code   RO         3317    i.vTaskDelete       tasks.o
    0x08004a70   0x00000078   Code   RO         3319    i.vTaskGetInfo      tasks.o
    0x08004ae8   0x000000d4   Code   RO         3320    i.vTaskGetRunTimeStats  tasks.o
    0x08004bbc   0x000000e0   Code   RO         3321    i.vTaskList         tasks.o
    0x08004c9c   0x0000000c   Code   RO         3322    i.vTaskMissedYield  tasks.o
    0x08004ca8   0x00000038   Code   RO         3324    i.vTaskPlaceOnEventList  tasks.o
    0x08004ce0   0x00000040   Code   RO         3325    i.vTaskPlaceOnEventListRestricted  tasks.o
    0x08004d20   0x0000006c   Code   RO         3326    i.vTaskPlaceOnUnorderedEventList  tasks.o
    0x08004d8c   0x000000b0   Code   RO         3327    i.vTaskPriorityInherit  tasks.o
    0x08004e3c   0x00000030   Code   RO         3331    i.vTaskSetTimeOutState  tasks.o
    0x08004e6c   0x0000009c   Code   RO         3332    i.vTaskStartScheduler  tasks.o
    0x08004f08   0x000000e4   Code   RO         3333    i.vTaskSuspend      tasks.o
    0x08004fec   0x00000010   Code   RO         3334    i.vTaskSuspendAll   tasks.o
    0x08004ffc   0x000000cc   Code   RO         3335    i.vTaskSwitchContext  tasks.o
    0x080050c8   0x0000005c   Code   RO         2937    i.xEventGroupClearBits  event_groups.o
    0x08005124   0x0000001a   Code   RO         2939    i.xEventGroupCreate  event_groups.o
    0x0800513e   0x000000ce   Code   RO         2941    i.xEventGroupSetBits  event_groups.o
    0x0800520c   0x00000024   Code   RO         2942    i.xEventGroupSetBitsFromISR  event_groups.o
    0x08005230   0x00000154   Code   RO         2944    i.xEventGroupWaitBits  event_groups.o
    0x08005384   0x000000a0   Code   RO         4041    i.xPortStartScheduler  port.o
    0x08005424   0x00000034   Code   RO         4042    i.xPortSysTickHandler  port.o
    0x08005458   0x00000022   Code   RO         3084    i.xQueueCreateMutex  queue.o
    0x0800547a   0x00000058   Code   RO         3085    i.xQueueGenericCreate  queue.o
    0x080054d2   0x00000002   PAD
    0x080054d4   0x000001c4   Code   RO         3086    i.xQueueGenericReceive  queue.o
    0x08005698   0x00000098   Code   RO         3087    i.xQueueGenericReset  queue.o
    0x08005730   0x000001a8   Code   RO         3088    i.xQueueGenericSend  queue.o
    0x080058d8   0x000000f8   Code   RO         3089    i.xQueueGenericSendFromISR  queue.o
    0x080059d0   0x0000008c   Code   RO         3336    i.xTaskCheckForTimeOut  tasks.o
    0x08005a5c   0x00000060   Code   RO         3337    i.xTaskCreate       tasks.o
    0x08005abc   0x00000020   Code   RO         3341    i.xTaskGetSchedulerState  tasks.o
    0x08005adc   0x0000000c   Code   RO         3342    i.xTaskGetTickCount  tasks.o
    0x08005ae8   0x00000148   Code   RO         3344    i.xTaskIncrementTick  tasks.o
    0x08005c30   0x000000c8   Code   RO         3347    i.xTaskPriorityDisinherit  tasks.o
    0x08005cf8   0x00000098   Code   RO         3348    i.xTaskRemoveFromEventList  tasks.o
    0x08005d90   0x000000b0   Code   RO         3349    i.xTaskRemoveFromUnorderedEventList  tasks.o
    0x08005e40   0x00000104   Code   RO         3350    i.xTaskResumeAll    tasks.o
    0x08005f44   0x00000054   Code   RO         2794    i.xTimerCreateTimerTask  timers.o
    0x08005f98   0x00000084   Code   RO         2795    i.xTimerGenericCommand  timers.o
    0x0800601c   0x00000034   Code   RO         2801    i.xTimerPendFunctionCallFromISR  timers.o
    0x08006050   0x00000021   Data   RO           15    .constdata          system_stm32l1xx.o
    0x08006071   0x00000003   PAD
    0x08006074   0x00000014   Data   RO          212    .constdata          console.o
    0x08006088   0x00000014   Data   RO          309    .constdata          task_state.o
    0x0800609c   0x00000014   Data   RO          343    .constdata          uart-core.o
    0x080060b0   0x00000014   Data   RO         2510    .constdata          main.o
    0x080060c4   0x0000000d   Data   RO          213    .conststring        console.o
    0x080060d1   0x00000003   PAD
    0x080060d4   0x0000000b   Data   RO          310    .conststring        task_state.o
    0x080060df   0x00000001   PAD
    0x080060e0   0x0000000a   Data   RO          344    .conststring        uart-core.o
    0x080060ea   0x00000002   PAD
    0x080060ec   0x0000000c   Data   RO         2511    .conststring        main.o
    0x080060f8   0x00000020   Data   RO         4426    Region$$Table       anon$$obj.o


    Execution Region RW_IRAM1 (Base: 0x20000000, Size: 0x000020a0, Max: 0x00008000, ABSOLUTE)

    Base Addr    Size         Type   Attr      Idx    E Section Name        Object

    0x20000000   0x00000004   Data   RW           16    .data               system_stm32l1xx.o
    0x20000004   0x00000001   Data   RW          214    .data               console.o
    0x20000005   0x00000003   PAD
    0x20000008   0x00000070   Data   RW          345    .data               uart-core.o
    0x20000078   0x00000004   Data   RW         1962    .data               stm32l1xx_hal.o
    0x2000007c   0x00000004   Data   RW         2512    .data               main.o
    0x20000080   0x00000014   Data   RW         2803    .data               timers.o
    0x20000094   0x00000018   Data   RW         3253    .data               heap_4.o
    0x200000ac   0x00000044   Data   RW         3353    .data               tasks.o
    0x200000f0   0x0000000c   Data   RW         4043    .data               port.o
    0x200000fc   0x00000004   Data   RW         4400    .data               mc_w.l(stdout.o)
    0x20000100   0x0000028c   Zero   RW          211    .bss                console.o
    0x2000038c   0x0000012c   Zero   RW          342    .bss                uart-core.o
    0x200004b8   0x00000258   Zero   RW         2509    .bss                main.o
    0x20000710   0x00000038   Zero   RW         2591    .bss                stm32l1xx_hal_timebase_tim.o
    0x20000748   0x00000028   Zero   RW         2802    .bss                timers.o
    0x20000770   0x00000040   Zero   RW         3095    .bss                queue.o
    0x200007b0   0x00001400   Zero   RW         3252    .bss                heap_4.o
    0x20001bb0   0x000000f0   Zero   RW         3352    .bss                tasks.o
    0x20001ca0   0x00000400   Zero   RW            1    STACK               startup_stm32l151xba.o


==============================================================================

Image component sizes


      Code (inc. data)   RO Data    RW Data    ZI Data      Debug   Object Name

        16          0          0          0          0      22040   application.o
       112          0          0          0          0      12774   cmsis_os.o
       950        402         33          1        652       6099   console.o
       746         12          0          0          0      15875   event_groups.o
       692         62          0         24       5120       4563   heap_4.o
       148          0          0          0          0       3318   list.o
       830        140         32          4        600       5840   main.o
       758         80          0         12          0      10889   port.o
        24          4          0          0          0       3956   print.o
      1934         22          0          0         64      14981   queue.o
        36          8        244          0       1024        792   startup_stm32l151xba.o
        50         10          0          4          0       2396   stm32l1xx_hal.o
       338         22          0          0          0      28309   stm32l1xx_hal_cortex.o
       600          4          0          0          0       3899   stm32l1xx_hal_dma.o
       476         34          0          0          0       2156   stm32l1xx_hal_gpio.o
       796         82          0          0          0       2102   stm32l1xx_hal_msp.o
      3756        116          0          0          0       7385   stm32l1xx_hal_rcc.o
       542         22          0          0          0       5669   stm32l1xx_hal_tim.o
       132         12          0          0         56       1436   stm32l1xx_hal_timebase_tim.o
      2658         20          0          0          0      11205   stm32l1xx_hal_uart.o
       172         54          0          0          0       6864   stm32l1xx_it.o
       100         18         33          4          0     360235   system_stm32l1xx.o
       176         82         31          0          0       1566   task_state.o
      4734        598          0         68        240      33332   tasks.o
      1234        118          0         20         40      20179   timers.o
      1200        418         30        112        300       9085   uart-core.o

    ----------------------------------------------------------------------
     23244       2340        444        252       8096     596945   Object Totals
         0          0         32          0          0          0   (incl. Generated)
        34          0          9          3          0          0   (incl. Padding)

    ----------------------------------------------------------------------

      Code (inc. data)   RO Data    RW Data    ZI Data      Debug   Library Member Name

         0          0          0          0          0          0   entry.o
         0          0          0          0          0          0   entry10a.o
         0          0          0          0          0          0   entry11a.o
         8          4          0          0          0          0   entry2.o
         4          0          0          0          0          0   entry5.o
         0          0          0          0          0          0   entry7b.o
         0          0          0          0          0          0   entry8b.o
         8          4          0          0          0          0   entry9a.o
        30          0          0          0          0          0   handlers.o
        36          8          0          0          0         68   init.o
        30          0          0          0          0         68   llshl.o
        32          0          0          0          0         68   llushr.o
        36          0          0          0          0         68   memcpya.o
        36          0          0          0          0        108   memseta.o
       786         62          0          0          0        336   printf5.o
         0          0          0          4          0          0   stdout.o
        18          0          0          0          0         68   strcpy.o
        14          0          0          0          0         68   strlen.o
        30          0          0          0          0         80   strncmp.o
        98          0          0          0          0         92   uldiv.o

    ----------------------------------------------------------------------
      1168         78          0          4          0       1024   Library Totals
         2          0          0          0          0          0   (incl. Padding)

    ----------------------------------------------------------------------

      Code (inc. data)   RO Data    RW Data    ZI Data      Debug   Library Name

      1166         78          0          4          0       1024   mc_w.l

    ----------------------------------------------------------------------
      1168         78          0          4          0       1024   Library Totals

    ----------------------------------------------------------------------

==============================================================================


      Code (inc. data)   RO Data    RW Data    ZI Data      Debug   

     24412       2418        444        256       8096     587669   Grand Totals
     24412       2418        444        256       8096     587669   ELF Image Totals
     24412       2418        444        256          0          0   ROM Totals

==============================================================================

    Total RO  Size (Code + RO Data)                24856 (  24.27kB)
    Total RW  Size (RW Data + ZI Data)              8352 (   8.16kB)
    Total ROM Size (Code + RO Data + RW Data)      25112 (  24.52kB)

==============================================================================

