Component: ARM Compiler 5.06 update 3 (build 300) Tool: armlink [4d35c9]

==============================================================================

Section Cross References

    startup_stm32l151xba.o(RESET) refers to startup_stm32l151xba.o(STACK) for __initial_sp
    startup_stm32l151xba.o(RESET) refers to startup_stm32l151xba.o(.text) for Reset_Handler
    startup_stm32l151xba.o(RESET) refers to stm32l1xx_it.o(i.NMI_Handler) for NMI_Handler
    startup_stm32l151xba.o(RESET) refers to stm32l1xx_it.o(i.HardFault_Handler) for HardFault_Handler
    startup_stm32l151xba.o(RESET) refers to stm32l1xx_it.o(i.MemManage_Handler) for MemManage_Handler
    startup_stm32l151xba.o(RESET) refers to stm32l1xx_it.o(i.BusFault_Handler) for BusFault_Handler
    startup_stm32l151xba.o(RESET) refers to stm32l1xx_it.o(i.UsageFault_Handler) for UsageFault_Handler
    startup_stm32l151xba.o(RESET) refers to port.o(.emb_text) for SVC_Handler
    startup_stm32l151xba.o(RESET) refers to stm32l1xx_it.o(i.DebugMon_Handler) for DebugMon_Handler
    startup_stm32l151xba.o(RESET) refers to stm32l1xx_it.o(i.SysTick_Handler) for SysTick_Handler
    startup_stm32l151xba.o(RESET) refers to stm32l1xx_it.o(i.DMA1_Channel2_IRQHandler) for DMA1_Channel2_IRQHandler
    startup_stm32l151xba.o(RESET) refers to stm32l1xx_it.o(i.DMA1_Channel3_IRQHandler) for DMA1_Channel3_IRQHandler
    startup_stm32l151xba.o(RESET) refers to stm32l1xx_it.o(i.DMA1_Channel4_IRQHandler) for DMA1_Channel4_IRQHandler
    startup_stm32l151xba.o(RESET) refers to stm32l1xx_it.o(i.DMA1_Channel5_IRQHandler) for DMA1_Channel5_IRQHandler
    startup_stm32l151xba.o(RESET) refers to stm32l1xx_it.o(i.DMA1_Channel6_IRQHandler) for DMA1_Channel6_IRQHandler
    startup_stm32l151xba.o(RESET) refers to stm32l1xx_it.o(i.DMA1_Channel7_IRQHandler) for DMA1_Channel7_IRQHandler
    startup_stm32l151xba.o(RESET) refers to stm32l1xx_it.o(i.TIM2_IRQHandler) for TIM2_IRQHandler
    startup_stm32l151xba.o(RESET) refers to stm32l1xx_it.o(i.USART1_IRQHandler) for USART1_IRQHandler
    startup_stm32l151xba.o(RESET) refers to stm32l1xx_it.o(i.USART2_IRQHandler) for USART2_IRQHandler
    startup_stm32l151xba.o(RESET) refers to stm32l1xx_it.o(i.USART3_IRQHandler) for USART3_IRQHandler
    startup_stm32l151xba.o(.text) refers to system_stm32l1xx.o(i.SystemInit) for SystemInit
    startup_stm32l151xba.o(.text) refers to entry.o(.ARM.Collect$$$$00000000) for __main
    system_stm32l1xx.o(i.SystemCoreClockUpdate) refers to system_stm32l1xx.o(.data) for .data
    system_stm32l1xx.o(i.SystemCoreClockUpdate) refers to system_stm32l1xx.o(.constdata) for .constdata
    application.o(i.application_start) refers to uart-core.o(i.uart_core_task_create) for uart_core_task_create
    application.o(i.application_start) refers to task_state.o(i.create_state_task) for create_state_task
    application.o(i.application_start) refers to console.o(i.console_task_create) for console_task_create
    application.o(i.application_start) refers to test-core.o(i.test_func_start) for test_func_start
    console.o(i.console_commond_register) refers to strlen.o(.text) for strlen
    console.o(i.console_commond_register) refers to memcpya.o(.text) for __aeabi_memcpy
    console.o(i.console_commond_register) refers to console.o(.data) for .data
    console.o(i.console_commond_register) refers to console.o(.bss) for .bss
    console.o(i.console_read_call_back) refers to memcpya.o(.text) for __aeabi_memcpy
    console.o(i.console_read_call_back) refers to event_groups.o(i.xEventGroupSetBitsFromISR) for xEventGroupSetBitsFromISR
    console.o(i.console_read_call_back) refers to console.o(.bss) for .bss
    console.o(i.console_task_create) refers to memcpya.o(.text) for __aeabi_memcpy4
    console.o(i.console_task_create) refers to cmsis_os.o(i.osThreadCreate) for osThreadCreate
    console.o(i.console_task_create) refers to printf5.o(i.__0printf$5) for __2printf
    console.o(i.console_task_create) refers to event_groups.o(i.xEventGroupCreate) for xEventGroupCreate
    console.o(i.console_task_create) refers to event_groups.o(i.xEventGroupClearBits) for xEventGroupClearBits
    console.o(i.console_task_create) refers to console.o(i.console_commond_register) for console_commond_register
    console.o(i.console_task_create) refers to console.o(.constdata) for .constdata
    console.o(i.console_task_create) refers to console.o(.bss) for .bss
    console.o(i.console_task_create) refers to console.o(i.help_function) for help_function
    console.o(i.console_task_function) refers to uart-core.o(i.uart_get_handle) for uart_get_handle
    console.o(i.console_task_function) refers to printf5.o(i.__0printf$5) for __2printf
    console.o(i.console_task_function) refers to tasks.o(i.vTaskDelete) for vTaskDelete
    console.o(i.console_task_function) refers to uart-core.o(i.uart_core_read_register) for uart_core_read_register
    console.o(i.console_task_function) refers to event_groups.o(i.xEventGroupWaitBits) for xEventGroupWaitBits
[...]
    i.HAL_UART_Transmit_DMA                  0x08001b04   Section        0  stm32l1xx_hal_uart.o(i.HAL_UART_Transmit_DMA)
    i.HAL_UART_TxCpltCallback                0x08001b94   Section        0  uart-core.o(i.HAL_UART_TxCpltCallback)
    i.HAL_UART_TxHalfCpltCallback            0x08001bf0   Section        0  uart-core.o(i.HAL_UART_TxHalfCpltCallback)
    i.HardFault_Handler                      0x08001bf2   Section        0  stm32l1xx_it.o(i.HardFault_Handler)
    i.MX_DMA_Init                            0x08001bf4   Section        0  main.o(i.MX_DMA_Init)
    MX_DMA_Init                              0x08001bf5   Thumb Code   158  main.o(i.MX_DMA_Init)
    i.MX_GPIO_Init                           0x08001ca0   Section        0  main.o(i.MX_GPIO_Init)
    MX_GPIO_Init                             0x08001ca1   Thumb Code   108  main.o(i.MX_GPIO_Init)
    i.MemManage_Handler                      0x08001d14   Section        0  stm32l1xx_it.o(i.MemManage_Handler)
    i.NMI_Handler                            0x08001d16   Section        0  stm32l1xx_it.o(i.NMI_Handler)
    i.NVIC_SetPriority                       0x08001d18   Section        0  stm32l1xx_hal_cortex.o(i.NVIC_SetPriority)
    NVIC_SetPriority                         0x08001d19   Thumb Code    32  stm32l1xx_hal_cortex.o(i.NVIC_SetPriority)
    i.RCC_SetFlashLatencyFromMSIRange        0x08001d38   Section        0  stm32l1xx_hal_rcc.o(i.RCC_SetFlashLatencyFromMSIRange)
    RCC_SetFlashLatencyFromMSIRange          0x08001d39   Thumb Code   116  stm32l1xx_hal_rcc.o(i.RCC_SetFlashLatencyFromMSIRange)
    i.StartDefaultTask                       0x08001db8   Section        0  main.o(i.StartDefaultTask)
    i.SysTick_Handler                        0x08001dec   Section        0  stm32l1xx_it.o(i.SysTick_Handler)
    i.SystemClock_Config                     0x08001df0   Section        0  main.o(i.SystemClock_Config)
    i.SystemInit                             0x08001e6c   Section        0  system_stm32l1xx.o(i.SystemInit)
    i.TIM2_IRQHandler                        0x08001ebc   Section        0  stm32l1xx_it.o(i.TIM2_IRQHandler)
    i.TIM_Base_SetConfig                     0x08001ec8   Section        0  stm32l1xx_hal_tim.o(i.TIM_Base_SetConfig)
    TIM_Base_SetConfig                       0x08001ec9   Thumb Code    86  stm32l1xx_hal_tim.o(i.TIM_Base_SetConfig)
    i.UART_DMAError                          0x08001f34   Section        0  stm32l1xx_hal_uart.o(i.UART_DMAError)
    UART_DMAError                            0x08001f35   Thumb Code    48  stm32l1xx_hal_uart.o(i.UART_DMAError)
    i.UART_DMAReceiveCplt                    0x08001f64   Section        0  stm32l1xx_hal_uart.o(i.UART_DMAReceiveCplt)
    UART_DMAReceiveCplt                      0x08001f65   Thumb Code    54  stm32l1xx_hal_uart.o(i.UART_DMAReceiveCplt)
    i.UART_DMARxHalfCplt                     0x08001f9a   Section        0  stm32l1xx_hal_uart.o(i.UART_DMARxHalfCplt)
    UART_DMARxHalfCplt                       0x08001f9b   Thumb Code    10  stm32l1xx_hal_uart.o(i.UART_DMARxHalfCplt)
    i.UART_DMATransmitCplt                   0x08001fa4   Section        0  stm32l1xx_hal_uart.o(i.UART_DMATransmitCplt)
    UART_DMATransmitCplt                     0x08001fa5   Thumb Code    46  stm32l1xx_hal_uart.o(i.UART_DMATransmitCplt)
    i.UART_DMATxHalfCplt                     0x08001fd2   Section        0  stm32l1xx_hal_uart.o(i.UART_DMATxHalfCplt)
    UART_DMATxHalfCplt                       0x08001fd3   Thumb Code    10  stm32l1xx_hal_uart.o(i.UART_DMATxHalfCplt)
    i.UART_Receive_IT                        0x08001fdc   Section        0  stm32l1xx_hal_uart.o(i.UART_Receive_IT)
    UART_Receive_IT                          0x08001fdd   Thumb Code   168  stm32l1xx_hal_uart.o(i.UART_Receive_IT)
    i.UART_SetConfig                         0x08002084   Section        0  stm32l1xx_hal_uart.o(i.UART_SetConfig)
    UART_SetConfig                           0x08002085   Thumb Code   666  stm32l1xx_hal_uart.o(i.UART_SetConfig)
    i.UART_Transmit_IT                       0x08002324   Section        0  stm32l1xx_hal_uart.o(i.UART_Transmit_IT)
    UART_Transmit_IT                         0x08002325   Thumb Code   102  stm32l1xx_hal_uart.o(i.UART_Transmit_IT)
    i.UART_WaitOnFlagUntilTimeout            0x0800238a   Section        0  stm32l1xx_hal_uart.o(i.UART_WaitOnFlagUntilTimeout)
    UART_WaitOnFlagUntilTimeout              0x0800238b   Thumb Code   146  stm32l1xx_hal_uart.o(i.UART_WaitOnFlagUntilTimeout)
    i.USART1_IRQHandler                      0x0800241c   Section        0  stm32l1xx_it.o(i.USART1_IRQHandler)
    i.USART2_IRQHandler                      0x08002428   Section        0  stm32l1xx_it.o(i.USART2_IRQHandler)
    i.USART3_IRQHandler                      0x08002434   Section        0  stm32l1xx_it.o(i.USART3_IRQHandler)
    i.UsageFault_Handler                     0x08002440   Section        0  stm32l1xx_it.o(i.UsageFault_Handler)
    i.UsartReceive_IDLE_IT                   0x08002442   Section        0  stm32l1xx_hal_uart.o(i.UsartReceive_IDLE_IT)
    UsartReceive_IDLE_IT                     0x08002443   Thumb Code   142  stm32l1xx_hal_uart.o(i.UsartReceive_IDLE_IT)
    i._Error_Handler                         0x080024d0   Section        0  main.o(i._Error_Handler)
    i.__0printf$5                            0x080024d4   Section        0  printf5.o(i.__0printf$5)
    i.__0sprintf$5                           0x080024f4   Section        0  printf5.o(i.__0sprintf$5)
    i.__scatterload_copy                     0x0800251c   Section       14  handlers.o(i.__scatterload_copy)
    i.__scatterload_null                     0x0800252a   Section        2  handlers.o(i.__scatterload_null)
    i.__scatterload_zeroinit                 0x0800252c   Section       14  handlers.o(i.__scatterload_zeroinit)
    i._printf_core                           0x0800253c   Section        0  printf5.o(i._printf_core)
    _printf_core                             0x0800253d   Thumb Code   658  printf5.o(i._printf_core)
    i._sputc                                 0x080027fc   Section        0  printf5.o(i._sputc)
    _sputc                                   0x080027fd   Thumb Code    10  printf5.o(i._sputc)
    i.application_start                      0x08002806   Section        0  application.o(i.application_start)
    i.console_commond_register               0x0800281c   Section        0  console.o(i.console_commond_register)
    i.console_read_call_back                 0x080028f0   Section        0  console.o(i.console_read_call_back)
    i.console_task_create                    0x08002940   Section        0  console.o(i.console_task_create)
    i.console_task_function                  0x08002a9c   Section        0  console.o(i.console_task_function)
    i.create_state_task                      0x08002c04   Section        0  task_state.o(i.create_state_task)
    i.eTaskGetState                          0x08002cd8   Section        0  tasks.o(i.eTaskGetState)
    i.fputc                                  0x08002d40   Section        0  console.o(i.fputc)
    i.help_function                          0x08002d58   Section        0  console.o(i.help_function)
    i.main                                   0x08002dc0   Section        0  main.o(i.main)
    i.makeFreeRtosPriority                   0x08002e6c   Section        0  cmsis_os.o(i.makeFreeRtosPriority)
    makeFreeRtosPriority                     0x08002e6d   Thumb Code    12  cmsis_os.o(i.makeFreeRtosPriority)
    i.osDelay                                0x08002e78   Section        0  cmsis_os.o(i.osDelay)
    i.osKernelStart                          0x08002e86   Section        0  cmsis_os.o(i.osKernelStart)
    i.osSystickHandler                       0x08002e90   Section        0  cmsis_os.o(i.osSystickHandler)
    i.osThreadCreate                         0x08002ea4   Section        0  cmsis_os.o(i.osThreadCreate)
    i.parsing_console_string                 0x08002ed4   Section        0  console.o(i.parsing_console_string)
    i.prvAddCurrentTaskToDelayedList         0x08002f40   Section        0  tasks.o(i.prvAddCurrentTaskToDelayedList)
    prvAddCurrentTaskToDelayedList           0x08002f41   Thumb Code   102  tasks.o(i.prvAddCurrentTaskToDelayedList)
    i.prvAddNewTaskToReadyList               0x08002fb0   Section        0  tasks.o(i.prvAddNewTaskToReadyList)
    prvAddNewTaskToReadyList                 0x08002fb1   Thumb Code   196  tasks.o(i.prvAddNewTaskToReadyList)
    i.prvCheckForValidListAndQueue           0x08003080   Section        0  timers.o(i.prvCheckForValidListAndQueue)
    prvCheckForValidListAndQueue             0x08003081   Thumb Code    62  timers.o(i.prvCheckForValidListAndQueue)
    i.prvCheckTasksWaitingTermination        0x080030d0   Section        0  tasks.o(i.prvCheckTasksWaitingTermination)
    prvCheckTasksWaitingTermination          0x080030d1   Thumb Code    70  tasks.o(i.prvCheckTasksWaitingTermination)
    i.prvCopyDataFromQueue                   0x08003120   Section        0  queue.o(i.prvCopyDataFromQueue)
    prvCopyDataFromQueue                     0x08003121   Thumb Code    38  queue.o(i.prvCopyDataFromQueue)
    i.prvCopyDataToQueue                     0x08003146   Section        0  queue.o(i.prvCopyDataToQueue)
    prvCopyDataToQueue                       0x08003147   Thumb Code   108  queue.o(i.prvCopyDataToQueue)
    i.prvDeleteTCB                           0x080031b2   Section        0  tasks.o(i.prvDeleteTCB)
    prvDeleteTCB                             0x080031b3   Thumb Code    20  tasks.o(i.prvDeleteTCB)
    i.prvHeapInit                            0x080031c8   Section        0  heap_4.o(i.prvHeapInit)
    prvHeapInit                              0x080031c9   Thumb Code    66  heap_4.o(i.prvHeapInit)
    i.prvIdleTask                            0x08003214   Section        0  tasks.o(i.prvIdleTask)
    prvIdleTask                              0x08003215   Thumb Code    30  tasks.o(i.prvIdleTask)
    i.prvInitialiseNewTask                   0x0800323c   Section        0  tasks.o(i.prvInitialiseNewTask)
    prvInitialiseNewTask                     0x0800323d   Thumb Code   158  tasks.o(i.prvInitialiseNewTask)
    i.prvInsertBlockIntoFreeList             0x080032dc   Section        0  heap_4.o(i.prvInsertBlockIntoFreeList)
    prvInsertBlockIntoFreeList               0x080032dd   Thumb Code    72  heap_4.o(i.prvInsertBlockIntoFreeList)
    i.prvInsertTimerInActiveList             0x08003328   Section        0  timers.o(i.prvInsertTimerInActiveList)
    prvInsertTimerInActiveList               0x08003329   Thumb Code    52  timers.o(i.prvInsertTimerInActiveList)
    i.prvIsQueueEmpty                        0x08003360   Section        0  queue.o(i.prvIsQueueEmpty)
    prvIsQueueEmpty                          0x08003361   Thumb Code    28  queue.o(i.prvIsQueueEmpty)
    i.prvListTasksWithinSingleList           0x0800337c   Section        0  tasks.o(i.prvListTasksWithinSingleList)
    prvListTasksWithinSingleList             0x0800337d   Thumb Code    88  tasks.o(i.prvListTasksWithinSingleList)
    i.prvProcessReceivedCommands             0x080033d4   Section        0  timers.o(i.prvProcessReceivedCommands)
    prvProcessReceivedCommands               0x080033d5   Thumb Code   194  timers.o(i.prvProcessReceivedCommands)
    i.prvProcessTimerOrBlockTask             0x0800349c   Section        0  timers.o(i.prvProcessTimerOrBlockTask)
    prvProcessTimerOrBlockTask               0x0800349d   Thumb Code   172  timers.o(i.prvProcessTimerOrBlockTask)
    i.prvResetNextTaskUnblockTime            0x08003550   Section        0  tasks.o(i.prvResetNextTaskUnblockTime)
    prvResetNextTaskUnblockTime              0x08003551   Thumb Code    26  tasks.o(i.prvResetNextTaskUnblockTime)
    i.prvSampleTimeNow                       0x08003570   Section        0  timers.o(i.prvSampleTimeNow)
    prvSampleTimeNow                         0x08003571   Thumb Code    36  timers.o(i.prvSampleTimeNow)
    i.prvSwitchTimerLists                    0x08003598   Section        0  timers.o(i.prvSwitchTimerLists)
    prvSwitchTimerLists                      0x08003599   Thumb Code   102  timers.o(i.prvSwitchTimerLists)
    i.prvTaskExitError                       0x08003604   Section        0  port.o(i.prvTaskExitError)
    prvTaskExitError                         0x08003605   Thumb Code    36  port.o(i.prvTaskExitError)
    i.prvTaskIsTaskSuspended                 0x0800362c   Section        0  tasks.o(i.prvTaskIsTaskSuspended)
    prvTaskIsTaskSuspended                   0x0800362d   Thumb Code    48  tasks.o(i.prvTaskIsTaskSuspended)
    i.prvTestWaitCondition                   0x08003660   Section        0  event_groups.o(i.prvTestWaitCondition)
    prvTestWaitCondition                     0x08003661   Thumb Code    20  event_groups.o(i.prvTestWaitCondition)
    i.prvTimerTask                           0x08003674   Section        0  timers.o(i.prvTimerTask)
    prvTimerTask                             0x08003675   Thumb Code    32  timers.o(i.prvTimerTask)
    i.prvUnlockQueue                         0x08003698   Section        0  queue.o(i.prvUnlockQueue)
    prvUnlockQueue                           0x08003699   Thumb Code   106  queue.o(i.prvUnlockQueue)
    i.prvWriteNameToBuffer                   0x08003702   Section        0  tasks.o(i.prvWriteNameToBuffer)
    prvWriteNameToBuffer                     0x08003703   Thumb Code    34  tasks.o(i.prvWriteNameToBuffer)
    i.pvPortMalloc                           0x08003724   Section        0  heap_4.o(i.pvPortMalloc)
    i.pvTaskIncrementMutexHeldCount          0x080037fc   Section        0  tasks.o(i.pvTaskIncrementMutexHeldCount)
    i.pxPortInitialiseStack                  0x08003814   Section        0  port.o(i.pxPortInitialiseStack)
    i.task_state_function                    0x08003838   Section        0  task_state.o(i.task_state_function)
    i.task_uart_commond_excute_func          0x08003890   Section        0  task_state.o(i.task_uart_commond_excute_func)
    i.test_func_start                        0x0800389c   Section        0  test-core.o(i.test_func_start)
    i.test_uart11_function                   0x080038b0   Section        0  test_uart1.o(i.test_uart11_function)
    i.test_uart1_func                        0x080039a8   Section        0  test_uart1.o(i.test_uart1_func)
    i.test_uart1_function                    0x08003a3c   Section        0  test_uart1.o(i.test_uart1_function)
    i.test_uart2_func                        0x08003b28   Section        0  test_uart2.o(i.test_uart2_func)
    i.test_uart2_function                    0x08003b9c   Section        0  test_uart2.o(i.test_uart2_function)
    i.test_uart3_func                        0x08003c38   Section        0  test_uart3.o(i.test_uart3_func)
    i.test_uart3_function                    0x08003cac   Section        0  test_uart3.o(i.test_uart3_function)
    i.uart_core_read_register                0x08003db4   Section        0  uart-core.o(i.uart_core_read_register)
    i.uart_core_read_task_function           0x08003e5c   Section        0  uart-core.o(i.uart_core_read_task_function)
    i.uart_core_task_create                  0x08003ea4   Section        0  uart-core.o(i.uart_core_task_create)
    i.uart_get_handle                        0x08004078   Section        0  uart-core.o(i.uart_get_handle)
    i.uart_read_one_frame_data               0x080040c8   Section        0  uart-core.o(i.uart_read_one_frame_data)
    i.uart_write_data                        0x08004130   Section        0  uart-core.o(i.uart_write_data)
    i.uxListRemove                           0x08004234   Section        0  list.o(i.uxListRemove)
    i.uxTaskGetSystemState                   0x08004258   Section        0  tasks.o(i.uxTaskGetSystemState)
    i.uxTaskResetEventItemValue              0x08004308   Section        0  tasks.o(i.uxTaskResetEventItemValue)
    i.vEventGroupSetBitsCallback             0x08004320   Section        0  event_groups.o(i.vEventGroupSetBitsCallback)
    i.vListInitialise                        0x08004324   Section        0  list.o(i.vListInitialise)
    i.vListInitialiseItem                    0x0800433a   Section        0  list.o(i.vListInitialiseItem)
    i.vListInsert                            0x08004340   Section        0  list.o(i.vListInsert)
    i.vListInsertEnd                         0x08004370   Section        0  list.o(i.vListInsertEnd)
    i.vPortEnterCritical                     0x08004388   Section        0  port.o(i.vPortEnterCritical)
    i.vPortExitCritical                      0x080043c8   Section        0  port.o(i.vPortExitCritical)
    i.vPortFree                              0x080043f0   Section        0  heap_4.o(i.vPortFree)
    i.vPortSetupTimerInterrupt               0x0800444c   Section        0  port.o(i.vPortSetupTimerInterrupt)
    i.vPortValidateInterruptPriority         0x0800446c   Section        0  port.o(i.vPortValidateInterruptPriority)
    i.vQueueAddToRegistry                    0x080044c0   Section        0  queue.o(i.vQueueAddToRegistry)
    i.vQueueWaitForMessageRestricted         0x080044e8   Section        0  queue.o(i.vQueueWaitForMessageRestricted)
    i.vTaskDelay                             0x0800452c   Section        0  tasks.o(i.vTaskDelay)
    i.vTaskDelete                            0x08004578   Section        0  tasks.o(i.vTaskDelete)
    i.vTaskGetInfo                           0x08004624   Section        0  tasks.o(i.vTaskGetInfo)
    i.vTaskGetRunTimeStats                   0x080046a4   Section        0  tasks.o(i.vTaskGetRunTimeStats)
    i.vTaskList                              0x08004758   Section        0  tasks.o(i.vTaskList)
    i.vTaskMissedYield                       0x08004814   Section        0  tasks.o(i.vTaskMissedYield)
    i.vTaskPlaceOnEventList                  0x08004820   Section        0  tasks.o(i.vTaskPlaceOnEventList)
    i.vTaskPlaceOnEventListRestricted        0x08004850   Section        0  tasks.o(i.vTaskPlaceOnEventListRestricted)
    i.vTaskPlaceOnUnorderedEventList         0x08004888   Section        0  tasks.o(i.vTaskPlaceOnUnorderedEventList)
    i.vTaskPriorityInherit                   0x080048d8   Section        0  tasks.o(i.vTaskPriorityInherit)
    i.vTaskResume                            0x0800495c   Section        0  tasks.o(i.vTaskResume)
    i.vTaskSetTimeOutState                   0x080049d8   Section        0  tasks.o(i.vTaskSetTimeOutState)
    i.vTaskStartScheduler                    0x080049fc   Section        0  tasks.o(i.vTaskStartScheduler)
    i.vTaskSuspend                           0x08004a74   Section        0  tasks.o(i.vTaskSuspend)
    i.vTaskSuspendAll                        0x08004b24   Section        0  tasks.o(i.vTaskSuspendAll)
    i.vTaskSwitchContext                     0x08004b34   Section        0  tasks.o(i.vTaskSwitchContext)
    i.xEventGroupClearBits                   0x08004bac   Section        0  event_groups.o(i.xEventGroupClearBits)
    i.xEventGroupCreate                      0x08004bec   Section        0  event_groups.o(i.xEventGroupCreate)
    i.xEventGroupSetBits                     0x08004c06   Section        0  event_groups.o(i.xEventGroupSetBits)
    i.xEventGroupSetBitsFromISR              0x08004c94   Section        0  event_groups.o(i.xEventGroupSetBitsFromISR)
    i.xEventGroupWaitBits                    0x08004ca4   Section        0  event_groups.o(i.xEventGroupWaitBits)
    i.xPortStartScheduler                    0x08004dac   Section        0  port.o(i.xPortStartScheduler)
    i.xPortSysTickHandler                    0x08004e20   Section        0  port.o(i.xPortSysTickHandler)
    i.xQueueGenericCreate                    0x08004e4c   Section        0  queue.o(i.xQueueGenericCreate)
    i.xQueueGenericReceive                   0x08004ea0   Section        0  queue.o(i.xQueueGenericReceive)
    i.xQueueGenericReset                     0x0800500c   Section        0  queue.o(i.xQueueGenericReset)
    i.xQueueGenericSend                      0x08005094   Section        0  queue.o(i.xQueueGenericSend)
    i.xQueueGenericSendFromISR               0x080051f4   Section        0  queue.o(i.xQueueGenericSendFromISR)
    i.xTaskCheckForTimeOut                   0x080052b0   Section        0  tasks.o(i.xTaskCheckForTimeOut)
    i.xTaskCreate                            0x0800531c   Section        0  tasks.o(i.xTaskCreate)
    i.xTaskGetSchedulerState                 0x08005374   Section        0  tasks.o(i.xTaskGetSchedulerState)
    i.xTaskGetTickCount                      0x08005390   Section        0  tasks.o(i.xTaskGetTickCount)
    i.xTaskIncrementTick                     0x0800539c   Section        0  tasks.o(i.xTaskIncrementTick)
    i.xTaskPriorityDisinherit                0x08005464   Section        0  tasks.o(i.xTaskPriorityDisinherit)
    i.xTaskRemoveFromEventList               0x080054fc   Section        0  tasks.o(i.xTaskRemoveFromEventList)
    i.xTaskRemoveFromUnorderedEventList      0x08005570   Section        0  tasks.o(i.xTaskRemoveFromUnorderedEventList)
    i.xTaskResumeAll                         0x080055e8   Section        0  tasks.o(i.xTaskResumeAll)
    i.xTimerCreateTimerTask                  0x080056ac   Section        0  timers.o(i.xTimerCreateTimerTask)
    i.xTimerGenericCommand                   0x080056f4   Section        0  timers.o(i.xTimerGenericCommand)
    i.xTimerPendFunctionCallFromISR          0x0800575c   Section        0  timers.o(i.xTimerPendFunctionCallFromISR)
    .constdata                               0x08005784   Section       25  system_stm32l1xx.o(.constdata)
    .constdata                               0x0800579d   Section        8  system_stm32l1xx.o(.constdata)
    .constdata                               0x080057a8   Section       20  console.o(.constdata)
    .constdata                               0x080057bc   Section       20  task_state.o(.constdata)
    .constdata                               0x080057d0   Section       20  uart-core.o(.constdata)
    .constdata                               0x080057e4   Section       40  test_uart1.o(.constdata)
    .constdata                               0x0800580c   Section       20  test_uart2.o(.constdata)
    .constdata                               0x08005820   Section       20  test_uart3.o(.constdata)
    .constdata                               0x08005834   Section       20  main.o(.constdata)
    .conststring                             0x08005848   Section       13  console.o(.conststring)
    .conststring                             0x08005858   Section       11  task_state.o(.conststring)
    .conststring                             0x08005864   Section       15  uart-core.o(.conststring)
    .conststring                             0x08005874   Section       23  test_uart1.o(.conststring)
    .conststring                             0x0800588c   Section       11  test_uart2.o(.conststring)
    .conststring                             0x08005898   Section       11  test_uart3.o(.conststring)
    .conststring                             0x080058a4   Section       12  main.o(.conststring)
    .data                                    0x20000000   Section        4  system_stm32l1xx.o(.data)
    .data                                    0x20000004   Section        1  console.o(.data)
    flag                                     0x20000004   Data           1  console.o(.data)
    .data                                    0x20000008   Section        4  task_state.o(.data)
    task_state_handle                        0x20000008   Data           4  task_state.o(.data)
    .data                                    0x2000000c   Section      128  uart-core.o(.data)
    uart_core_read_event_group               0x2000000c   Data           4  uart-core.o(.data)
    uart_core_write_event_group              0x20000010   Data           4  uart-core.o(.data)
    .data                                    0x2000008c   Section        4  stm32l1xx_hal.o(.data)
    .data                                    0x20000090   Section        4  main.o(.data)
    .data                                    0x20000094   Section       20  timers.o(.data)
    xTimerQueue                              0x20000094   Data           4  timers.o(.data)
    xTimerTaskHandle                         0x20000098   Data           4  timers.o(.data)
    xLastTime                                0x2000009c   Data           4  timers.o(.data)
    pxCurrentTimerList                       0x200000a0   Data           4  timers.o(.data)
    pxOverflowTimerList                      0x200000a4   Data           4  timers.o(.data)
    .data                                    0x200000a8   Section       24  heap_4.o(.data)
    pxEnd                                    0x200000a8   Data           4  heap_4.o(.data)
    xFreeBytesRemaining                      0x200000ac   Data           4  heap_4.o(.data)
    xMinimumEverFreeBytesRemaining           0x200000b0   Data           4  heap_4.o(.data)
    xBlockAllocatedBit                       0x200000b4   Data           4  heap_4.o(.data)
    xStart                                   0x200000b8   Data           8  heap_4.o(.data)
    .data                                    0x200000c0   Section       68  tasks.o(.data)
    uxDeletedTasksWaitingCleanUp             0x200000c4   Data           4  tasks.o(.data)
    uxCurrentNumberOfTasks                   0x200000c8   Data           4  tasks.o(.data)
    xTickCount                               0x200000cc   Data           4  tasks.o(.data)
    uxTopReadyPriority                       0x200000d0   Data           4  tasks.o(.data)
    xSchedulerRunning                        0x200000d4   Data           4  tasks.o(.data)
    uxPendedTicks                            0x200000d8   Data           4  tasks.o(.data)
    xYieldPending                            0x200000dc   Data           4  tasks.o(.data)
    xNumOfOverflows                          0x200000e0   Data           4  tasks.o(.data)
    uxTaskNumber                             0x200000e4   Data           4  tasks.o(.data)
    xNextTaskUnblockTime                     0x200000e8   Data           4  tasks.o(.data)
    xIdleTaskHandle                          0x200000ec   Data           4  tasks.o(.data)
    uxSchedulerSuspended                     0x200000f0   Data           4  tasks.o(.data)
    ulTaskSwitchedInTime                     0x200000f4   Data           4  tasks.o(.data)
    ulTotalRunTime                           0x200000f8   Data           4  tasks.o(.data)
    pxDelayedTaskList                        0x200000fc   Data           4  tasks.o(.data)
    pxOverflowDelayedTaskList                0x20000100   Data           4  tasks.o(.data)
    .data                                    0x20000104   Section       12  port.o(.data)
    ucMaxSysCallPriority                     0x20000104   Data           1  port.o(.data)
    uxCriticalNesting                        0x20000108   Data           4  port.o(.data)
    ulMaxPRIGROUPValue                       0x2000010c   Data           4  port.o(.data)
    .data                                    0x20000110   Section        4  stdout.o(.data)
    .bss                                     0x20000114   Section      552  console.o(.bss)
    console                                  0x20000114   Data         552  console.o(.bss)
    .bss                                     0x2000033c   Section      100  uart-core.o(.bss)
    .bss                                     0x200003a0   Section      100  uart-core.o(.bss)
    .bss                                     0x20000404   Section      100  uart-core.o(.bss)
    .bss                                     0x20000468   Section      260  main.o(.bss)
    .bss                                     0x2000056c   Section       68  main.o(.bss)
    .bss                                     0x200005b0   Section       68  main.o(.bss)
    .bss                                     0x200005f4   Section       68  main.o(.bss)
    .bss                                     0x20000638   Section       68  main.o(.bss)
    .bss                                     0x2000067c   Section       68  main.o(.bss)
    .bss                                     0x200006c0   Section       68  main.o(.bss)
    .bss                                     0x20000704   Section       56  stm32l1xx_hal_timebase_tim.o(.bss)
    .bss                                     0x2000073c   Section       40  timers.o(.bss)
    xActiveTimerList1                        0x2000073c   Data          20  timers.o(.bss)
    xActiveTimerList2                        0x20000750   Data          20  timers.o(.bss)
    .bss                                     0x20000764   Section       80  queue.o(.bss)
    .bss                                     0x200007b4   Section     7168  heap_4.o(.bss)
    ucHeap                                   0x200007b4   Data        7168  heap_4.o(.bss)
    .bss                                     0x200023b4   Section      240  tasks.o(.bss)
    pxReadyTasksLists                        0x200023b4   Data         140  tasks.o(.bss)
    xDelayedTaskList1                        0x20002440   Data          20  tasks.o(.bss)
    xDelayedTaskList2                        0x20002454   Data          20  tasks.o(.bss)
    xPendingReadyList                        0x20002468   Data          20  tasks.o(.bss)
    xTasksWaitingTermination                 0x2000247c   Data          20  tasks.o(.bss)
    xSuspendedTaskList                       0x20002490   Data          20  tasks.o(.bss)
    STACK                                    0x200024a8   Section     1024  startup_stm32l151xba.o(STACK)

    Global Symbols

    Symbol Name                              Value     Ov Type        Size  Object(Section)

    BuildAttributes$$THM_ISAv4$P$D$K$B$S$PE$A:L22UL41UL21$X:L11$S22US41US21$IEEE1$IW$USESV6$~STKCKD$USESV7$~SHL$OSPACE$ROPI$EBA8$MICROLIB$REQ8$PRES8$EABIv2 0x00000000   Number         0  anon$$obj.o ABSOLUTE
    __ARM_use_no_argv                        0x00000000   Number         0  main.o ABSOLUTE
    _printf_a                                0x00000000   Number         0  stubs.o ABSOLUTE
    _printf_c                                0x00000000   Number         0  stubs.o ABSOLUTE
    _printf_charcount                        0x00000000   Number         0  stubs.o ABSOLUTE
    _printf_d                                0x00000000   Number         0  stubs.o ABSOLUTE
    _printf_e                                0x00000000   Number         0  stubs.o ABSOLUTE
    _printf_f                                0x00000000   Number         0  stubs.o ABSOLUTE
    _printf_flags                            0x00000000   Number         0  stubs.o ABSOLUTE
    _printf_fp_dec                           0x00000000   Number         0  stubs.o ABSOLUTE
    _printf_fp_hex                           0x00000000   Number         0  stubs.o ABSOLUTE
    _printf_g                                0x00000000   Number         0  stubs.o ABSOLUTE
    _printf_i                                0x00000000   Number         0  stubs.o ABSOLUTE
    _printf_int_dec                          0x00000000   Number         0  stubs.o ABSOLUTE
    _printf_l                                0x00000000   Number         0  stubs.o ABSOLUTE
    _printf_lc                               0x00000000   Number         0  stubs.o ABSOLUTE
    _printf_ll                               0x00000000   Number         0  stubs.o ABSOLUTE
    _printf_lld                              0x00000000   Number         0  stubs.o ABSOLUTE
    _printf_lli                              0x00000000   Number         0  stubs.o ABSOLUTE
    _printf_llo                              0x00000000   Number         0  stubs.o ABSOLUTE
    _printf_llu                              0x00000000   Number         0  stubs.o ABSOLUTE
    _printf_llx                              0x00000000   Number         0  stubs.o ABSOLUTE
    _printf_longlong_dec                     0x00000000   Number         0  stubs.o ABSOLUTE
    _printf_longlong_hex                     0x00000000   Number         0  stubs.o ABSOLUTE
    _printf_longlong_oct                     0x00000000   Number         0  stubs.o ABSOLUTE
    _printf_ls                               0x00000000   Number         0  stubs.o ABSOLUTE
    _printf_mbtowc                           0x00000000   Number         0  stubs.o ABSOLUTE
    _printf_n                                0x00000000   Number         0  stubs.o ABSOLUTE
    _printf_o                                0x00000000   Number         0  stubs.o ABSOLUTE
    _printf_p                                0x00000000   Number         0  stubs.o ABSOLUTE
    _printf_percent                          0x00000000   Number         0  stubs.o ABSOLUTE
    _printf_pre_padding                      0x00000000   Number         0  stubs.o ABSOLUTE
    _printf_return_value                     0x00000000   Number         0  stubs.o ABSOLUTE
    _printf_s                                0x00000000   Number         0  stubs.o ABSOLUTE
    _printf_sizespec                         0x00000000   Number         0  stubs.o ABSOLUTE
    _printf_str                              0x00000000   Number         0  stubs.o ABSOLUTE
    _printf_truncate_signed                  0x00000000   Number         0  stubs.o ABSOLUTE
    _printf_truncate_unsigned                0x00000000   Number         0  stubs.o ABSOLUTE
    _printf_u                                0x00000000   Number         0  stubs.o ABSOLUTE
    _printf_wc                               0x00000000   Number         0  stubs.o ABSOLUTE
    _printf_wctomb                           0x00000000   Number         0  stubs.o ABSOLUTE
    _printf_widthprec                        0x00000000   Number         0  stubs.o ABSOLUTE
    _printf_x                                0x00000000   Number         0  stubs.o ABSOLUTE
    __cpp_initialize__aeabi_                  - Undefined Weak Reference
    __cxa_finalize                            - Undefined Weak Reference
    __decompress                              - Undefined Weak Reference
    _clock_init                               - Undefined Weak Reference
    _microlib_exit                            - Undefined Weak Reference
    __Vectors_Size                           0x000000f4   Number         0  startup_stm32l151xba.o ABSOLUTE
    __Vectors                                0x08000000   Data           4  startup_stm32l151xba.o(RESET)
    __Vectors_End                            0x080000f4   Data           0  startup_stm32l151xba.o(RESET)
    __main                                   0x080000f5   Thumb Code     0  entry.o(.ARM.Collect$$$$00000000)
    _main_stk                                0x080000f5   Thumb Code     0  entry2.o(.ARM.Collect$$$$00000001)
    _main_scatterload                        0x080000f9   Thumb Code     0  entry5.o(.ARM.Collect$$$$00000004)
    __main_after_scatterload                 0x080000fd   Thumb Code     0  entry5.o(.ARM.Collect$$$$00000004)
    _main_clock                              0x080000fd   Thumb Code     0  entry7b.o(.ARM.Collect$$$$00000008)
    _main_cpp_init                           0x080000fd   Thumb Code     0  entry8b.o(.ARM.Collect$$$$0000000A)
    _main_init                               0x080000fd   Thumb Code     0  entry9a.o(.ARM.Collect$$$$0000000B)
    __rt_final_cpp                           0x08000105   Thumb Code     0  entry10a.o(.ARM.Collect$$$$0000000D)
    __rt_final_exit                          0x08000105   Thumb Code     0  entry11a.o(.ARM.Collect$$$$0000000F)
    SVC_Handler                              0x08000109   Thumb Code    32  port.o(.emb_text)
    __asm___6_port_c_39a90d8d__prvStartFirstTask 0x0800012d   Thumb Code    28  port.o(.emb_text)
    PendSV_Handler                           0x0800014d   Thumb Code    72  port.o(.emb_text)
    vPortGetIPSR                             0x08000199   Thumb Code     6  port.o(.emb_text)
    Reset_Handler                            0x080001a1   Thumb Code     8  startup_stm32l151xba.o(.text)
    ADC1_IRQHandler                          0x080001bb   Thumb Code     0  startup_stm32l151xba.o(.text)
    COMP_IRQHandler                          0x080001bb   Thumb Code     0  startup_stm32l151xba.o(.text)
    DAC_IRQHandler                           0x080001bb   Thumb Code     0  startup_stm32l151xba.o(.text)
    DMA1_Channel1_IRQHandler                 0x080001bb   Thumb Code     0  startup_stm32l151xba.o(.text)
    EXTI0_IRQHandler                         0x080001bb   Thumb Code     0  startup_stm32l151xba.o(.text)
    EXTI15_10_IRQHandler                     0x080001bb   Thumb Code     0  startup_stm32l151xba.o(.text)
    EXTI1_IRQHandler                         0x080001bb   Thumb Code     0  startup_stm32l151xba.o(.text)
    EXTI2_IRQHandler                         0x080001bb   Thumb Code     0  startup_stm32l151xba.o(.text)
    EXTI3_IRQHandler                         0x080001bb   Thumb Code     0  startup_stm32l151xba.o(.text)
    EXTI4_IRQHandler                         0x080001bb   Thumb Code     0  startup_stm32l151xba.o(.text)
    EXTI9_5_IRQHandler                       0x080001bb   Thumb Code     0  startup_stm32l151xba.o(.text)
    FLASH_IRQHandler                         0x080001bb   Thumb Code     0  startup_stm32l151xba.o(.text)
    I2C1_ER_IRQHandler                       0x080001bb   Thumb Code     0  startup_stm32l151xba.o(.text)
    I2C1_EV_IRQHandler                       0x080001bb   Thumb Code     0  startup_stm32l151xba.o(.text)
    I2C2_ER_IRQHandler                       0x080001bb   Thumb Code     0  startup_stm32l151xba.o(.text)
    I2C2_EV_IRQHandler                       0x080001bb   Thumb Code     0  startup_stm32l151xba.o(.text)
    PVD_IRQHandler                           0x080001bb   Thumb Code     0  startup_stm32l151xba.o(.text)
    RCC_IRQHandler                           0x080001bb   Thumb Code     0  startup_stm32l151xba.o(.text)
    RTC_Alarm_IRQHandler                     0x080001bb   Thumb Code     0  startup_stm32l151xba.o(.text)
    RTC_WKUP_IRQHandler                      0x080001bb   Thumb Code     0  startup_stm32l151xba.o(.text)
    SPI1_IRQHandler                          0x080001bb   Thumb Code     0  startup_stm32l151xba.o(.text)
    SPI2_IRQHandler                          0x080001bb   Thumb Code     0  startup_stm32l151xba.o(.text)
    TAMPER_STAMP_IRQHandler                  0x080001bb   Thumb Code     0  startup_stm32l151xba.o(.text)
    TIM10_IRQHandler                         0x080001bb   Thumb Code     0  startup_stm32l151xba.o(.text)
    TIM11_IRQHandler                         0x080001bb   Thumb Code     0  startup_stm32l151xba.o(.text)
    TIM3_IRQHandler                          0x080001bb   Thumb Code     0  startup_stm32l151xba.o(.text)
    TIM4_IRQHandler                          0x080001bb   Thumb Code     0  startup_stm32l151xba.o(.text)
    TIM6_IRQHandler                          0x080001bb   Thumb Code     0  startup_stm32l151xba.o(.text)
    TIM7_IRQHandler                          0x080001bb   Thumb Code     0  startup_stm32l151xba.o(.text)
    TIM9_IRQHandler                          0x080001bb   Thumb Code     0  startup_stm32l151xba.o(.text)
    USB_FS_WKUP_IRQHandler                   0x080001bb   Thumb Code     0  startup_stm32l151xba.o(.text)
    USB_HP_IRQHandler                        0x080001bb   Thumb Code     0  startup_stm32l151xba.o(.text)
    USB_LP_IRQHandler                        0x080001bb   Thumb Code     0  startup_stm32l151xba.o(.text)
    WWDG_IRQHandler                          0x080001bb   Thumb Code     0  startup_stm32l151xba.o(.text)
    __aeabi_memcpy                           0x080001c5   Thumb Code    36  memcpya.o(.text)
    __aeabi_memcpy4                          0x080001c5   Thumb Code     0  memcpya.o(.text)
    __aeabi_memcpy8                          0x080001c5   Thumb Code     0  memcpya.o(.text)
    __aeabi_memset                           0x080001e9   Thumb Code    14  memseta.o(.text)
    __aeabi_memset4                          0x080001e9   Thumb Code     0  memseta.o(.text)
    __aeabi_memset8                          0x080001e9   Thumb Code     0  memseta.o(.text)
    __aeabi_memclr                           0x080001f7   Thumb Code     4  memseta.o(.text)
    __aeabi_memclr4                          0x080001f7   Thumb Code     0  memseta.o(.text)
    __aeabi_memclr8                          0x080001f7   Thumb Code     0  memseta.o(.text)
    _memset$wrapper                          0x080001fb   Thumb Code    18  memseta.o(.text)
    strlen                                   0x0800020d   Thumb Code    14  strlen.o(.text)
    strcpy                                   0x0800021b   Thumb Code    18  strcpy.o(.text)
    strncmp                                  0x0800022d   Thumb Code    30  strncmp.o(.text)
    __aeabi_uldivmod                         0x0800024b   Thumb Code    98  uldiv.o(.text)
    __scatterload                            0x080002ad   Thumb Code    28  init.o(.text)
    __scatterload_rt2                        0x080002ad   Thumb Code     0  init.o(.text)
    __aeabi_llsl                             0x080002d1   Thumb Code    30  llshl.o(.text)
    _ll_shift_l                              0x080002d1   Thumb Code     0  llshl.o(.text)
    __aeabi_llsr                             0x080002ef   Thumb Code    32  llushr.o(.text)
    _ll_ushift_r                             0x080002ef   Thumb Code     0  llushr.o(.text)
    BusFault_Handler                         0x0800030f   Thumb Code     2  stm32l1xx_it.o(i.BusFault_Handler)
    DMA1_Channel2_IRQHandler                 0x08000311   Thumb Code     6  stm32l1xx_it.o(i.DMA1_Channel2_IRQHandler)
    DMA1_Channel3_IRQHandler                 0x0800031d   Thumb Code     6  stm32l1xx_it.o(i.DMA1_Channel3_IRQHandler)
    DMA1_Channel4_IRQHandler                 0x08000329   Thumb Code     6  stm32l1xx_it.o(i.DMA1_Channel4_IRQHandler)
    DMA1_Channel5_IRQHandler                 0x08000335   Thumb Code     6  stm32l1xx_it.o(i.DMA1_Channel5_IRQHandler)
    DMA1_Channel6_IRQHandler                 0x08000341   Thumb Code     6  stm32l1xx_it.o(i.DMA1_Channel6_IRQHandler)
    DMA1_Channel7_IRQHandler                 0x0800034d   Thumb Code     6  stm32l1xx_it.o(i.DMA1_Channel7_IRQHandler)
    DebugMon_Handler                         0x08000383   Thumb Code     2  stm32l1xx_it.o(i.DebugMon_Handler)
    HAL_DMA_Abort                            0x08000385   Thumb Code    48  stm32l1xx_hal_dma.o(i.HAL_DMA_Abort)
    HAL_DMA_IRQHandler                       0x080003b5   Thumb Code   168  stm32l1xx_hal_dma.o(i.HAL_DMA_IRQHandler)
    HAL_DMA_Init                             0x0800045d   Thumb Code    92  stm32l1xx_hal_dma.o(i.HAL_DMA_Init)
    HAL_DMA_Start_IT                         0x080004c1   Thumb Code   112  stm32l1xx_hal_dma.o(i.HAL_DMA_Start_IT)
    HAL_GPIO_Init                            0x08000531   Thumb Code   364  stm32l1xx_hal_gpio.o(i.HAL_GPIO_Init)
    HAL_GPIO_WritePin                        0x080006bd   Thumb Code    10  stm32l1xx_hal_gpio.o(i.HAL_GPIO_WritePin)
    HAL_GetTick                              0x080006c9   Thumb Code     6  stm32l1xx_hal.o(i.HAL_GetTick)
    HAL_IncTick                              0x080006d5   Thumb Code    10  stm32l1xx_hal.o(i.HAL_IncTick)
    HAL_Init                                 0x080006e5   Thumb Code    22  stm32l1xx_hal.o(i.HAL_Init)
    HAL_InitTick                             0x080006fd   Thumb Code   100  stm32l1xx_hal_timebase_tim.o(i.HAL_InitTick)
    HAL_MspInit                              0x0800076d   Thumb Code   140  stm32l1xx_hal_msp.o(i.HAL_MspInit)
    HAL_NVIC_EnableIRQ                       0x080007fd   Thumb Code    22  stm32l1xx_hal_cortex.o(i.HAL_NVIC_EnableIRQ)
    HAL_NVIC_SetPriority                     0x08000815   Thumb Code    60  stm32l1xx_hal_cortex.o(i.HAL_NVIC_SetPriority)
    HAL_NVIC_SetPriorityGrouping             0x08000855   Thumb Code    26  stm32l1xx_hal_cortex.o(i.HAL_NVIC_SetPriorityGrouping)
    HAL_RCC_ClockConfig                      0x08000879   Thumb Code   450  stm32l1xx_hal_rcc.o(i.HAL_RCC_ClockConfig)
    HAL_RCC_GetClockConfig                   0x08000a4d   Thumb Code    54  stm32l1xx_hal_rcc.o(i.HAL_RCC_GetClockConfig)
    HAL_RCC_GetHCLKFreq                      0x08000a8d   Thumb Code     6  stm32l1xx_hal_rcc.o(i.HAL_RCC_GetHCLKFreq)
    HAL_RCC_GetPCLK1Freq                     0x08000a99   Thumb Code    34  stm32l1xx_hal_rcc.o(i.HAL_RCC_GetPCLK1Freq)
    HAL_RCC_GetPCLK2Freq                     0x08000ac9   Thumb Code    34  stm32l1xx_hal_rcc.o(i.HAL_RCC_GetPCLK2Freq)
    HAL_RCC_GetSysClockFreq                  0x08000af9   Thumb Code   122  stm32l1xx_hal_rcc.o(i.HAL_RCC_GetSysClockFreq)
    HAL_RCC_OscConfig                        0x08000b85   Thumb Code  1860  stm32l1xx_hal_rcc.o(i.HAL_RCC_OscConfig)
    HAL_SYSTICK_CLKSourceConfig              0x080012d5   Thumb Code    24  stm32l1xx_hal_cortex.o(i.HAL_SYSTICK_CLKSourceConfig)
    HAL_SYSTICK_Config                       0x080012ed   Thumb Code    40  stm32l1xx_hal_cortex.o(i.HAL_SYSTICK_Config)
    HAL_TIM_Base_Init                        0x08001315   Thumb Code    54  stm32l1xx_hal_tim.o(i.HAL_TIM_Base_Init)
    HAL_TIM_Base_MspInit                     0x0800134b   Thumb Code     2  stm32l1xx_hal_tim.o(i.HAL_TIM_Base_MspInit)
    HAL_TIM_Base_Start_IT                    0x0800134d   Thumb Code    24  stm32l1xx_hal_tim.o(i.HAL_TIM_Base_Start_IT)
    HAL_TIM_IC_CaptureCallback               0x08001365   Thumb Code     2  stm32l1xx_hal_tim.o(i.HAL_TIM_IC_CaptureCallback)
    HAL_TIM_IRQHandler                       0x08001367   Thumb Code   294  stm32l1xx_hal_tim.o(i.HAL_TIM_IRQHandler)
    HAL_TIM_OC_DelayElapsedCallback          0x0800148d   Thumb Code     2  stm32l1xx_hal_tim.o(i.HAL_TIM_OC_DelayElapsedCallback)
    HAL_TIM_PWM_PulseFinishedCallback        0x0800148f   Thumb Code     2  stm32l1xx_hal_tim.o(i.HAL_TIM_PWM_PulseFinishedCallback)
    HAL_TIM_PeriodElapsedCallback            0x08001491   Thumb Code    14  main.o(i.HAL_TIM_PeriodElapsedCallback)
    HAL_TIM_TriggerCallback                  0x0800149f   Thumb Code     2  stm32l1xx_hal_tim.o(i.HAL_TIM_TriggerCallback)
    HAL_UART_DMAStop                         0x080014a1   Thumb Code    40  stm32l1xx_hal_uart.o(i.HAL_UART_DMAStop)
    HAL_UART_ErrorCallback                   0x080014c9   Thumb Code   122  uart-core.o(i.HAL_UART_ErrorCallback)
    HAL_UART_IRQHandler                      0x08001569   Thumb Code   242  stm32l1xx_hal_uart.o(i.HAL_UART_IRQHandler)
    HAL_UART_Init                            0x0800165b   Thumb Code    94  stm32l1xx_hal_uart.o(i.HAL_UART_Init)
    HAL_UART_MspInit                         0x080016b9   Thumb Code   536  stm32l1xx_hal_msp.o(i.HAL_UART_MspInit)
    HAL_UART_Receive_DMA                     0x08001921   Thumb Code   122  stm32l1xx_hal_uart.o(i.HAL_UART_Receive_DMA)
    HAL_UART_Receive_Frame_DMA               0x080019a9   Thumb Code    24  stm32l1xx_hal_uart.o(i.HAL_UART_Receive_Frame_DMA)
    HAL_UART_RxCpltCallback                  0x080019c1   Thumb Code     2  uart-core.o(i.HAL_UART_RxCpltCallback)
    HAL_UART_RxHalfCpltCallback              0x080019c3   Thumb Code     2  uart-core.o(i.HAL_UART_RxHalfCpltCallback)
    HAL_UART_Rx_FrameCpltCallback            0x080019c5   Thumb Code   108  uart-core.o(i.HAL_UART_Rx_FrameCpltCallback)
    HAL_UART_Transmit                        0x08001a39   Thumb Code   204  stm32l1xx_hal_uart.o(i.HAL_UART_Transmit)
    HAL_UART_Transmit_DMA                    0x08001b05   Thumb Code   130  stm32l1xx_hal_uart.o(i.HAL_UART_Transmit_DMA)
    HAL_UART_TxCpltCallback                  0x08001b95   Thumb Code    82  uart-core.o(i.HAL_UART_TxCpltCallback)
    HAL_UART_TxHalfCpltCallback              0x08001bf1   Thumb Code     2  uart-core.o(i.HAL_UART_TxHalfCpltCallback)
    HardFault_Handler                        0x08001bf3   Thumb Code     2  stm32l1xx_it.o(i.HardFault_Handler)
    MemManage_Handler                        0x08001d15   Thumb Code     2  stm32l1xx_it.o(i.MemManage_Handler)
    NMI_Handler                              0x08001d17   Thumb Code     2  stm32l1xx_it.o(i.NMI_Handler)
    StartDefaultTask                         0x08001db9   Thumb Code    46  main.o(i.StartDefaultTask)
    SysTick_Handler                          0x08001ded   Thumb Code     4  stm32l1xx_it.o(i.SysTick_Handler)
    SystemClock_Config                       0x08001df1   Thumb Code   118  main.o(i.SystemClock_Config)
    SystemInit                               0x08001e6d   Thumb Code    62  system_stm32l1xx.o(i.SystemInit)
    TIM2_IRQHandler                          0x08001ebd   Thumb Code     6  stm32l1xx_it.o(i.TIM2_IRQHandler)
    USART1_IRQHandler                        0x0800241d   Thumb Code     6  stm32l1xx_it.o(i.USART1_IRQHandler)
    USART2_IRQHandler                        0x08002429   Thumb Code     6  stm32l1xx_it.o(i.USART2_IRQHandler)
    USART3_IRQHandler                        0x08002435   Thumb Code     6  stm32l1xx_it.o(i.USART3_IRQHandler)
    UsageFault_Handler                       0x08002441   Thumb Code     2  stm32l1xx_it.o(i.UsageFault_Handler)
    _Error_Handler                           0x080024d1   Thumb Code     2  main.o(i._Error_Handler)
    __0printf$5                              0x080024d5   Thumb Code    22  printf5.o(i.__0printf$5)
    __1printf$5                              0x080024d5   Thumb Code     0  printf5.o(i.__0printf$5)
    __2printf                                0x080024d5   Thumb Code     0  printf5.o(i.__0printf$5)
    __0sprintf$5                             0x080024f5   Thumb Code    34  printf5.o(i.__0sprintf$5)
    __1sprintf$5                             0x080024f5   Thumb Code     0  printf5.o(i.__0sprintf$5)
    __2sprintf                               0x080024f5   Thumb Code     0  printf5.o(i.__0sprintf$5)
    __scatterload_copy                       0x0800251d   Thumb Code    14  handlers.o(i.__scatterload_copy)
    __scatterload_null                       0x0800252b   Thumb Code     2  handlers.o(i.__scatterload_null)
    __scatterload_zeroinit                   0x0800252d   Thumb Code    14  handlers.o(i.__scatterload_zeroinit)
    application_start                        0x08002807   Thumb Code    22  application.o(i.application_start)
    console_commond_register                 0x0800281d   Thumb Code   202  console.o(i.console_commond_register)
    console_read_call_back                   0x080028f1   Thumb Code    70  console.o(i.console_read_call_back)
    console_task_create                      0x08002941   Thumb Code   102  console.o(i.console_task_create)
    console_task_function                    0x08002a9d   Thumb Code   150  console.o(i.console_task_function)
    create_state_task                        0x08002c05   Thumb Code    66  task_state.o(i.create_state_task)
    eTaskGetState                            0x08002cd9   Thumb Code    94  tasks.o(i.eTaskGetState)
    fputc                                    0x08002d41   Thumb Code    18  console.o(i.fputc)
    help_function                            0x08002d59   Thumb Code    54  console.o(i.help_function)
    main                                     0x08002dc1   Thumb Code   146  main.o(i.main)
    osDelay                                  0x08002e79   Thumb Code    14  cmsis_os.o(i.osDelay)
    osKernelStart                            0x08002e87   Thumb Code    10  cmsis_os.o(i.osKernelStart)
    osSystickHandler                         0x08002e91   Thumb Code    20  cmsis_os.o(i.osSystickHandler)
    osThreadCreate                           0x08002ea5   Thumb Code    46  cmsis_os.o(i.osThreadCreate)
    parsing_console_string                   0x08002ed5   Thumb Code    78  console.o(i.parsing_console_string)
    pvPortMalloc                             0x08003725   Thumb Code   210  heap_4.o(i.pvPortMalloc)
    pvTaskIncrementMutexHeldCount            0x080037fd   Thumb Code    18  tasks.o(i.pvTaskIncrementMutexHeldCount)
    pxPortInitialiseStack                    0x08003815   Thumb Code    32  port.o(i.pxPortInitialiseStack)
    task_state_function                      0x08003839   Thumb Code    82  task_state.o(i.task_state_function)
    task_uart_commond_excute_func            0x08003891   Thumb Code     8  task_state.o(i.task_uart_commond_excute_func)
    test_func_start                          0x0800389d   Thumb Code    18  test-core.o(i.test_func_start)
    test_uart11_function                     0x080038b1   Thumb Code    80  test_uart1.o(i.test_uart11_function)
    test_uart1_func                          0x080039a9   Thumb Code    72  test_uart1.o(i.test_uart1_func)
    test_uart1_function                      0x08003a3d   Thumb Code    80  test_uart1.o(i.test_uart1_function)
    test_uart2_func                          0x08003b29   Thumb Code    40  test_uart2.o(i.test_uart2_func)
    test_uart2_function                      0x08003b9d   Thumb Code    58  test_uart2.o(i.test_uart2_function)
    test_uart3_func                          0x08003c39   Thumb Code    40  test_uart3.o(i.test_uart3_func)
    test_uart3_function                      0x08003cad   Thumb Code    88  test_uart3.o(i.test_uart3_function)
    uart_core_read_register                  0x08003db5   Thumb Code   112  uart-core.o(i.uart_core_read_register)
    uart_core_read_task_function             0x08003e5d   Thumb Code    56  uart-core.o(i.uart_core_read_task_function)
    uart_core_task_create                    0x08003ea5   Thumb Code   184  uart-core.o(i.uart_core_task_create)
    uart_get_handle                          0x08004079   Thumb Code    76  uart-core.o(i.uart_get_handle)
    uart_read_one_frame_data                 0x080040c9   Thumb Code    62  uart-core.o(i.uart_read_one_frame_data)
    uart_write_data                          0x08004131   Thumb Code   224  uart-core.o(i.uart_write_data)
    uxListRemove                             0x08004235   Thumb Code    36  list.o(i.uxListRemove)
    uxTaskGetSystemState                     0x08004259   Thumb Code   162  tasks.o(i.uxTaskGetSystemState)
    uxTaskResetEventItemValue                0x08004309   Thumb Code    20  tasks.o(i.uxTaskResetEventItemValue)
    vEventGroupSetBitsCallback               0x08004321   Thumb Code     4  event_groups.o(i.vEventGroupSetBitsCallback)
    vListInitialise                          0x08004325   Thumb Code    22  list.o(i.vListInitialise)
    vListInitialiseItem                      0x0800433b   Thumb Code     6  list.o(i.vListInitialiseItem)
    vListInsert                              0x08004341   Thumb Code    48  list.o(i.vListInsert)
    vListInsertEnd                           0x08004371   Thumb Code    24  list.o(i.vListInsertEnd)
    vPortEnterCritical                       0x08004389   Thumb Code    54  port.o(i.vPortEnterCritical)
    vPortExitCritical                        0x080043c9   Thumb Code    34  port.o(i.vPortExitCritical)
    vPortFree                                0x080043f1   Thumb Code    88  heap_4.o(i.vPortFree)
    vPortSetupTimerInterrupt                 0x0800444d   Thumb Code    26  port.o(i.vPortSetupTimerInterrupt)
    vPortValidateInterruptPriority           0x0800446d   Thumb Code    74  port.o(i.vPortValidateInterruptPriority)
    vQueueAddToRegistry                      0x080044c1   Thumb Code    34  queue.o(i.vQueueAddToRegistry)
    vQueueWaitForMessageRestricted           0x080044e9   Thumb Code    68  queue.o(i.vQueueWaitForMessageRestricted)
    vTaskDelay                               0x0800452d   Thumb Code    66  tasks.o(i.vTaskDelay)
    vTaskDelete                              0x08004579   Thumb Code   158  tasks.o(i.vTaskDelete)
    vTaskGetInfo                             0x08004625   Thumb Code   124  tasks.o(i.vTaskGetInfo)
    vTaskGetRunTimeStats                     0x080046a5   Thumb Code   150  tasks.o(i.vTaskGetRunTimeStats)
    vTaskList                                0x08004759   Thumb Code   168  tasks.o(i.vTaskList)
    vTaskMissedYield                         0x08004815   Thumb Code     8  tasks.o(i.vTaskMissedYield)
    vTaskPlaceOnEventList                    0x08004821   Thumb Code    44  tasks.o(i.vTaskPlaceOnEventList)
    vTaskPlaceOnEventListRestricted          0x08004851   Thumb Code    52  tasks.o(i.vTaskPlaceOnEventListRestricted)
    vTaskPlaceOnUnorderedEventList           0x08004889   Thumb Code    76  tasks.o(i.vTaskPlaceOnUnorderedEventList)
    vTaskPriorityInherit                     0x080048d9   Thumb Code   124  tasks.o(i.vTaskPriorityInherit)
    vTaskResume                              0x0800495d   Thumb Code   112  tasks.o(i.vTaskResume)
    vTaskSetTimeOutState                     0x080049d9   Thumb Code    30  tasks.o(i.vTaskSetTimeOutState)
    vTaskStartScheduler                      0x080049fd   Thumb Code    98  tasks.o(i.vTaskStartScheduler)
    vTaskSuspend                             0x08004a75   Thumb Code   162  tasks.o(i.vTaskSuspend)
    vTaskSuspendAll                          0x08004b25   Thumb Code    10  tasks.o(i.vTaskSuspendAll)
    vTaskSwitchContext                       0x08004b35   Thumb Code   108  tasks.o(i.vTaskSwitchContext)
    xEventGroupClearBits                     0x08004bad   Thumb Code    64  event_groups.o(i.xEventGroupClearBits)
    xEventGroupCreate                        0x08004bed   Thumb Code    26  event_groups.o(i.xEventGroupCreate)
    xEventGroupSetBits                       0x08004c07   Thumb Code   140  event_groups.o(i.xEventGroupSetBits)
    xEventGroupSetBitsFromISR                0x08004c95   Thumb Code    12  event_groups.o(i.xEventGroupSetBitsFromISR)
    xEventGroupWaitBits                      0x08004ca5   Thumb Code   260  event_groups.o(i.xEventGroupWaitBits)
    xPortStartScheduler                      0x08004dad   Thumb Code   102  port.o(i.xPortStartScheduler)
    xPortSysTickHandler                      0x08004e21   Thumb Code    38  port.o(i.xPortSysTickHandler)
    xQueueGenericCreate                      0x08004e4d   Thumb Code    82  queue.o(i.xQueueGenericCreate)
    xQueueGenericReceive                     0x08004ea1   Thumb Code   360  queue.o(i.xQueueGenericReceive)
    xQueueGenericReset                       0x0800500d   Thumb Code   132  queue.o(i.xQueueGenericReset)
    xQueueGenericSend                        0x08005095   Thumb Code   346  queue.o(i.xQueueGenericSend)
    xQueueGenericSendFromISR                 0x080051f5   Thumb Code   188  queue.o(i.xQueueGenericSendFromISR)
    xTaskCheckForTimeOut                     0x080052b1   Thumb Code   102  tasks.o(i.xTaskCheckForTimeOut)
    xTaskCreate                              0x0800531d   Thumb Code    86  tasks.o(i.xTaskCreate)
    xTaskGetSchedulerState                   0x08005375   Thumb Code    22  tasks.o(i.xTaskGetSchedulerState)
    xTaskGetTickCount                        0x08005391   Thumb Code     6  tasks.o(i.xTaskGetTickCount)
    xTaskIncrementTick                       0x0800539d   Thumb Code   192  tasks.o(i.xTaskIncrementTick)
    xTaskPriorityDisinherit                  0x08005465   Thumb Code   144  tasks.o(i.xTaskPriorityDisinherit)
    xTaskRemoveFromEventList                 0x080054fd   Thumb Code   108  tasks.o(i.xTaskRemoveFromEventList)
    xTaskRemoveFromUnorderedEventList        0x08005571   Thumb Code   110  tasks.o(i.xTaskRemoveFromUnorderedEventList)
    xTaskResumeAll                           0x080055e9   Thumb Code   182  tasks.o(i.xTaskResumeAll)
    xTimerCreateTimerTask                    0x080056ad   Thumb Code    56  timers.o(i.xTimerCreateTimerTask)
    xTimerGenericCommand                     0x080056f5   Thumb Code    98  timers.o(i.xTimerGenericCommand)
    xTimerPendFunctionCallFromISR            0x0800575d   Thumb Code    34  timers.o(i.xTimerPendFunctionCallFromISR)
    PLLMulTable                              0x08005784   Data           9  system_stm32l1xx.o(.constdata)
    AHBPrescTable                            0x0800578d   Data          16  system_stm32l1xx.o(.constdata)
    APBPrescTable                            0x0800579d   Data           8  system_stm32l1xx.o(.constdata)
    Region$$Table$$Base                      0x080058b0   Number         0  anon$$obj.o(Region$$Table)
    Region$$Table$$Limit                     0x080058d0   Number         0  anon$$obj.o(Region$$Table)
    SystemCoreClock                          0x20000000   Data           4  system_stm32l1xx.o(.data)
    uart_map_array                           0x20000014   Data         120  uart-core.o(.data)
    uwTick                                   0x2000008c   Data           4  stm32l1xx_hal.o(.data)
    defaultTaskHandle                        0x20000090   Data           4  main.o(.data)
    pxCurrentTCB                             0x200000c0   Data           4  tasks.o(.data)
    __stdout                                 0x20000110   Data           4  stdout.o(.data)
    uart_queue1                              0x2000033c   Data         100  uart-core.o(.bss)
    uart_queue2                              0x200003a0   Data         100  uart-core.o(.bss)
    uart_queue3                              0x20000404   Data         100  uart-core.o(.bss)
    huart1                                   0x20000468   Data          64  main.o(.bss)
    huart2                                   0x200004a8   Data          64  main.o(.bss)
    huart3                                   0x200004e8   Data          64  main.o(.bss)
    hdma_memtomem_dma1_channel1              0x20000528   Data          68  main.o(.bss)
    hdma_usart1_rx                           0x2000056c   Data          68  main.o(.bss)
    hdma_usart1_tx                           0x200005b0   Data          68  main.o(.bss)
    hdma_usart2_rx                           0x200005f4   Data          68  main.o(.bss)
    hdma_usart2_tx                           0x20000638   Data          68  main.o(.bss)
    hdma_usart3_rx                           0x2000067c   Data          68  main.o(.bss)
    hdma_usart3_tx                           0x200006c0   Data          68  main.o(.bss)
    htim2                                    0x20000704   Data          56  stm32l1xx_hal_timebase_tim.o(.bss)
    xQueueRegistry                           0x20000764   Data          80  queue.o(.bss)
    __initial_sp                             0x200028a8   Data           0  startup_stm32l151xba.o(STACK)



==============================================================================

Memory Map of the image

  Image Entry point : 0x080000f5

  Load Region LR_IROM1 (Base: 0x08000000, Size: 0x000059e4, Max: 0x00010000, ABSOLUTE)

    Execution Region ER_IROM1 (Base: 0x08000000, Size: 0x000058d0, Max: 0x00010000, ABSOLUTE)

    Base Addr    Size         Type   Attr      Idx    E Section Name        Object

    0x08000000   0x000000f4   Data   RO            3    RESET               startup_stm32l151xba.o
    0x080000f4   0x00000000   Code   RO         4081  * .ARM.Collect$$$$00000000  mc_w.l(entry.o)
    0x080000f4   0x00000004   Code   RO         4357    .ARM.Collect$$$$00000001  mc_w.l(entry2.o)
    0x080000f8   0x00000004   Code   RO         4360    .ARM.Collect$$$$00000004  mc_w.l(entry5.o)
    0x080000fc   0x00000000   Code   RO         4362    .ARM.Collect$$$$00000008  mc_w.l(entry7b.o)
    0x080000fc   0x00000000   Code   RO         4364    .ARM.Collect$$$$0000000A  mc_w.l(entry8b.o)
    0x080000fc   0x00000008   Code   RO         4365    .ARM.Collect$$$$0000000B  mc_w.l(entry9a.o)
    0x08000104   0x00000000   Code   RO         4367    .ARM.Collect$$$$0000000D  mc_w.l(entry10a.o)
    0x08000104   0x00000000   Code   RO         4369    .ARM.Collect$$$$0000000F  mc_w.l(entry11a.o)
    0x08000104   0x00000004   Code   RO         4358    .ARM.Collect$$$$00002712  mc_w.l(entry2.o)
    0x08000108   0x00000096   Code   RO         4004    .emb_text           port.o
    0x0800019e   0x00000002   PAD
    0x080001a0   0x00000024   Code   RO            4    .text               startup_stm32l151xba.o
    0x080001c4   0x00000024   Code   RO         4084    .text               mc_w.l(memcpya.o)
    0x080001e8   0x00000024   Code   RO         4086    .text               mc_w.l(memseta.o)
    0x0800020c   0x0000000e   Code   RO         4088    .text               mc_w.l(strlen.o)
    0x0800021a   0x00000012   Code   RO         4090    .text               mc_w.l(strcpy.o)
    0x0800022c   0x0000001e   Code   RO         4092    .text               mc_w.l(strncmp.o)
    0x0800024a   0x00000062   Code   RO         4374    .text               mc_w.l(uldiv.o)
    0x080002ac   0x00000024   Code   RO         4387    .text               mc_w.l(init.o)
    0x080002d0   0x0000001e   Code   RO         4389    .text               mc_w.l(llshl.o)
    0x080002ee   0x00000020   Code   RO         4391    .text               mc_w.l(llushr.o)
    0x0800030e   0x00000002   Code   RO         2671    i.BusFault_Handler  stm32l1xx_it.o
    0x08000310   0x0000000c   Code   RO         2672    i.DMA1_Channel2_IRQHandler  stm32l1xx_it.o
    0x0800031c   0x0000000c   Code   RO         2673    i.DMA1_Channel3_IRQHandler  stm32l1xx_it.o
    0x08000328   0x0000000c   Code   RO         2674    i.DMA1_Channel4_IRQHandler  stm32l1xx_it.o
    0x08000334   0x0000000c   Code   RO         2675    i.DMA1_Channel5_IRQHandler  stm32l1xx_it.o
    0x08000340   0x0000000c   Code   RO         2676    i.DMA1_Channel6_IRQHandler  stm32l1xx_it.o
    0x0800034c   0x0000000c   Code   RO         2677    i.DMA1_Channel7_IRQHandler  stm32l1xx_it.o
    0x08000358   0x0000002a   Code   RO         1543    i.DMA_SetConfig     stm32l1xx_hal_dma.o
    0x08000382   0x00000002   Code   RO         2678    i.DebugMon_Handler  stm32l1xx_it.o
    0x08000384   0x00000030   Code   RO         1544    i.HAL_DMA_Abort     stm32l1xx_hal_dma.o
    0x080003b4   0x000000a8   Code   RO         1549    i.HAL_DMA_IRQHandler  stm32l1xx_hal_dma.o
    0x0800045c   0x00000064   Code   RO         1550    i.HAL_DMA_Init      stm32l1xx_hal_dma.o
    0x080004c0   0x00000070   Code   RO         1554    i.HAL_DMA_Start_IT  stm32l1xx_hal_dma.o
    0x08000530   0x0000018c   Code   RO          526    i.HAL_GPIO_Init     stm32l1xx_hal_gpio.o
    0x080006bc   0x0000000a   Code   RO          530    i.HAL_GPIO_WritePin  stm32l1xx_hal_gpio.o
    0x080006c6   0x00000002   PAD
    0x080006c8   0x0000000c   Code   RO         1963    i.HAL_GetTick       stm32l1xx_hal.o
    0x080006d4   0x00000010   Code   RO         1964    i.HAL_IncTick       stm32l1xx_hal.o
    0x080006e4   0x00000016   Code   RO         1965    i.HAL_Init          stm32l1xx_hal.o
    0x080006fa   0x00000002   PAD
    0x080006fc   0x00000070   Code   RO         2594    i.HAL_InitTick      stm32l1xx_hal_timebase_tim.o
    0x0800076c   0x00000090   Code   RO         2634    i.HAL_MspInit       stm32l1xx_hal_msp.o
    0x080007fc   0x00000016   Code   RO          663    i.HAL_NVIC_EnableIRQ  stm32l1xx_hal_cortex.o
    0x08000812   0x00000002   PAD
    0x08000814   0x00000040   Code   RO          669    i.HAL_NVIC_SetPriority  stm32l1xx_hal_cortex.o
    0x08000854   0x00000024   Code   RO          670    i.HAL_NVIC_SetPriorityGrouping  stm32l1xx_hal_cortex.o
    0x08000878   0x000001d4   Code   RO         2252    i.HAL_RCC_ClockConfig  stm32l1xx_hal_rcc.o
    0x08000a4c   0x00000040   Code   RO         2256    i.HAL_RCC_GetClockConfig  stm32l1xx_hal_rcc.o
    0x08000a8c   0x0000000c   Code   RO         2257    i.HAL_RCC_GetHCLKFreq  stm32l1xx_hal_rcc.o
    0x08000a98   0x00000030   Code   RO         2259    i.HAL_RCC_GetPCLK1Freq  stm32l1xx_hal_rcc.o
    0x08000ac8   0x00000030   Code   RO         2260    i.HAL_RCC_GetPCLK2Freq  stm32l1xx_hal_rcc.o
    0x08000af8   0x0000008c   Code   RO         2261    i.HAL_RCC_GetSysClockFreq  stm32l1xx_hal_rcc.o
    0x08000b84   0x00000750   Code   RO         2264    i.HAL_RCC_OscConfig  stm32l1xx_hal_rcc.o
    0x080012d4   0x00000018   Code   RO          672    i.HAL_SYSTICK_CLKSourceConfig  stm32l1xx_hal_cortex.o
    0x080012ec   0x00000028   Code   RO          674    i.HAL_SYSTICK_Config  stm32l1xx_hal_cortex.o
    0x08001314   0x00000036   Code   RO          795    i.HAL_TIM_Base_Init  stm32l1xx_hal_tim.o
    0x0800134a   0x00000002   Code   RO          797    i.HAL_TIM_Base_MspInit  stm32l1xx_hal_tim.o
    0x0800134c   0x00000018   Code   RO          800    i.HAL_TIM_Base_Start_IT  stm32l1xx_hal_tim.o
    0x08001364   0x00000002   Code   RO          824    i.HAL_TIM_IC_CaptureCallback  stm32l1xx_hal_tim.o
    0x08001366   0x00000126   Code   RO          837    i.HAL_TIM_IRQHandler  stm32l1xx_hal_tim.o
    0x0800148c   0x00000002   Code   RO          840    i.HAL_TIM_OC_DelayElapsedCallback  stm32l1xx_hal_tim.o
    0x0800148e   0x00000002   Code   RO          867    i.HAL_TIM_PWM_PulseFinishedCallback  stm32l1xx_hal_tim.o
    0x08001490   0x0000000e   Code   RO         2508    i.HAL_TIM_PeriodElapsedCallback  main.o
    0x0800149e   0x00000002   Code   RO          878    i.HAL_TIM_TriggerCallback  stm32l1xx_hal_tim.o
    0x080014a0   0x00000028   Code   RO         1708    i.HAL_UART_DMAStop  stm32l1xx_hal_uart.o
    0x080014c8   0x000000a0   Code   RO          325    i.HAL_UART_ErrorCallback  uart-core.o
    0x08001568   0x000000f2   Code   RO         1713    i.HAL_UART_IRQHandler  stm32l1xx_hal_uart.o
    0x0800165a   0x0000005e   Code   RO         1714    i.HAL_UART_Init     stm32l1xx_hal_uart.o
    0x080016b8   0x00000268   Code   RO         2636    i.HAL_UART_MspInit  stm32l1xx_hal_msp.o
    0x08001920   0x00000088   Code   RO         1718    i.HAL_UART_Receive_DMA  stm32l1xx_hal_uart.o
    0x080019a8   0x00000018   Code   RO         1719    i.HAL_UART_Receive_Frame_DMA  stm32l1xx_hal_uart.o
    0x080019c0   0x00000002   Code   RO          326    i.HAL_UART_RxCpltCallback  uart-core.o
    0x080019c2   0x00000002   Code   RO          327    i.HAL_UART_RxHalfCpltCallback  uart-core.o
    0x080019c4   0x00000074   Code   RO          328    i.HAL_UART_Rx_FrameCpltCallback  uart-core.o
    0x08001a38   0x000000cc   Code   RO         1724    i.HAL_UART_Transmit  stm32l1xx_hal_uart.o
    0x08001b04   0x00000090   Code   RO         1725    i.HAL_UART_Transmit_DMA  stm32l1xx_hal_uart.o
    0x08001b94   0x0000005c   Code   RO          329    i.HAL_UART_TxCpltCallback  uart-core.o
    0x08001bf0   0x00000002   Code   RO          330    i.HAL_UART_TxHalfCpltCallback  uart-core.o
    0x08001bf2   0x00000002   Code   RO         2679    i.HardFault_Handler  stm32l1xx_it.o
    0x08001bf4   0x000000ac   Code   RO         2509    i.MX_DMA_Init       main.o
    0x08001ca0   0x00000074   Code   RO         2510    i.MX_GPIO_Init      main.o
    0x08001d14   0x00000002   Code   RO         2680    i.MemManage_Handler  stm32l1xx_it.o
    0x08001d16   0x00000002   Code   RO         2681    i.NMI_Handler       stm32l1xx_it.o
    0x08001d18   0x00000020   Code   RO          676    i.NVIC_SetPriority  stm32l1xx_hal_cortex.o
    0x08001d38   0x00000080   Code   RO         2265    i.RCC_SetFlashLatencyFromMSIRange  stm32l1xx_hal_rcc.o
    0x08001db8   0x00000034   Code   RO         2511    i.StartDefaultTask  main.o
    0x08001dec   0x00000004   Code   RO         2682    i.SysTick_Handler   stm32l1xx_it.o
    0x08001df0   0x0000007c   Code   RO         2512    i.SystemClock_Config  main.o
    0x08001e6c   0x00000050   Code   RO           14    i.SystemInit        system_stm32l1xx.o
    0x08001ebc   0x0000000c   Code   RO         2683    i.TIM2_IRQHandler   stm32l1xx_it.o
    0x08001ec8   0x0000006c   Code   RO          879    i.TIM_Base_SetConfig  stm32l1xx_hal_tim.o
    0x08001f34   0x00000030   Code   RO         1729    i.UART_DMAError     stm32l1xx_hal_uart.o
    0x08001f64   0x00000036   Code   RO         1730    i.UART_DMAReceiveCplt  stm32l1xx_hal_uart.o
    0x08001f9a   0x0000000a   Code   RO         1731    i.UART_DMARxHalfCplt  stm32l1xx_hal_uart.o
    0x08001fa4   0x0000002e   Code   RO         1732    i.UART_DMATransmitCplt  stm32l1xx_hal_uart.o
    0x08001fd2   0x0000000a   Code   RO         1733    i.UART_DMATxHalfCplt  stm32l1xx_hal_uart.o
    0x08001fdc   0x000000a8   Code   RO         1734    i.UART_Receive_IT   stm32l1xx_hal_uart.o
    0x08002084   0x000002a0   Code   RO         1735    i.UART_SetConfig    stm32l1xx_hal_uart.o
    0x08002324   0x00000066   Code   RO         1736    i.UART_Transmit_IT  stm32l1xx_hal_uart.o
    0x0800238a   0x00000092   Code   RO         1737    i.UART_WaitOnFlagUntilTimeout  stm32l1xx_hal_uart.o
    0x0800241c   0x0000000c   Code   RO         2684    i.USART1_IRQHandler  stm32l1xx_it.o
    0x08002428   0x0000000c   Code   RO         2685    i.USART2_IRQHandler  stm32l1xx_it.o
    0x08002434   0x0000000c   Code   RO         2686    i.USART3_IRQHandler  stm32l1xx_it.o
    0x08002440   0x00000002   Code   RO         2687    i.UsageFault_Handler  stm32l1xx_it.o
    0x08002442   0x0000008e   Code   RO         1738    i.UsartReceive_IDLE_IT  stm32l1xx_hal_uart.o
    0x080024d0   0x00000002   Code   RO         2513    i._Error_Handler    main.o
    0x080024d2   0x00000002   PAD
    0x080024d4   0x00000020   Code   RO         4229    i.__0printf$5       mc_w.l(printf5.o)
    0x080024f4   0x00000028   Code   RO         4231    i.__0sprintf$5      mc_w.l(printf5.o)
    0x0800251c   0x0000000e   Code   RO         4399    i.__scatterload_copy  mc_w.l(handlers.o)
    0x0800252a   0x00000002   Code   RO         4400    i.__scatterload_null  mc_w.l(handlers.o)
    0x0800252c   0x0000000e   Code   RO         4401    i.__scatterload_zeroinit  mc_w.l(handlers.o)
    0x0800253a   0x00000002   PAD
    0x0800253c   0x000002c0   Code   RO         4236    i._printf_core      mc_w.l(printf5.o)
    0x080027fc   0x0000000a   Code   RO         4238    i._sputc            mc_w.l(printf5.o)
    0x08002806   0x00000016   Code   RO          132    i.application_start  application.o
    0x0800281c   0x000000d4   Code   RO          215    i.console_commond_register  console.o
    0x080028f0   0x00000050   Code   RO          216    i.console_read_call_back  console.o
    0x08002940   0x0000015c   Code   RO          217    i.console_task_create  console.o
    0x08002a9c   0x00000168   Code   RO          218    i.console_task_function  console.o
    0x08002c04   0x000000d4   Code   RO          291    i.create_state_task  task_state.o
    0x08002cd8   0x00000068   Code   RO         3276    i.eTaskGetState     tasks.o
    0x08002d40   0x00000018   Code   RO          219    i.fputc             console.o
    0x08002d58   0x00000068   Code   RO          220    i.help_function     console.o
    0x08002dc0   0x000000ac   Code   RO         2514    i.main              main.o
    0x08002e6c   0x0000000c   Code   RO         3622    i.makeFreeRtosPriority  cmsis_os.o
    0x08002e78   0x0000000e   Code   RO         3624    i.osDelay           cmsis_os.o
    0x08002e86   0x0000000a   Code   RO         3627    i.osKernelStart     cmsis_os.o
    0x08002e90   0x00000014   Code   RO         3660    i.osSystickHandler  cmsis_os.o
    0x08002ea4   0x0000002e   Code   RO         3661    i.osThreadCreate    cmsis_os.o
    0x08002ed2   0x00000002   PAD
    0x08002ed4   0x0000006c   Code   RO          221    i.parsing_console_string  console.o
    0x08002f40   0x00000070   Code   RO         3278    i.prvAddCurrentTaskToDelayedList  tasks.o
    0x08002fb0   0x000000d0   Code   RO         3279    i.prvAddNewTaskToReadyList  tasks.o
    0x08003080   0x00000050   Code   RO         2793    i.prvCheckForValidListAndQueue  timers.o
    0x080030d0   0x00000050   Code   RO         3280    i.prvCheckTasksWaitingTermination  tasks.o
    0x08003120   0x00000026   Code   RO         3064    i.prvCopyDataFromQueue  queue.o
    0x08003146   0x0000006c   Code   RO         3065    i.prvCopyDataToQueue  queue.o
    0x080031b2   0x00000014   Code   RO         3281    i.prvDeleteTCB      tasks.o
    0x080031c6   0x00000002   PAD
    0x080031c8   0x0000004c   Code   RO         3227    i.prvHeapInit       heap_4.o
    0x08003214   0x00000028   Code   RO         3282    i.prvIdleTask       tasks.o
    0x0800323c   0x0000009e   Code   RO         3283    i.prvInitialiseNewTask  tasks.o
    0x080032da   0x00000002   PAD
    0x080032dc   0x0000004c   Code   RO         3228    i.prvInsertBlockIntoFreeList  heap_4.o
    0x08003328   0x00000038   Code   RO         2794    i.prvInsertTimerInActiveList  timers.o
    0x08003360   0x0000001c   Code   RO         3066    i.prvIsQueueEmpty   queue.o
    0x0800337c   0x00000058   Code   RO         3284    i.prvListTasksWithinSingleList  tasks.o
    0x080033d4   0x000000c8   Code   RO         2795    i.prvProcessReceivedCommands  timers.o
    0x0800349c   0x000000b4   Code   RO         2796    i.prvProcessTimerOrBlockTask  timers.o
    0x08003550   0x00000020   Code   RO         3285    i.prvResetNextTaskUnblockTime  tasks.o
    0x08003570   0x00000028   Code   RO         2797    i.prvSampleTimeNow  timers.o
    0x08003598   0x0000006c   Code   RO         2798    i.prvSwitchTimerLists  timers.o
    0x08003604   0x00000028   Code   RO         4005    i.prvTaskExitError  port.o
    0x0800362c   0x00000034   Code   RO         3286    i.prvTaskIsTaskSuspended  tasks.o
    0x08003660   0x00000014   Code   RO         2929    i.prvTestWaitCondition  event_groups.o
    0x08003674   0x00000024   Code   RO         2799    i.prvTimerTask      timers.o
    0x08003698   0x0000006a   Code   RO         3067    i.prvUnlockQueue    queue.o
    0x08003702   0x00000022   Code   RO         3287    i.prvWriteNameToBuffer  tasks.o
    0x08003724   0x000000d8   Code   RO         3229    i.pvPortMalloc      heap_4.o
    0x080037fc   0x00000018   Code   RO         3288    i.pvTaskIncrementMutexHeldCount  tasks.o
    0x08003814   0x00000024   Code   RO         4006    i.pxPortInitialiseStack  port.o
    0x08003838   0x00000058   Code   RO          292    i.task_state_function  task_state.o
    0x08003890   0x0000000c   Code   RO          293    i.task_uart_commond_excute_func  task_state.o
    0x0800389c   0x00000012   Code   RO          508    i.test_func_start   test-core.o
    0x080038ae   0x00000002   PAD
    0x080038b0   0x000000f8   Code   RO          427    i.test_uart11_function  test_uart1.o
    0x080039a8   0x00000094   Code   RO          428    i.test_uart1_func   test_uart1.o
    0x08003a3c   0x000000ec   Code   RO          429    i.test_uart1_function  test_uart1.o
    0x08003b28   0x00000074   Code   RO          462    i.test_uart2_func   test_uart2.o
    0x08003b9c   0x0000009c   Code   RO          463    i.test_uart2_function  test_uart2.o
    0x08003c38   0x00000074   Code   RO          485    i.test_uart3_func   test_uart3.o
    0x08003cac   0x00000108   Code   RO          486    i.test_uart3_function  test_uart3.o
    0x08003db4   0x000000a8   Code   RO          331    i.uart_core_read_register  uart-core.o
    0x08003e5c   0x00000048   Code   RO          332    i.uart_core_read_task_function  uart-core.o
    0x08003ea4   0x000001d4   Code   RO          333    i.uart_core_task_create  uart-core.o
    0x08004078   0x00000050   Code   RO          334    i.uart_get_handle   uart-core.o
    0x080040c8   0x00000068   Code   RO          335    i.uart_read_one_frame_data  uart-core.o
    0x08004130   0x00000104   Code   RO          336    i.uart_write_data   uart-core.o
    0x08004234   0x00000024   Code   RO         3027    i.uxListRemove      list.o
    0x08004258   0x000000b0   Code   RO         3291    i.uxTaskGetSystemState  tasks.o
    0x08004308   0x00000018   Code   RO         3295    i.uxTaskResetEventItemValue  tasks.o
    0x08004320   0x00000004   Code   RO         2933    i.vEventGroupSetBitsCallback  event_groups.o
    0x08004324   0x00000016   Code   RO         3028    i.vListInitialise   list.o
    0x0800433a   0x00000006   Code   RO         3029    i.vListInitialiseItem  list.o
    0x08004340   0x00000030   Code   RO         3030    i.vListInsert       list.o
    0x08004370   0x00000018   Code   RO         3031    i.vListInsertEnd    list.o
    0x08004388   0x00000040   Code   RO         4008    i.vPortEnterCritical  port.o
    0x080043c8   0x00000028   Code   RO         4009    i.vPortExitCritical  port.o
    0x080043f0   0x0000005c   Code   RO         3230    i.vPortFree         heap_4.o
    0x0800444c   0x00000020   Code   RO         4010    i.vPortSetupTimerInterrupt  port.o
    0x0800446c   0x00000054   Code   RO         4011    i.vPortValidateInterruptPriority  port.o
    0x080044c0   0x00000028   Code   RO         3073    i.vQueueAddToRegistry  queue.o
    0x080044e8   0x00000044   Code   RO         3077    i.vQueueWaitForMessageRestricted  queue.o
    0x0800452c   0x0000004c   Code   RO         3296    i.vTaskDelay        tasks.o
    0x08004578   0x000000ac   Code   RO         3297    i.vTaskDelete       tasks.o
    0x08004624   0x00000080   Code   RO         3299    i.vTaskGetInfo      tasks.o
    0x080046a4   0x000000b4   Code   RO         3300    i.vTaskGetRunTimeStats  tasks.o
    0x08004758   0x000000bc   Code   RO         3301    i.vTaskList         tasks.o
    0x08004814   0x0000000c   Code   RO         3302    i.vTaskMissedYield  tasks.o
    0x08004820   0x00000030   Code   RO         3304    i.vTaskPlaceOnEventList  tasks.o
    0x08004850   0x00000038   Code   RO         3305    i.vTaskPlaceOnEventListRestricted  tasks.o
    0x08004888   0x00000050   Code   RO         3306    i.vTaskPlaceOnUnorderedEventList  tasks.o
    0x080048d8   0x00000084   Code   RO         3307    i.vTaskPriorityInherit  tasks.o
    0x0800495c   0x0000007c   Code   RO         3309    i.vTaskResume       tasks.o
    0x080049d8   0x00000024   Code   RO         3311    i.vTaskSetTimeOutState  tasks.o
    0x080049fc   0x00000078   Code   RO         3312    i.vTaskStartScheduler  tasks.o
    0x08004a74   0x000000b0   Code   RO         3313    i.vTaskSuspend      tasks.o
    0x08004b24   0x00000010   Code   RO         3314    i.vTaskSuspendAll   tasks.o
    0x08004b34   0x00000078   Code   RO         3315    i.vTaskSwitchContext  tasks.o
    0x08004bac   0x00000040   Code   RO         2934    i.xEventGroupClearBits  event_groups.o
    0x08004bec   0x0000001a   Code   RO         2936    i.xEventGroupCreate  event_groups.o
    0x08004c06   0x0000008c   Code   RO         2938    i.xEventGroupSetBits  event_groups.o
    0x08004c92   0x00000002   PAD
    0x08004c94   0x00000010   Code   RO         2939    i.xEventGroupSetBitsFromISR  event_groups.o
    0x08004ca4   0x00000108   Code   RO         2941    i.xEventGroupWaitBits  event_groups.o
    0x08004dac   0x00000074   Code   RO         4012    i.xPortStartScheduler  port.o
    0x08004e20   0x0000002c   Code   RO         4013    i.xPortSysTickHandler  port.o
    0x08004e4c   0x00000052   Code   RO         3079    i.xQueueGenericCreate  queue.o
    0x08004e9e   0x00000002   PAD
    0x08004ea0   0x0000016c   Code   RO         3080    i.xQueueGenericReceive  queue.o
    0x0800500c   0x00000088   Code   RO         3081    i.xQueueGenericReset  queue.o
    0x08005094   0x00000160   Code   RO         3082    i.xQueueGenericSend  queue.o
    0x080051f4   0x000000bc   Code   RO         3083    i.xQueueGenericSendFromISR  queue.o
    0x080052b0   0x0000006c   Code   RO         3316    i.xTaskCheckForTimeOut  tasks.o
    0x0800531c   0x00000056   Code   RO         3317    i.xTaskCreate       tasks.o
    0x08005372   0x00000002   PAD
    0x08005374   0x0000001c   Code   RO         3321    i.xTaskGetSchedulerState  tasks.o
    0x08005390   0x0000000c   Code   RO         3322    i.xTaskGetTickCount  tasks.o
    0x0800539c   0x000000c8   Code   RO         3324    i.xTaskIncrementTick  tasks.o
    0x08005464   0x00000098   Code   RO         3327    i.xTaskPriorityDisinherit  tasks.o
    0x080054fc   0x00000074   Code   RO         3328    i.xTaskRemoveFromEventList  tasks.o
    0x08005570   0x00000078   Code   RO         3329    i.xTaskRemoveFromUnorderedEventList  tasks.o
    0x080055e8   0x000000c4   Code   RO         3330    i.xTaskResumeAll    tasks.o
    0x080056ac   0x00000048   Code   RO         2803    i.xTimerCreateTimerTask  timers.o
    0x080056f4   0x00000068   Code   RO         2804    i.xTimerGenericCommand  timers.o
    0x0800575c   0x00000028   Code   RO         2810    i.xTimerPendFunctionCallFromISR  timers.o
    0x08005784   0x00000019   Data   RO           15    .constdata          system_stm32l1xx.o
    0x0800579d   0x00000008   Data   RO           16    .constdata          system_stm32l1xx.o
    0x080057a5   0x00000003   PAD
    0x080057a8   0x00000014   Data   RO          223    .constdata          console.o
    0x080057bc   0x00000014   Data   RO          294    .constdata          task_state.o
    0x080057d0   0x00000014   Data   RO          340    .constdata          uart-core.o
    0x080057e4   0x00000028   Data   RO          430    .constdata          test_uart1.o
    0x0800580c   0x00000014   Data   RO          464    .constdata          test_uart2.o
    0x08005820   0x00000014   Data   RO          487    .constdata          test_uart3.o
    0x08005834   0x00000014   Data   RO         2522    .constdata          main.o
    0x08005848   0x0000000d   Data   RO          224    .conststring        console.o
    0x08005855   0x00000003   PAD
    0x08005858   0x0000000b   Data   RO          295    .conststring        task_state.o
    0x08005863   0x00000001   PAD
    0x08005864   0x0000000f   Data   RO          341    .conststring        uart-core.o
    0x08005873   0x00000001   PAD
    0x08005874   0x00000017   Data   RO          431    .conststring        test_uart1.o
    0x0800588b   0x00000001   PAD
    0x0800588c   0x0000000b   Data   RO          465    .conststring        test_uart2.o
    0x08005897   0x00000001   PAD
    0x08005898   0x0000000b   Data   RO          488    .conststring        test_uart3.o
    0x080058a3   0x00000001   PAD
    0x080058a4   0x0000000c   Data   RO         2523    .conststring        main.o
    0x080058b0   0x00000020   Data   RO         4397    Region$$Table       anon$$obj.o


    Execution Region RW_IRAM1 (Base: 0x20000000, Size: 0x000028a8, Max: 0x00008000, ABSOLUTE)

    Base Addr    Size         Type   Attr      Idx    E Section Name        Object

    0x20000000   0x00000004   Data   RW           17    .data               system_stm32l1xx.o
    0x20000004   0x00000001   Data   RW          225    .data               console.o
    0x20000005   0x00000003   PAD
    0x20000008   0x00000004   Data   RW          296    .data               task_state.o
    0x2000000c   0x00000080   Data   RW          342    .data               uart-core.o
    0x2000008c   0x00000004   Data   RW         1971    .data               stm32l1xx_hal.o
    0x20000090   0x00000004   Data   RW         2524    .data               main.o
    0x20000094   0x00000014   Data   RW         2812    .data               timers.o
    0x200000a8   0x00000018   Data   RW         3235    .data               heap_4.o
    0x200000c0   0x00000044   Data   RW         3333    .data               tasks.o
    0x20000104   0x0000000c   Data   RW         4014    .data               port.o
    0x20000110   0x00000004   Data   RW         4371    .data               mc_w.l(stdout.o)
    0x20000114   0x00000228   Zero   RW          222    .bss                console.o
    0x2000033c   0x00000064   Zero   RW          337    .bss                uart-core.o
    0x200003a0   0x00000064   Zero   RW          338    .bss                uart-core.o
    0x20000404   0x00000064   Zero   RW          339    .bss                uart-core.o
    0x20000468   0x00000104   Zero   RW         2515    .bss                main.o
    0x2000056c   0x00000044   Zero   RW         2516    .bss                main.o
    0x200005b0   0x00000044   Zero   RW         2517    .bss                main.o
    0x200005f4   0x00000044   Zero   RW         2518    .bss                main.o
    0x20000638   0x00000044   Zero   RW         2519    .bss                main.o
    0x2000067c   0x00000044   Zero   RW         2520    .bss                main.o
    0x200006c0   0x00000044   Zero   RW         2521    .bss                main.o
    0x20000704   0x00000038   Zero   RW         2597    .bss                stm32l1xx_hal_timebase_tim.o
    0x2000073c   0x00000028   Zero   RW         2811    .bss                timers.o
    0x20000764   0x00000050   Zero   RW         3089    .bss                queue.o
    0x200007b4   0x00001c00   Zero   RW         3234    .bss                heap_4.o
    0x200023b4   0x000000f0   Zero   RW         3332    .bss                tasks.o
    0x200024a4   0x00000004   PAD
    0x200024a8   0x00000400   Zero   RW            1    STACK               startup_stm32l151xba.o


==============================================================================

Image component sizes


      Code (inc. data)   RO Data    RW Data    ZI Data      Debug   Object Name

        22          0          0          0          0      20992   application.o
       102          0          0          0          0      13052   cmsis_os.o
      1236        562         33          1        552       9862   console.o
       534          8          0          0          0      15831   event_groups.o
       460         24          0         24       7168       4567   heap_4.o
       136          0          0          0          0       3290   list.o
       652         60         32          4        668       5155   main.o
       606         72          0         12          0      10825   port.o
      1510         20          0          0         80      13685   queue.o
        36          8        244          0       1024        792   startup_stm32l151xba.o
        50         12          0          4          0       2396   stm32l1xx_hal.o
       218         14          0          0          0      27885   stm32l1xx_hal_cortex.o
       470          8          0          0          0       4035   stm32l1xx_hal_dma.o
       406         32          0          0          0       2272   stm32l1xx_hal_gpio.o
       760         84          0          0          0       2257   stm32l1xx_hal_msp.o
      2780        124          0          0          0       7645   stm32l1xx_hal_rcc.o
       490         22          0          0          0       6373   stm32l1xx_hal_tim.o
       112         12          0          0         56       1392   stm32l1xx_hal_timebase_tim.o
      2282         34          0          0          0      13013   stm32l1xx_hal_uart.o
       136         60          0          0          0       7007   stm32l1xx_it.o
        80         18         33          4          0     359011   system_stm32l1xx.o
       312        156         31          4          0       5742   task_state.o
      3834        326          0         68        240      34800   tasks.o
        18          0          0          0          0        478   test-core.o
       632        400         63          0          0       3279   test_uart1.o
       272        174         31          0          0       1464   test_uart2.o
       380        252         31          0          0       1464   test_uart3.o
       916         88          0         20         40      19639   timers.o
      1526        494         35        128        300      11561   uart-core.o

    ----------------------------------------------------------------------
     20992       3064        576        272      10132     609764   Object Totals
         0          0         32          0          0          0   (incl. Generated)
        24          0         11          3          4          0   (incl. Padding)

    ----------------------------------------------------------------------

      Code (inc. data)   RO Data    RW Data    ZI Data      Debug   Library Member Name

         0          0          0          0          0          0   entry.o
         0          0          0          0          0          0   entry10a.o
         0          0          0          0          0          0   entry11a.o
         8          4          0          0          0          0   entry2.o
         4          0          0          0          0          0   entry5.o
         0          0          0          0          0          0   entry7b.o
         0          0          0          0          0          0   entry8b.o
         8          4          0          0          0          0   entry9a.o
        30          0          0          0          0          0   handlers.o
        36          8          0          0          0         68   init.o
        30          0          0          0          0         68   llshl.o
        32          0          0          0          0         68   llushr.o
        36          0          0          0          0         68   memcpya.o
        36          0          0          0          0        108   memseta.o
       786         62          0          0          0        336   printf5.o
         0          0          0          4          0          0   stdout.o
        18          0          0          0          0         68   strcpy.o
        14          0          0          0          0         68   strlen.o
        30          0          0          0          0         80   strncmp.o
        98          0          0          0          0         92   uldiv.o

    ----------------------------------------------------------------------
      1168         78          0          4          0       1024   Library Totals
         2          0          0          0          0          0   (incl. Padding)

    ----------------------------------------------------------------------

      Code (inc. data)   RO Data    RW Data    ZI Data      Debug   Library Name

      1166         78          0          4          0       1024   mc_w.l

    ----------------------------------------------------------------------
      1168         78          0          4          0       1024   Library Totals

    ----------------------------------------------------------------------

==============================================================================


      Code (inc. data)   RO Data    RW Data    ZI Data      Debug   

     22160       3142        576        276      10132     600280   Grand Totals
     22160       3142        576        276      10132     600280   ELF Image Totals
     22160       3142        576        276          0          0   ROM Totals

==============================================================================

    Total RO  Size (Code + RO Data)                22736 (  22.20kB)
    Total RW  Size (RW Data + ZI Data)             10408 (  10.16kB)
    Total ROM Size (Code + RO Data + RW Data)      23012 (  22.47kB)

==============================================================================

