<html>
<body>
<pre>
<h1>µVision Build Log</h1>
<h2>Tool Versions:</h2>
IDE-Version: ¦ÌVision V5.21.1.0
Copyright (C) 2016 ARM Ltd and ARM Germany GmbH. All rights reserved.
License Information: wang carl, vision, LIC=P6FZ9-412UA-051TY-IS9TL-2AWNN-AADAN
 
Tool Versions:
Toolchain:       MDK-ARM Professional  Version: 5.21a
Toolchain Path:  D:\keil_v5\ARM\ARMCC\Bin
C Compiler:      Armcc.exe V5.06 update 3 (build 300)
Assembler:       Armasm.exe V5.06 update 3 (build 300)
Linker/Locator:  ArmLink.exe V5.06 update 3 (build 300)
Library Manager: ArmAr.exe V5.06 update 3 (build 300)
Hex Converter:   FromElf.exe V5.06 update 3 (build 300)
CPU DLL:         SARMCM3.DLL V5.21a
Dialog DLL:      DCM.DLL V1.13.8.0
Target DLL:      Segger\JL2CM3.dll V2.99.23.0
Dialog DLL:      TCM.DLL V1.14.14.0
 
<h2>Project:</h2>
G:\wkf\xiaopin\stm32c8t6\stm32c8t6\MDK-ARM\stm32c8t6.uvprojx
Project File Date:  08/30/2018

<h2>Output:</h2>
*** Using Compiler 'V5.06 update 3 (build 300)', folder: 'D:\keil_v5\ARM\ARMCC\Bin'
Rebuild target 'stm32c8t6'
assembling startup_stm32l151xba.s...
compiling test_uart1.c...
compiling task_state.c...
compiling test_uart2.c...
compiling test_uart3.c...
compiling system_stm32l1xx.c...
compiling test-core.c...
compiling application.c...
compiling console.c...
compiling uart-core.c...
compiling at_commond_praser.c...
..\application\module\at_commond_praser.h(10): warning:  #1295-D: Deprecated declaration at_commond_praser_start - give arg types
  void at_commond_praser_start();
..\application\module\at_commond_praser.h(11): warning:  #1295-D: Deprecated declaration at_commond_praser_stop - give arg types
  void at_commond_praser_stop();
..\application\module\at_commond_praser.h(17): warning:  #1-D: last line of file ends without a newline
  #endif
..\application\module\at_commond_praser.c: 3 warnings, 0 errors
compiling A9500_iot_module.c...
compiling ble_bluetooth.c...
..\application\ble_bluetooth.c(65): warning:  #68-D: integer conversion resulted in a change of sign
  		ret = RET_ERROR;
..\application\ble_bluetooth.c(77): warning:  #68-D: integer conversion resulted in a change of sign
  				ret = RET_ERROR;
..\application\ble_bluetooth.c: 2 warnings, 0 errors
compiling motor_module.c...
compiling ble_bluetooth_module.c...
compiling stm32l1xx_hal_gpio.c...
compiling stm32l1xx_hal_flash_ramfunc.c...
compiling stm32l1xx_hal_cortex.c...
compiling stm32l1xx_hal_pwr_ex.c...
compiling stm32l1xx_hal.c...
compiling stm32l1xx_hal_dma.c...
compiling stm32l1xx_hal_rcc_ex.c...
compiling stm32l1xx_hal_flash_ex.c...
compiling stm32l1xx_hal_uart.c...
../Drivers/STM32L1xx_HAL_Driver/Src/stm32l1xx_hal_uart.c(1615): warning:  #177-D: variable "tmp_it_source" was declared but never referenced
    uint32_t tmp_it_source;
../Drivers/STM32L1xx_HAL_Driver/Src/stm32l1xx_hal_uart.c(1886): warning:  #940-D: missing return statement at end of non-void function "UsartReceive_IDLE_IT"
  }  
../Drivers/STM32L1xx_HAL_Driver/Src/stm32l1xx_hal_uart.c: 2 warnings, 0 errors
compiling stm32l1xx_hal_tim.c...
compiling freertos.c...
compiling stm32l1xx_hal_flash.c...
compiling stm32l1xx_hal_tim_ex.c...
compiling stm32l1xx_hal_pwr.c...
compiling main.c...
compiling stm32l1xx_hal_rcc.c...
compiling stm32l1xx_hal_timebase_TIM.c...
compiling list.c...
compiling event_groups.c...
compiling timers.c...
compiling stm32l1xx_it.c...
compiling stm32l1xx_hal_msp.c...
compiling heap_4.c...
compiling queue.c...
compiling croutine.c...
compiling port.c...
compiling cmsis_os.c...
compiling tasks.c...
linking...
Program Size: Code=22364 RO-data=512 RW-data=284 ZI-data=10244  
FromELF: creating hex file...
"stm32c8t6\stm32c8t6.axf" - 0 Error(s), 7 Warning(s).

<h2>Software Packages used:</h2>

Package Vendor: ARM
                http://www.keil.com/pack/ARM.CMSIS.4.5.0.pack
                ARM::CMSIS:CORE:4.3.0
                CMSIS (Cortex Microcontroller Software Interface Standard)
   * Component: CORE Version: 4.3.0

<h2>Collection of Component include folders:</h2>
  G:\wkf\xiaopin\stm32c8t6\stm32c8t6\MDK-ARM\RTE
  D:\keil_v5\ARM\PACK\ARM\CMSIS\4.5.0\CMSIS\Include
  D:\keil_v5\ARM\PACK\Keil\STM32L1xx_DFP\1.2.0\Device\Include

<h2>Collection of Component Files used:</h2>

   * Component: ARM::CMSIS:CORE:4.3.0
Build Time Elapsed:  00:00:03
</pre>
</body>
</html>
